Copyright 1986-2019 Xilinx, Inc. All Rights Reserved.
----------------------------------------------------------------------------------------------
| Tool Version : Vivado v.2019.2 (lin64) Build 2708876 Wed Nov  6 21:39:14 MST 2019
| Date         : Tue Jun  9 15:35:42 2020
| Host         : patricknaughton01 running 64-bit Ubuntu 18.04.4 LTS
| Command      : report_clock_utilization -file design_1_wrapper_clock_utilization_routed.rpt
| Design       : design_1_wrapper
| Device       : 7z020-clg484
| Speed File   : -1  PRODUCTION 1.11 2014-09-11
| Design State : Routed
----------------------------------------------------------------------------------------------

Clock Utilization Report

Table of Contents
-----------------
1. Clock Primitive Utilization
2. Global Clock Resources
3. Global Clock Source Details
4. Local Clock Details
5. Clock Regions: Key Resource Utilization
6. Clock Regions : Global Clock Summary
7. Device Cell Placement Summary for Global Clock g0
8. Device Cell Placement Summary for Global Clock g1
9. Device Cell Placement Summary for Global Clock g2
10. Clock Region Cell Placement per Global Clock: Region X0Y0
11. Clock Region Cell Placement per Global Clock: Region X1Y0
12. Clock Region Cell Placement per Global Clock: Region X0Y1
13. Clock Region Cell Placement per Global Clock: Region X1Y1
14. Clock Region Cell Placement per Global Clock: Region X0Y2
15. Clock Region Cell Placement per Global Clock: Region X1Y2

1. Clock Primitive Utilization
------------------------------

+----------+------+-----------+-----+--------------+--------+
| Type     | Used | Available | LOC | Clock Region | Pblock |
+----------+------+-----------+-----+--------------+--------+
| BUFGCTRL |    3 |        32 |   0 |            0 |      0 |
| BUFH     |    0 |        72 |   0 |            0 |      0 |
| BUFIO    |    0 |        16 |   0 |            0 |      0 |
| BUFMR    |    0 |         8 |   0 |            0 |      0 |
| BUFR     |    0 |        16 |   0 |            0 |      0 |
| MMCM     |    1 |         4 |   0 |            0 |      0 |
| PLL      |    0 |         4 |   0 |            0 |      0 |
+----------+------+-----------+-----+--------------+--------+


2. Global Clock Resources
-------------------------

+-----------+-----------+-----------------+------------+----------------+--------------+-------------------+-------------+-----------------+--------------+-------------------------------+--------------------------------------------------------------------------+-------------------------------------------------------------+
| Global Id | Source Id | Driver Type/Pin | Constraint | Site           | Clock Region | Load Clock Region | Clock Loads | Non-Clock Loads | Clock Period | Clock                         | Driver Pin                                                               | Net                                                         |
+-----------+-----------+-----------------+------------+----------------+--------------+-------------------+-------------+-----------------+--------------+-------------------------------+--------------------------------------------------------------------------+-------------------------------------------------------------+
| g0        | src0      | BUFG/O          | None       | BUFGCTRL_X0Y16 | n/a          |                 6 |        1806 |               1 |       10.000 | clk_fpga_0                    | design_1_i/processing_system7_0/inst/buffer_fclk_clk_0.FCLK_CLK_0_BUFG/O | design_1_i/processing_system7_0/inst/FCLK_CLK0              |
| g1        | src1      | BUFG/O          | None       | BUFGCTRL_X0Y0  | n/a          |                 4 |         288 |               0 |       10.000 | clk_out1_design_1_clk_wiz_0_0 | design_1_i/clk_wiz_0/inst/clkout1_buf/O                                  | design_1_i/clk_wiz_0/inst/clk_out1                          |
| g2        | src1      | BUFG/O          | None       | BUFGCTRL_X0Y1  | n/a          |                 1 |           1 |               0 |       10.000 | clkfbout_design_1_clk_wiz_0_0 | design_1_i/clk_wiz_0/inst/clkf_buf/O                                     | design_1_i/clk_wiz_0/inst/clkfbout_buf_design_1_clk_wiz_0_0 |
+-----------+-----------+-----------------+------------+----------------+--------------+-------------------+-------------+-----------------+--------------+-------------------------------+--------------------------------------------------------------------------+-------------------------------------------------------------+
* Clock Loads column represents the clock pin loads (pin count)
** Non-Clock Loads column represents the non-clock pin loads (pin count)


3. Global Clock Source Details
------------------------------

+-----------+-----------+---------------------+------------+-----------------+--------------+-------------+-----------------+---------------------+-------------------------------+-------------------------------------------------------+-------------------------------------------------------------+
| Source Id | Global Id | Driver Type/Pin     | Constraint | Site            | Clock Region | Clock Loads | Non-Clock Loads | Source Clock Period | Source Clock                  | Driver Pin                                            | Net                                                         |
+-----------+-----------+---------------------+------------+-----------------+--------------+-------------+-----------------+---------------------+-------------------------------+-------------------------------------------------------+-------------------------------------------------------------+
| src0      | g0        | PS7/FCLKCLK[0]      | PS7_X0Y0   | PS7_X0Y0        | X0Y2         |           1 |               0 |              10.000 | clk_fpga_0                    | design_1_i/processing_system7_0/inst/PS7_i/FCLKCLK[0] | design_1_i/processing_system7_0/inst/FCLK_CLK_unbuffered[0] |
| src1      | g1        | MMCME2_ADV/CLKOUT0  | None       | MMCME2_ADV_X1Y0 | X1Y0         |           1 |               0 |              10.000 | clk_out1_design_1_clk_wiz_0_0 | design_1_i/clk_wiz_0/inst/mmcm_adv_inst/CLKOUT0       | design_1_i/clk_wiz_0/inst/clk_out1_design_1_clk_wiz_0_0     |
| src1      | g2        | MMCME2_ADV/CLKFBOUT | None       | MMCME2_ADV_X1Y0 | X1Y0         |           1 |               0 |              10.000 | clkfbout_design_1_clk_wiz_0_0 | design_1_i/clk_wiz_0/inst/mmcm_adv_inst/CLKFBOUT      | design_1_i/clk_wiz_0/inst/clkfbout_design_1_clk_wiz_0_0     |
+-----------+-----------+---------------------+------------+-----------------+--------------+-------------+-----------------+---------------------+-------------------------------+-------------------------------------------------------+-------------------------------------------------------------+
* Clock Loads column represents the clock pin loads (pin count)
** Non-Clock Loads column represents the non-clock pin loads (pin count)


4. Local Clock Details
----------------------

+----------+-----------------+------------+--------------------+--------------+-------------+-----------------+--------------+-------+-----------------------------------------------+-------------------------------------------------+
| Local Id | Driver Type/Pin | Constraint | Site/BEL           | Clock Region | Clock Loads | Non-Clock Loads | Clock Period | Clock | Driver Pin                                    | Net                                             |
+----------+-----------------+------------+--------------------+--------------+-------------+-----------------+--------------+-------+-----------------------------------------------+-------------------------------------------------||
| 0        | FDRE/Q          | None       | SLICE_X50Y97/A5FF  | X1Y1         |         128 |             129 |              |       | design_1_i/top_0/inst/virusEnQ_reg[0]/Q       | design_1_i/top_0/inst/virusEnQ[0]               - Static -
| 1        | FDRE/Q          | None       | SLICE_X48Y111/AFF  | X0Y2         |         128 |             129 |              |       | design_1_i/top_0/inst/virusEnQ_reg[100]/Q     | design_1_i/top_0/inst/virusEnQ[100]             - Static -
| 2        | FDRE/Q          | None       | SLICE_X48Y111/CFF  | X0Y2         |         128 |             129 |              |       | design_1_i/top_0/inst/virusEnQ_reg[102]/Q     | design_1_i/top_0/inst/virusEnQ[102]             - Static -
| 3        | FDRE/Q          | None       | SLICE_X51Y111/AFF  | X1Y2         |         128 |             129 |              |       | design_1_i/top_0/inst/virusEnQ_reg[104]/Q     | design_1_i/top_0/inst/virusEnQ[104]             - Static -
| 4        | FDRE/Q          | None       | SLICE_X56Y111/AFF  | X1Y2         |         128 |             129 |              |       | design_1_i/top_0/inst/virusEnQ_reg[106]/Q     | design_1_i/top_0/inst/virusEnQ[106]             - Static -
| 5        | FDRE/Q          | None       | SLICE_X59Y110/AFF  | X1Y2         |         128 |             129 |              |       | design_1_i/top_0/inst/virusEnQ_reg[108]/Q     | design_1_i/top_0/inst/virusEnQ[108]             - Static -
| 6        | FDRE/Q          | None       | SLICE_X55Y96/AFF   | X1Y1         |         128 |             129 |              |       | design_1_i/top_0/inst/virusEnQ_reg[10]/Q      | design_1_i/top_0/inst/virusEnQ[10]              - Static -
| 7        | FDRE/Q          | None       | SLICE_X50Y110/AFF  | X1Y2         |         128 |             129 |              |       | design_1_i/top_0/inst/virusEnQ_reg[112]/Q     | design_1_i/top_0/inst/virusEnQ[112]             - Static -
| 8        | FDRE/Q          | None       | SLICE_X51Y111/BFF  | X1Y2         |         128 |             129 |              |       | design_1_i/top_0/inst/virusEnQ_reg[114]/Q     | design_1_i/top_0/inst/virusEnQ[114]             - Static -
| 9        | FDRE/Q          | None       | SLICE_X51Y111/DFF  | X1Y2         |         128 |             129 |              |       | design_1_i/top_0/inst/virusEnQ_reg[118]/Q     | design_1_i/top_0/inst/virusEnQ[118]             - Static -
| 10       | FDRE/Q          | None       | SLICE_X52Y110/DFF  | X1Y2         |         128 |             131 |              |       | design_1_i/top_0/inst/virusEnQ_reg[127]/Q     | design_1_i/top_0/inst/virusEnQ[127]             - Static -
| 11       | FDRE/Q          | None       | SLICE_X56Y100/A5FF | X1Y2         |         128 |             129 |              |       | design_1_i/top_0/inst/virusEnQ_reg[12]/Q      | design_1_i/top_0/inst/virusEnQ[12]              - Static -
| 12       | FDRE/Q          | None       | SLICE_X57Y98/AFF   | X1Y1         |         128 |             129 |              |       | design_1_i/top_0/inst/virusEnQ_reg[14]/Q      | design_1_i/top_0/inst/virusEnQ[14]              - Static -
| 13       | FDRE/Q          | None       | SLICE_X57Y98/BFF   | X1Y1         |         128 |             129 |              |       | design_1_i/top_0/inst/virusEnQ_reg[16]/Q      | design_1_i/top_0/inst/virusEnQ[16]              - Static -
| 14       | FDRE/Q          | None       | SLICE_X57Y98/CFF   | X1Y1         |         128 |             129 |              |       | design_1_i/top_0/inst/virusEnQ_reg[18]/Q      | design_1_i/top_0/inst/virusEnQ[18]              - Static -
| 15       | FDRE/Q          | None       | SLICE_X57Y100/B5FF | X1Y2         |         128 |             129 |              |       | design_1_i/top_0/inst/virusEnQ_reg[20]/Q      | design_1_i/top_0/inst/virusEnQ[20]              - Static -
| 16       | FDRE/Q          | None       | SLICE_X56Y98/A5FF  | X1Y1         |         128 |             129 |              |       | design_1_i/top_0/inst/virusEnQ_reg[22]/Q      | design_1_i/top_0/inst/virusEnQ[22]              - Static -
| 17       | FDRE/Q          | None       | SLICE_X56Y100/B5FF | X1Y2         |         128 |             129 |              |       | design_1_i/top_0/inst/virusEnQ_reg[24]/Q      | design_1_i/top_0/inst/virusEnQ[24]              - Static -
| 18       | FDRE/Q          | None       | SLICE_X58Y99/AFF   | X1Y1         |         128 |             129 |              |       | design_1_i/top_0/inst/virusEnQ_reg[26]/Q      | design_1_i/top_0/inst/virusEnQ[26]              - Static -
| 19       | FDRE/Q          | None       | SLICE_X57Y100/C5FF | X1Y2         |         128 |             129 |              |       | design_1_i/top_0/inst/virusEnQ_reg[28]/Q      | design_1_i/top_0/inst/virusEnQ[28]              - Static -
| 20       | FDRE/Q          | None       | SLICE_X54Y96/BFF   | X1Y1         |         128 |             129 |              |       | design_1_i/top_0/inst/virusEnQ_reg[2]/Q       | design_1_i/top_0/inst/virusEnQ[2]               - Static -
| 21       | FDRE/Q          | None       | SLICE_X59Y101/AFF  | X1Y2         |         128 |             129 |              |       | design_1_i/top_0/inst/virusEnQ_reg[30]/Q      | design_1_i/top_0/inst/virusEnQ[30]              - Static -
| 22       | FDRE/Q          | None       | SLICE_X59Y101/CFF  | X1Y2         |         128 |             129 |              |       | design_1_i/top_0/inst/virusEnQ_reg[32]/Q      | design_1_i/top_0/inst/virusEnQ[32]              - Static -
| 23       | FDRE/Q          | None       | SLICE_X59Y102/AFF  | X1Y2         |         128 |             129 |              |       | design_1_i/top_0/inst/virusEnQ_reg[34]/Q      | design_1_i/top_0/inst/virusEnQ[34]              - Static -
| 24       | FDRE/Q          | None       | SLICE_X58Y99/DFF   | X1Y1         |         128 |             129 |              |       | design_1_i/top_0/inst/virusEnQ_reg[36]/Q      | design_1_i/top_0/inst/virusEnQ[36]              - Static -
| 25       | FDRE/Q          | None       | SLICE_X59Y103/AFF  | X1Y2         |         128 |             129 |              |       | design_1_i/top_0/inst/virusEnQ_reg[38]/Q      | design_1_i/top_0/inst/virusEnQ[38]              - Static -
| 26       | FDRE/Q          | None       | SLICE_X60Y104/AFF  | X1Y2         |         128 |             129 |              |       | design_1_i/top_0/inst/virusEnQ_reg[40]/Q      | design_1_i/top_0/inst/virusEnQ[40]              - Static -
| 27       | FDRE/Q          | None       | SLICE_X59Y102/CFF  | X1Y2         |         128 |             129 |              |       | design_1_i/top_0/inst/virusEnQ_reg[42]/Q      | design_1_i/top_0/inst/virusEnQ[42]              - Static -
| 28       | FDRE/Q          | None       | SLICE_X59Y103/BFF  | X1Y2         |         128 |             129 |              |       | design_1_i/top_0/inst/virusEnQ_reg[44]/Q      | design_1_i/top_0/inst/virusEnQ[44]              - Static -
| 29       | FDRE/Q          | None       | SLICE_X59Y104/A5FF | X1Y2         |         128 |             129 |              |       | design_1_i/top_0/inst/virusEnQ_reg[46]/Q      | design_1_i/top_0/inst/virusEnQ[46]              - Static -
| 30       | FDRE/Q          | None       | SLICE_X60Y104/CFF  | X1Y2         |         128 |             129 |              |       | design_1_i/top_0/inst/virusEnQ_reg[48]/Q      | design_1_i/top_0/inst/virusEnQ[48]              - Static -
| 31       | FDRE/Q          | None       | SLICE_X54Y96/CFF   | X1Y1         |         128 |             129 |              |       | design_1_i/top_0/inst/virusEnQ_reg[4]/Q       | design_1_i/top_0/inst/virusEnQ[4]               - Static -
| 32       | FDRE/Q          | None       | SLICE_X57Y103/A5FF | X1Y2         |         128 |             129 |              |       | design_1_i/top_0/inst/virusEnQ_reg[50]/Q      | design_1_i/top_0/inst/virusEnQ[50]              - Static -
| 33       | FDRE/Q          | None       | SLICE_X59Y102/A5FF | X1Y2         |         128 |             129 |              |       | design_1_i/top_0/inst/virusEnQ_reg[52]/Q      | design_1_i/top_0/inst/virusEnQ[52]              - Static -
| 34       | FDRE/Q          | None       | SLICE_X59Y103/DFF  | X1Y2         |         128 |             129 |              |       | design_1_i/top_0/inst/virusEnQ_reg[54]/Q      | design_1_i/top_0/inst/virusEnQ[54]              - Static -
| 35       | FDRE/Q          | None       | SLICE_X58Y106/A5FF | X1Y2         |         128 |             129 |              |       | design_1_i/top_0/inst/virusEnQ_reg[56]/Q      | design_1_i/top_0/inst/virusEnQ[56]              - Static -
| 36       | FDRE/Q          | None       | SLICE_X58Y107/BFF  | X1Y2         |         128 |             129 |              |       | design_1_i/top_0/inst/virusEnQ_reg[59]/Q      | design_1_i/top_0/inst/virusEnQ[59]              - Static -
| 37       | FDRE/Q          | None       | SLICE_X60Y108/AFF  | X1Y2         |         128 |             129 |              |       | design_1_i/top_0/inst/virusEnQ_reg[61]/Q      | design_1_i/top_0/inst/virusEnQ[61]              - Static -
| 38       | FDRE/Q          | None       | SLICE_X56Y105/A5FF | X1Y2         |         128 |             129 |              |       | design_1_i/top_0/inst/virusEnQ_reg[63]/Q      | design_1_i/top_0/inst/virusEnQ[63]              - Static -
| 39       | FDRE/Q          | None       | SLICE_X48Y104/BFF  | X0Y2         |         128 |             129 |              |       | design_1_i/top_0/inst/virusEnQ_reg[65]/Q      | design_1_i/top_0/inst/virusEnQ[65]              - Static -
| 40       | FDRE/Q          | None       | SLICE_X50Y108/A5FF | X1Y2         |         128 |             129 |              |       | design_1_i/top_0/inst/virusEnQ_reg[67]/Q      | design_1_i/top_0/inst/virusEnQ[67]              - Static -
| 41       | FDRE/Q          | None       | SLICE_X50Y100/AFF  | X1Y2         |         128 |             129 |              |       | design_1_i/top_0/inst/virusEnQ_reg[69]/Q      | design_1_i/top_0/inst/virusEnQ[69]              - Static -
| 42       | FDRE/Q          | None       | SLICE_X56Y97/B5FF  | X1Y1         |         128 |             129 |              |       | design_1_i/top_0/inst/virusEnQ_reg[6]/Q       | design_1_i/top_0/inst/virusEnQ[6]               - Static -
| 43       | FDRE/Q          | None       | SLICE_X49Y105/BFF  | X0Y2         |         128 |             129 |              |       | design_1_i/top_0/inst/virusEnQ_reg[71]/Q      | design_1_i/top_0/inst/virusEnQ[71]              - Static -
| 44       | FDRE/Q          | None       | SLICE_X60Y108/BFF  | X1Y2         |         128 |             129 |              |       | design_1_i/top_0/inst/virusEnQ_reg[73]/Q      | design_1_i/top_0/inst/virusEnQ[73]              - Static -
| 45       | FDRE/Q          | None       | SLICE_X57Y108/AFF  | X1Y2         |         128 |             129 |              |       | design_1_i/top_0/inst/virusEnQ_reg[75]/Q      | design_1_i/top_0/inst/virusEnQ[75]              - Static -
| 46       | FDRE/Q          | None       | SLICE_X57Y108/CFF  | X1Y2         |         128 |             129 |              |       | design_1_i/top_0/inst/virusEnQ_reg[77]/Q      | design_1_i/top_0/inst/virusEnQ[77]              - Static -
| 47       | FDRE/Q          | None       | SLICE_X57Y108/DFF  | X1Y2         |         128 |             129 |              |       | design_1_i/top_0/inst/virusEnQ_reg[79]/Q      | design_1_i/top_0/inst/virusEnQ[79]              - Static -
| 48       | FDRE/Q          | None       | SLICE_X51Y108/BFF  | X1Y2         |         128 |             129 |              |       | design_1_i/top_0/inst/virusEnQ_reg[81]/Q      | design_1_i/top_0/inst/virusEnQ[81]              - Static -
| 49       | FDRE/Q          | None       | SLICE_X50Y109/B5FF | X1Y2         |         128 |             129 |              |       | design_1_i/top_0/inst/virusEnQ_reg[83]/Q      | design_1_i/top_0/inst/virusEnQ[83]              - Static -
| 50       | FDRE/Q          | None       | SLICE_X51Y110/BFF  | X1Y2         |         128 |             129 |              |       | design_1_i/top_0/inst/virusEnQ_reg[85]/Q      | design_1_i/top_0/inst/virusEnQ[85]              - Static -
| 51       | FDRE/Q          | None       | SLICE_X58Y109/CFF  | X1Y2         |         128 |             129 |              |       | design_1_i/top_0/inst/virusEnQ_reg[87]/Q      | design_1_i/top_0/inst/virusEnQ[87]              - Static -
| 52       | FDRE/Q          | None       | SLICE_X58Y111/BFF  | X1Y2         |         128 |             129 |              |       | design_1_i/top_0/inst/virusEnQ_reg[89]/Q      | design_1_i/top_0/inst/virusEnQ[89]              - Static -
| 53       | FDRE/Q          | None       | SLICE_X57Y97/CFF   | X1Y1         |         128 |             129 |              |       | design_1_i/top_0/inst/virusEnQ_reg[8]/Q       | design_1_i/top_0/inst/virusEnQ[8]               - Static -
| 54       | FDRE/Q          | None       | SLICE_X53Y112/B5FF | X1Y2         |         128 |             129 |              |       | design_1_i/top_0/inst/virusEnQ_reg[91]/Q      | design_1_i/top_0/inst/virusEnQ[91]              - Static -
| 55       | FDRE/Q          | None       | SLICE_X54Y108/AFF  | X1Y2         |         128 |             129 |              |       | design_1_i/top_0/inst/virusEnQ_reg[93]/Q      | design_1_i/top_0/inst/virusEnQ[93]              - Static -
| 56       | FDRE/Q          | None       | SLICE_X50Y110/DFF  | X1Y2         |         128 |             129 |              |       | design_1_i/top_0/inst/virusEnQ_reg[96]/Q      | design_1_i/top_0/inst/virusEnQ[96]              - Static -
| 57       | FDRE/Q          | None       | SLICE_X48Y111/DFF  | X0Y2         |         128 |             129 |              |       | design_1_i/top_0/inst/virusEnQ_reg[98]/Q      | design_1_i/top_0/inst/virusEnQ[98]              - Static -
| 58       | FDRE/Q          | None       | SLICE_X48Y111/BFF  | X0Y2         |         128 |             129 |              |       | design_1_i/top_0/inst/virusEnQ_reg[101]_rep/Q | design_1_i/top_0/inst/virusEnQ_reg[101]_rep_n_0 - Static -
| 59       | FDRE/Q          | None       | SLICE_X48Y112/AFF  | X0Y2         |         128 |             129 |              |       | design_1_i/top_0/inst/virusEnQ_reg[103]_rep/Q | design_1_i/top_0/inst/virusEnQ_reg[103]_rep_n_0 - Static -
| 60       | FDRE/Q          | None       | SLICE_X58Y111/AFF  | X1Y2         |         128 |             129 |              |       | design_1_i/top_0/inst/virusEnQ_reg[105]_rep/Q | design_1_i/top_0/inst/virusEnQ_reg[105]_rep_n_0 - Static -
| 61       | FDRE/Q          | None       | SLICE_X56Y111/BFF  | X1Y2         |         128 |             129 |              |       | design_1_i/top_0/inst/virusEnQ_reg[107]_rep/Q | design_1_i/top_0/inst/virusEnQ_reg[107]_rep_n_0 - Static -
| 62       | FDRE/Q          | None       | SLICE_X59Y110/BFF  | X1Y2         |         128 |             128 |              |       | design_1_i/top_0/inst/virusEnQ_reg[109]_rep/Q | design_1_i/top_0/inst/virusEnQ_reg[109]_rep_n_0 - Static -
| 63       | FDRE/Q          | None       | SLICE_X59Y109/AFF  | X1Y2         |         128 |             128 |              |       | design_1_i/top_0/inst/virusEnQ_reg[110]_rep/Q | design_1_i/top_0/inst/virusEnQ_reg[110]_rep_n_0 - Static -
| 64       | FDRE/Q          | None       | SLICE_X52Y110/AFF  | X1Y2         |         128 |             129 |              |       | design_1_i/top_0/inst/virusEnQ_reg[111]_rep/Q | design_1_i/top_0/inst/virusEnQ_reg[111]_rep_n_0 - Static -
| 65       | FDRE/Q          | None       | SLICE_X50Y110/BFF  | X1Y2         |         128 |             129 |              |       | design_1_i/top_0/inst/virusEnQ_reg[113]_rep/Q | design_1_i/top_0/inst/virusEnQ_reg[113]_rep_n_0 - Static -
| 66       | FDRE/Q          | None       | SLICE_X51Y111/CFF  | X1Y2         |         128 |             128 |              |       | design_1_i/top_0/inst/virusEnQ_reg[115]_rep/Q | design_1_i/top_0/inst/virusEnQ_reg[115]_rep_n_0 - Static -
| 67       | FDRE/Q          | None       | SLICE_X52Y111/A5FF | X1Y2         |         128 |             128 |              |       | design_1_i/top_0/inst/virusEnQ_reg[116]_rep/Q | design_1_i/top_0/inst/virusEnQ_reg[116]_rep_n_0 - Static -
| 68       | FDRE/Q          | None       | SLICE_X52Y111/B5FF | X1Y2         |         128 |             129 |              |       | design_1_i/top_0/inst/virusEnQ_reg[117]_rep/Q | design_1_i/top_0/inst/virusEnQ_reg[117]_rep_n_0 - Static -
| 69       | FDRE/Q          | None       | SLICE_X53Y111/A5FF | X1Y2         |         128 |             128 |              |       | design_1_i/top_0/inst/virusEnQ_reg[119]_rep/Q | design_1_i/top_0/inst/virusEnQ_reg[119]_rep_n_0 - Static -
| 70       | FDRE/Q          | None       | SLICE_X55Y96/BFF   | X1Y1         |         128 |             129 |              |       | design_1_i/top_0/inst/virusEnQ_reg[11]_rep/Q  | design_1_i/top_0/inst/virusEnQ_reg[11]_rep_n_0  - Static -
| 71       | FDRE/Q          | None       | SLICE_X52Y110/BFF  | X1Y2         |         128 |             128 |              |       | design_1_i/top_0/inst/virusEnQ_reg[120]_rep/Q | design_1_i/top_0/inst/virusEnQ_reg[120]_rep_n_0 - Static -
| 72       | FDRE/Q          | None       | SLICE_X55Y112/A5FF | X1Y2         |         128 |             128 |              |       | design_1_i/top_0/inst/virusEnQ_reg[121]_rep/Q | design_1_i/top_0/inst/virusEnQ_reg[121]_rep_n_0 - Static -
| 73       | FDRE/Q          | None       | SLICE_X55Y111/A5FF | X1Y2         |         128 |             128 |              |       | design_1_i/top_0/inst/virusEnQ_reg[122]_rep/Q | design_1_i/top_0/inst/virusEnQ_reg[122]_rep_n_0 - Static -
| 74       | FDRE/Q          | None       | SLICE_X53Y112/A5FF | X1Y2         |         128 |             128 |              |       | design_1_i/top_0/inst/virusEnQ_reg[123]_rep/Q | design_1_i/top_0/inst/virusEnQ_reg[123]_rep_n_0 - Static -
| 75       | FDRE/Q          | None       | SLICE_X55Y112/BFF  | X1Y2         |         128 |             128 |              |       | design_1_i/top_0/inst/virusEnQ_reg[124]_rep/Q | design_1_i/top_0/inst/virusEnQ_reg[124]_rep_n_0 - Static -
| 76       | FDRE/Q          | None       | SLICE_X52Y112/A5FF | X1Y2         |         128 |             128 |              |       | design_1_i/top_0/inst/virusEnQ_reg[125]_rep/Q | design_1_i/top_0/inst/virusEnQ_reg[125]_rep_n_0 - Static -
| 77       | FDRE/Q          | None       | SLICE_X52Y110/CFF  | X1Y2         |         128 |             128 |              |       | design_1_i/top_0/inst/virusEnQ_reg[126]_rep/Q | design_1_i/top_0/inst/virusEnQ_reg[126]_rep_n_0 - Static -
| 78       | FDRE/Q          | None       | SLICE_X56Y97/A5FF  | X1Y1         |         128 |             129 |              |       | design_1_i/top_0/inst/virusEnQ_reg[13]_rep/Q  | design_1_i/top_0/inst/virusEnQ_reg[13]_rep_n_0  - Static -
| 79       | FDRE/Q          | None       | SLICE_X57Y97/AFF   | X1Y1         |         128 |             129 |              |       | design_1_i/top_0/inst/virusEnQ_reg[15]_rep/Q  | design_1_i/top_0/inst/virusEnQ_reg[15]_rep_n_0  - Static -
| 80       | FDRE/Q          | None       | SLICE_X57Y99/AFF   | X1Y1         |         128 |             129 |              |       | design_1_i/top_0/inst/virusEnQ_reg[17]_rep/Q  | design_1_i/top_0/inst/virusEnQ_reg[17]_rep_n_0  - Static -
| 81       | FDRE/Q          | None       | SLICE_X57Y100/A5FF | X1Y2         |         128 |             129 |              |       | design_1_i/top_0/inst/virusEnQ_reg[19]_rep/Q  | design_1_i/top_0/inst/virusEnQ_reg[19]_rep_n_0  - Static -
| 82       | FDRE/Q          | None       | SLICE_X54Y96/AFF   | X1Y1         |         128 |             129 |              |       | design_1_i/top_0/inst/virusEnQ_reg[1]_rep/Q   | design_1_i/top_0/inst/virusEnQ_reg[1]_rep_n_0   - Static -
| 83       | FDRE/Q          | None       | SLICE_X57Y99/BFF   | X1Y1         |         128 |             129 |              |       | design_1_i/top_0/inst/virusEnQ_reg[21]_rep/Q  | design_1_i/top_0/inst/virusEnQ_reg[21]_rep_n_0  - Static -
| 84       | FDRE/Q          | None       | SLICE_X56Y99/A5FF  | X1Y1         |         128 |             129 |              |       | design_1_i/top_0/inst/virusEnQ_reg[23]_rep/Q  | design_1_i/top_0/inst/virusEnQ_reg[23]_rep_n_0  - Static -
| 85       | FDRE/Q          | None       | SLICE_X57Y98/DFF   | X1Y1         |         128 |             129 |              |       | design_1_i/top_0/inst/virusEnQ_reg[25]_rep/Q  | design_1_i/top_0/inst/virusEnQ_reg[25]_rep_n_0  - Static -
| 86       | FDRE/Q          | None       | SLICE_X57Y99/CFF   | X1Y1         |         128 |             129 |              |       | design_1_i/top_0/inst/virusEnQ_reg[27]_rep/Q  | design_1_i/top_0/inst/virusEnQ_reg[27]_rep_n_0  - Static -
| 87       | FDRE/Q          | None       | SLICE_X58Y99/BFF   | X1Y1         |         128 |             129 |              |       | design_1_i/top_0/inst/virusEnQ_reg[29]_rep/Q  | design_1_i/top_0/inst/virusEnQ_reg[29]_rep_n_0  - Static -
| 88       | FDRE/Q          | None       | SLICE_X59Y101/BFF  | X1Y2         |         128 |             129 |              |       | design_1_i/top_0/inst/virusEnQ_reg[31]_rep/Q  | design_1_i/top_0/inst/virusEnQ_reg[31]_rep_n_0  - Static -
| 89       | FDRE/Q          | None       | SLICE_X59Y101/DFF  | X1Y2         |         128 |             129 |              |       | design_1_i/top_0/inst/virusEnQ_reg[33]_rep/Q  | design_1_i/top_0/inst/virusEnQ_reg[33]_rep_n_0  - Static -
| 90       | FDRE/Q          | None       | SLICE_X58Y99/CFF   | X1Y1         |         128 |             129 |              |       | design_1_i/top_0/inst/virusEnQ_reg[35]_rep/Q  | design_1_i/top_0/inst/virusEnQ_reg[35]_rep_n_0  - Static -
| 91       | FDRE/Q          | None       | SLICE_X59Y102/BFF  | X1Y2         |         128 |             129 |              |       | design_1_i/top_0/inst/virusEnQ_reg[37]_rep/Q  | design_1_i/top_0/inst/virusEnQ_reg[37]_rep_n_0  - Static -
| 92       | FDRE/Q          | None       | SLICE_X60Y105/AFF  | X1Y2         |         128 |             129 |              |       | design_1_i/top_0/inst/virusEnQ_reg[39]_rep/Q  | design_1_i/top_0/inst/virusEnQ_reg[39]_rep_n_0  - Static -
| 93       | FDRE/Q          | None       | SLICE_X55Y96/CFF   | X1Y1         |         128 |             129 |              |       | design_1_i/top_0/inst/virusEnQ_reg[3]_rep/Q   | design_1_i/top_0/inst/virusEnQ_reg[3]_rep_n_0   - Static -
| 94       | FDRE/Q          | None       | SLICE_X60Y104/BFF  | X1Y2         |         128 |             129 |              |       | design_1_i/top_0/inst/virusEnQ_reg[41]_rep/Q  | design_1_i/top_0/inst/virusEnQ_reg[41]_rep_n_0  - Static -
| 95       | FDRE/Q          | None       | SLICE_X59Y102/DFF  | X1Y2         |         128 |             129 |              |       | design_1_i/top_0/inst/virusEnQ_reg[43]_rep/Q  | design_1_i/top_0/inst/virusEnQ_reg[43]_rep_n_0  - Static -
| 96       | FDRE/Q          | None       | SLICE_X59Y103/CFF  | X1Y2         |         128 |             129 |              |       | design_1_i/top_0/inst/virusEnQ_reg[45]_rep/Q  | design_1_i/top_0/inst/virusEnQ_reg[45]_rep_n_0  - Static -
| 97       | FDRE/Q          | None       | SLICE_X58Y107/AFF  | X1Y2         |         128 |             129 |              |       | design_1_i/top_0/inst/virusEnQ_reg[47]_rep/Q  | design_1_i/top_0/inst/virusEnQ_reg[47]_rep_n_0  - Static -
| 98       | FDRE/Q          | None       | SLICE_X60Y104/DFF  | X1Y2         |         128 |             129 |              |       | design_1_i/top_0/inst/virusEnQ_reg[49]_rep/Q  | design_1_i/top_0/inst/virusEnQ_reg[49]_rep_n_0  - Static -
| 99       | FDRE/Q          | None       | SLICE_X59Y101/A5FF | X1Y2         |         128 |             129 |              |       | design_1_i/top_0/inst/virusEnQ_reg[51]_rep/Q  | design_1_i/top_0/inst/virusEnQ_reg[51]_rep_n_0  - Static -
| 100      | FDRE/Q          | None       | SLICE_X57Y100/DFF  | X1Y2         |         128 |             129 |              |       | design_1_i/top_0/inst/virusEnQ_reg[53]_rep/Q  | design_1_i/top_0/inst/virusEnQ_reg[53]_rep_n_0  - Static -
| 101      | FDRE/Q          | None       | SLICE_X60Y105/BFF  | X1Y2         |         128 |             129 |              |       | design_1_i/top_0/inst/virusEnQ_reg[55]_rep/Q  | design_1_i/top_0/inst/virusEnQ_reg[55]_rep_n_0  - Static -
| 102      | FDRE/Q          | None       | SLICE_X59Y110/CFF  | X1Y2         |         128 |             128 |              |       | design_1_i/top_0/inst/virusEnQ_reg[57]_rep/Q  | design_1_i/top_0/inst/virusEnQ_reg[57]_rep_n_0  - Static -
| 103      | FDRE/Q          | None       | SLICE_X57Y104/A5FF | X1Y2         |         128 |             129 |              |       | design_1_i/top_0/inst/virusEnQ_reg[58]_rep/Q  | design_1_i/top_0/inst/virusEnQ_reg[58]_rep_n_0  - Static -
| 104      | FDRE/Q          | None       | SLICE_X55Y96/DFF   | X1Y1         |         128 |             129 |              |       | design_1_i/top_0/inst/virusEnQ_reg[5]_rep/Q   | design_1_i/top_0/inst/virusEnQ_reg[5]_rep_n_0   - Static -
| 105      | FDRE/Q          | None       | SLICE_X58Y109/AFF  | X1Y2         |         128 |             129 |              |       | design_1_i/top_0/inst/virusEnQ_reg[60]_rep/Q  | design_1_i/top_0/inst/virusEnQ_reg[60]_rep_n_0  - Static -
| 106      | FDRE/Q          | None       | SLICE_X58Y109/BFF  | X1Y2         |         128 |             128 |              |       | design_1_i/top_0/inst/virusEnQ_reg[62]_rep/Q  | design_1_i/top_0/inst/virusEnQ_reg[62]_rep_n_0  - Static -
| 107      | FDRE/Q          | None       | SLICE_X48Y104/AFF  | X0Y2         |         128 |             129 |              |       | design_1_i/top_0/inst/virusEnQ_reg[64]_rep/Q  | design_1_i/top_0/inst/virusEnQ_reg[64]_rep_n_0  - Static -
| 108      | FDRE/Q          | None       | SLICE_X53Y105/AFF  | X1Y2         |         128 |             129 |              |       | design_1_i/top_0/inst/virusEnQ_reg[66]_rep/Q  | design_1_i/top_0/inst/virusEnQ_reg[66]_rep_n_0  - Static -
| 109      | FDRE/Q          | None       | SLICE_X49Y105/AFF  | X0Y2         |         128 |             129 |              |       | design_1_i/top_0/inst/virusEnQ_reg[68]_rep/Q  | design_1_i/top_0/inst/virusEnQ_reg[68]_rep_n_0  - Static -
| 110      | FDRE/Q          | None       | SLICE_X50Y99/AFF   | X1Y1         |         128 |             129 |              |       | design_1_i/top_0/inst/virusEnQ_reg[70]_rep/Q  | design_1_i/top_0/inst/virusEnQ_reg[70]_rep_n_0  - Static -
| 111      | FDRE/Q          | None       | SLICE_X54Y105/AFF  | X1Y2         |         128 |             129 |              |       | design_1_i/top_0/inst/virusEnQ_reg[72]_rep/Q  | design_1_i/top_0/inst/virusEnQ_reg[72]_rep_n_0  - Static -
| 112      | FDRE/Q          | None       | SLICE_X60Y108/CFF  | X1Y2         |         128 |             129 |              |       | design_1_i/top_0/inst/virusEnQ_reg[74]_rep/Q  | design_1_i/top_0/inst/virusEnQ_reg[74]_rep_n_0  - Static -
| 113      | FDRE/Q          | None       | SLICE_X57Y108/BFF  | X1Y2         |         128 |             129 |              |       | design_1_i/top_0/inst/virusEnQ_reg[76]_rep/Q  | design_1_i/top_0/inst/virusEnQ_reg[76]_rep_n_0  - Static -
| 114      | FDRE/Q          | None       | SLICE_X57Y107/A5FF | X1Y2         |         128 |             129 |              |       | design_1_i/top_0/inst/virusEnQ_reg[78]_rep/Q  | design_1_i/top_0/inst/virusEnQ_reg[78]_rep_n_0  - Static -
| 115      | FDRE/Q          | None       | SLICE_X57Y97/BFF   | X1Y1         |         128 |             129 |              |       | design_1_i/top_0/inst/virusEnQ_reg[7]_rep/Q   | design_1_i/top_0/inst/virusEnQ_reg[7]_rep_n_0   - Static -
| 116      | FDRE/Q          | None       | SLICE_X51Y108/A5FF | X1Y2         |         128 |             129 |              |       | design_1_i/top_0/inst/virusEnQ_reg[80]_rep/Q  | design_1_i/top_0/inst/virusEnQ_reg[80]_rep_n_0  - Static -
| 117      | FDRE/Q          | None       | SLICE_X50Y109/A5FF | X1Y2         |         128 |             129 |              |       | design_1_i/top_0/inst/virusEnQ_reg[82]_rep/Q  | design_1_i/top_0/inst/virusEnQ_reg[82]_rep_n_0  - Static -
| 118      | FDRE/Q          | None       | SLICE_X51Y110/A5FF | X1Y2         |         128 |             129 |              |       | design_1_i/top_0/inst/virusEnQ_reg[84]_rep/Q  | design_1_i/top_0/inst/virusEnQ_reg[84]_rep_n_0  - Static -
| 119      | FDRE/Q          | None       | SLICE_X50Y110/CFF  | X1Y2         |         128 |             129 |              |       | design_1_i/top_0/inst/virusEnQ_reg[86]_rep/Q  | design_1_i/top_0/inst/virusEnQ_reg[86]_rep_n_0  - Static -
| 120      | FDRE/Q          | None       | SLICE_X58Y109/DFF  | X1Y2         |         128 |             129 |              |       | design_1_i/top_0/inst/virusEnQ_reg[88]_rep/Q  | design_1_i/top_0/inst/virusEnQ_reg[88]_rep_n_0  - Static -
| 121      | FDRE/Q          | None       | SLICE_X58Y111/CFF  | X1Y2         |         128 |             129 |              |       | design_1_i/top_0/inst/virusEnQ_reg[90]_rep/Q  | design_1_i/top_0/inst/virusEnQ_reg[90]_rep_n_0  - Static -
| 122      | FDRE/Q          | None       | SLICE_X48Y112/BFF  | X0Y2         |         128 |             128 |              |       | design_1_i/top_0/inst/virusEnQ_reg[92]_rep/Q  | design_1_i/top_0/inst/virusEnQ_reg[92]_rep_n_0  - Static -
| 123      | FDRE/Q          | None       | SLICE_X58Y111/DFF  | X1Y2         |         128 |             128 |              |       | design_1_i/top_0/inst/virusEnQ_reg[94]_rep/Q  | design_1_i/top_0/inst/virusEnQ_reg[94]_rep_n_0  - Static -
| 124      | FDRE/Q          | None       | SLICE_X50Y107/A5FF | X1Y2         |         128 |             129 |              |       | design_1_i/top_0/inst/virusEnQ_reg[95]_rep/Q  | design_1_i/top_0/inst/virusEnQ_reg[95]_rep_n_0  - Static -
| 125      | FDRE/Q          | None       | SLICE_X51Y110/CFF  | X1Y2         |         128 |             129 |              |       | design_1_i/top_0/inst/virusEnQ_reg[97]_rep/Q  | design_1_i/top_0/inst/virusEnQ_reg[97]_rep_n_0  - Static -
| 126      | FDRE/Q          | None       | SLICE_X48Y112/CFF  | X0Y2         |         128 |             129 |              |       | design_1_i/top_0/inst/virusEnQ_reg[99]_rep/Q  | design_1_i/top_0/inst/virusEnQ_reg[99]_rep_n_0  - Static -
| 127      | FDRE/Q          | None       | SLICE_X57Y97/DFF   | X1Y1         |         128 |             129 |              |       | design_1_i/top_0/inst/virusEnQ_reg[9]_rep/Q   | design_1_i/top_0/inst/virusEnQ_reg[9]_rep_n_0   - Static -
+----------+-----------------+------------+--------------------+--------------+-------------+-----------------+--------------+-------+-----------------------------------------------+-------------------------------------------------||
* Local Clocks in this context represents only clocks driven by non-global buffers
** Clock Loads column represents the clock pin loads (pin count)
*** Non-Clock Loads column represents the non-clock pin loads (pin count)


5. Clock Regions: Key Resource Utilization
------------------------------------------

+-------------------+--------------+--------------+--------------+--------------+--------------+--------------+--------------+--------------+--------------+--------------+--------------+--------------+--------------+--------------+--------------+
|                   | Global Clock |     BUFRs    |    BUFMRs    |    BUFIOs    |     MMCM     |      PLL     |      GT      |      PCI     |    ILOGIC    |    OLOGIC    |      FF      |     LUTM     |    RAMB18    |    RAMB36    |    DSP48E2   |
+-------------------+------+-------+------+-------+------+-------+------+-------+------+-------+------+-------+------+-------+------+-------+------+-------+------+-------+------+-------+------+-------+------+-------+------+-------+------+-------+
| Clock Region Name | Used | Avail | Used | Avail | Used | Avail | Used | Avail | Used | Avail | Used | Avail | Used | Avail | Used | Avail | Used | Avail | Used | Avail | Used | Avail | Used | Avail | Used | Avail | Used | Avail | Used | Avail |
+-------------------+------+-------+------+-------+------+-------+------+-------+------+-------+------+-------+------+-------+------+-------+------+-------+------+-------+------+-------+------+-------+------+-------+------+-------+------+-------+
| X0Y0              |    1 |    12 |    0 |     4 |    0 |     2 |    0 |     4 |    0 |     1 |    0 |     1 |    0 |     0 |    0 |     0 |    0 |    50 |    0 |    50 |   16 |  2500 |    8 |  1000 |    0 |    60 |    0 |    30 |    0 |    60 |
| X1Y0              |    2 |    12 |    0 |     4 |    0 |     2 |    0 |     4 |    1 |     1 |    0 |     1 |    0 |     0 |    0 |     0 |    0 |    50 |    0 |    50 |    0 |  3200 |    0 |   850 |    0 |    60 |    0 |    30 |    0 |    40 |
| X0Y1              |    2 |    12 |    0 |     0 |    0 |     0 |    0 |     0 |    0 |     0 |    0 |     0 |    0 |     0 |    0 |     0 |    0 |     0 |    0 |     0 |  870 |  1200 |  258 |   400 |    0 |    20 |    0 |    10 |    8 |    20 |
| X1Y1              |    2 |    12 |    0 |     4 |    0 |     2 |    0 |     4 |    0 |     1 |    0 |     1 |    0 |     0 |    0 |     0 |    0 |    50 |    0 |    50 |  228 |  2600 | 3961 |   850 |    0 |    60 |    0 |    30 |   10 |    40 |
| X0Y2              |    2 |    12 |    0 |     0 |    0 |     0 |    0 |     0 |    0 |     0 |    0 |     0 |    0 |     0 |    0 |     0 |    0 |     0 |    0 |     0 |  237 |  1200 | 2764 |   400 |    0 |    20 |    0 |    10 |    0 |    20 |
| X1Y2              |    2 |    12 |    0 |     4 |    0 |     2 |    0 |     4 |    0 |     1 |    0 |     1 |    0 |     0 |    0 |     0 |    0 |    50 |    0 |    50 |  338 |  2600 | 6214 |   850 |    0 |    60 |    0 |    30 |    0 |    40 |
+-------------------+------+-------+------+-------+------+-------+------+-------+------+-------+------+-------+------+-------+------+-------+------+-------+------+-------+------+-------+------+-------+------+-------+------+-------+------+-------+
* Global Clock column represents track count; while other columns represents cell counts


6. Clock Regions : Global Clock Summary
---------------------------------------

All Modules
+----+----+----+
|    | X0 | X1 |
+----+----+----+
| Y2 |  2 |  2 |
| Y1 |  2 |  2 |
| Y0 |  1 |  2 |
+----+----+----+


7. Device Cell Placement Summary for Global Clock g0
----------------------------------------------------

+-----------+-----------------+-------------------+------------+-------------+---------------+-------------+----------+----------------+----------+------------------------------------------------+
| Global Id | Driver Type/Pin | Driver Region (D) | Clock      | Period (ns) | Waveform (ns) | Slice Loads | IO Loads | Clocking Loads | GT Loads | Net                                            |
+-----------+-----------------+-------------------+------------+-------------+---------------+-------------+----------+----------------+----------+------------------------------------------------+
| g0        | BUFG/O          | n/a               | clk_fpga_0 |      10.000 | {0.000 5.000} |        1550 |        0 |              1 |        0 | design_1_i/processing_system7_0/inst/FCLK_CLK0 |
+-----------+-----------------+-------------------+------------+-------------+---------------+-------------+----------+----------------+----------+------------------------------------------------+
* Slice Loads column represents load cell count of all cell types other than IO, GT and clock resources
** IO Loads column represents load cell count of IO types
*** Clocking Loads column represents load cell count that are clock resources (global clock buffer, MMCM, PLL, etc)
**** GT Loads column represents load cell count of GT types


+----+------+------+
|    | X0   | X1   |
+----+------+------+
| Y2 |  213 |  147 |
| Y1 |  924 |  250 |
| Y0 |   16 |    1 |
+----+------+------+


8. Device Cell Placement Summary for Global Clock g1
----------------------------------------------------

+-----------+-----------------+-------------------+-------------------------------+-------------+---------------+-------------+----------+----------------+----------+------------------------------------+
| Global Id | Driver Type/Pin | Driver Region (D) | Clock                         | Period (ns) | Waveform (ns) | Slice Loads | IO Loads | Clocking Loads | GT Loads | Net                                |
+-----------+-----------------+-------------------+-------------------------------+-------------+---------------+-------------+----------+----------------+----------+------------------------------------+
| g1        | BUFG/O          | n/a               | clk_out1_design_1_clk_wiz_0_0 |      10.000 | {0.000 5.000} |         288 |        0 |              0 |        0 | design_1_i/clk_wiz_0/inst/clk_out1 |
+-----------+-----------------+-------------------+-------------------------------+-------------+---------------+-------------+----------+----------------+----------+------------------------------------+
* Slice Loads column represents load cell count of all cell types other than IO, GT and clock resources
** IO Loads column represents load cell count of IO types
*** Clocking Loads column represents load cell count that are clock resources (global clock buffer, MMCM, PLL, etc)
**** GT Loads column represents load cell count of GT types


+----+-----+------+
|    | X0  | X1   |
+----+-----+------+
| Y2 |  35 |  192 |
| Y1 |   9 |   52 |
| Y0 |   0 |    0 |
+----+-----+------+


9. Device Cell Placement Summary for Global Clock g2
----------------------------------------------------

+-----------+-----------------+-------------------+-------------------------------+-------------+---------------+-------------+----------+----------------+----------+-------------------------------------------------------------+
| Global Id | Driver Type/Pin | Driver Region (D) | Clock                         | Period (ns) | Waveform (ns) | Slice Loads | IO Loads | Clocking Loads | GT Loads | Net                                                         |
+-----------+-----------------+-------------------+-------------------------------+-------------+---------------+-------------+----------+----------------+----------+-------------------------------------------------------------+
| g2        | BUFG/O          | n/a               | clkfbout_design_1_clk_wiz_0_0 |      10.000 | {0.000 5.000} |           0 |        0 |              1 |        0 | design_1_i/clk_wiz_0/inst/clkfbout_buf_design_1_clk_wiz_0_0 |
+-----------+-----------------+-------------------+-------------------------------+-------------+---------------+-------------+----------+----------------+----------+-------------------------------------------------------------+
* Slice Loads column represents load cell count of all cell types other than IO, GT and clock resources
** IO Loads column represents load cell count of IO types
*** Clocking Loads column represents load cell count that are clock resources (global clock buffer, MMCM, PLL, etc)
**** GT Loads column represents load cell count of GT types


+----+----+----+
|    | X0 | X1 |
+----+----+----+
| Y2 |  0 |  0 |
| Y1 |  0 |  0 |
| Y0 |  0 |  1 |
+----+----+----+


10. Clock Region Cell Placement per Global Clock: Region X0Y0
-------------------------------------------------------------

+-----------+-------+-----------------+------------+-------------+-----------------+----+--------+------+-----+----+------+-----+---------+------------------------------------------------+
| Global Id | Track | Driver Type/Pin | Constraint | Clock Loads | Non-Clock Loads | FF | LUTRAM | RAMB | DSP | GT | MMCM | PLL | Hard IP | Net                                            |
+-----------+-------+-----------------+------------+-------------+-----------------+----+--------+------+-----+----+------+-----+---------+------------------------------------------------+
| g0        | n/a   | BUFG/O          | None       |          16 |               0 | 16 |      0 |    0 |   0 |  0 |    0 |   0 |       0 | design_1_i/processing_system7_0/inst/FCLK_CLK0 |
+-----------+-------+-----------------+------------+-------------+-----------------+----+--------+------+-----+----+------+-----+---------+------------------------------------------------+
* Clock Loads column represents the clock pin loads (pin count)
** Non-Clock Loads column represents the non-clock pin loads (pin count)
*** Columns FF, LUTRAM, RAMB through 'Hard IP' represents load cell counts


11. Clock Region Cell Placement per Global Clock: Region X1Y0
-------------------------------------------------------------

+-----------+-------+-----------------+------------+-------------+-----------------+----+--------+------+-----+----+------+-----+---------+-------------------------------------------------------------+
| Global Id | Track | Driver Type/Pin | Constraint | Clock Loads | Non-Clock Loads | FF | LUTRAM | RAMB | DSP | GT | MMCM | PLL | Hard IP | Net                                                         |
+-----------+-------+-----------------+------------+-------------+-----------------+----+--------+------+-----+----+------+-----+---------+-------------------------------------------------------------+
| g0        | n/a   | BUFG/O          | None       |           1 |               0 |  0 |      0 |    0 |   0 |  0 |    1 |   0 |       0 | design_1_i/processing_system7_0/inst/FCLK_CLK0              |
| g2        | n/a   | BUFG/O          | None       |           1 |               0 |  0 |      0 |    0 |   0 |  0 |    1 |   0 |       0 | design_1_i/clk_wiz_0/inst/clkfbout_buf_design_1_clk_wiz_0_0 |
+-----------+-------+-----------------+------------+-------------+-----------------+----+--------+------+-----+----+------+-----+---------+-------------------------------------------------------------+
* Clock Loads column represents the clock pin loads (pin count)
** Non-Clock Loads column represents the non-clock pin loads (pin count)
*** Columns FF, LUTRAM, RAMB through 'Hard IP' represents load cell counts


12. Clock Region Cell Placement per Global Clock: Region X0Y1
-------------------------------------------------------------

+-----------+-------+-----------------+------------+-------------+-----------------+-----+--------+------+-----+----+------+-----+---------+------------------------------------------------+
| Global Id | Track | Driver Type/Pin | Constraint | Clock Loads | Non-Clock Loads | FF  | LUTRAM | RAMB | DSP | GT | MMCM | PLL | Hard IP | Net                                            |
+-----------+-------+-----------------+------------+-------------+-----------------+-----+--------+------+-----+----+------+-----+---------+------------------------------------------------+
| g0        | n/a   | BUFG/O          | None       |         924 |               0 | 861 |     55 |    0 |   8 |  0 |    0 |   0 |       0 | design_1_i/processing_system7_0/inst/FCLK_CLK0 |
| g1        | n/a   | BUFG/O          | None       |           9 |               0 |   9 |      0 |    0 |   0 |  0 |    0 |   0 |       0 | design_1_i/clk_wiz_0/inst/clk_out1             |
+-----------+-------+-----------------+------------+-------------+-----------------+-----+--------+------+-----+----+------+-----+---------+------------------------------------------------+
* Clock Loads column represents the clock pin loads (pin count)
** Non-Clock Loads column represents the non-clock pin loads (pin count)
*** Columns FF, LUTRAM, RAMB through 'Hard IP' represents load cell counts


13. Clock Region Cell Placement per Global Clock: Region X1Y1
-------------------------------------------------------------

+-----------+-------+-----------------+------------+-------------+-----------------+-----+--------+------+-----+----+------+-----+---------+------------------------------------------------+
| Global Id | Track | Driver Type/Pin | Constraint | Clock Loads | Non-Clock Loads | FF  | LUTRAM | RAMB | DSP | GT | MMCM | PLL | Hard IP | Net                                            |
+-----------+-------+-----------------+------------+-------------+-----------------+-----+--------+------+-----+----+------+-----+---------+------------------------------------------------+
| g0        | n/a   | BUFG/O          | None       |         249 |               1 | 176 |      0 |    0 |  10 |  0 |    0 |   0 |       0 | design_1_i/processing_system7_0/inst/FCLK_CLK0 |
| g1        | n/a   | BUFG/O          | None       |          52 |               0 |  52 |      0 |    0 |   0 |  0 |    0 |   0 |       0 | design_1_i/clk_wiz_0/inst/clk_out1             |
+-----------+-------+-----------------+------------+-------------+-----------------+-----+--------+------+-----+----+------+-----+---------+------------------------------------------------+
* Clock Loads column represents the clock pin loads (pin count)
** Non-Clock Loads column represents the non-clock pin loads (pin count)
*** Columns FF, LUTRAM, RAMB through 'Hard IP' represents load cell counts


14. Clock Region Cell Placement per Global Clock: Region X0Y2
-------------------------------------------------------------

+-----------+-------+-----------------+------------+-------------+-----------------+-----+--------+------+-----+----+------+-----+---------+------------------------------------------------+
| Global Id | Track | Driver Type/Pin | Constraint | Clock Loads | Non-Clock Loads | FF  | LUTRAM | RAMB | DSP | GT | MMCM | PLL | Hard IP | Net                                            |
+-----------+-------+-----------------+------------+-------------+-----------------+-----+--------+------+-----+----+------+-----+---------+------------------------------------------------+
| g0        | n/a   | BUFG/O          | None       |         213 |               0 | 202 |     10 |    0 |   0 |  0 |    0 |   0 |       0 | design_1_i/processing_system7_0/inst/FCLK_CLK0 |
| g1        | n/a   | BUFG/O          | None       |          35 |               0 |  35 |      0 |    0 |   0 |  0 |    0 |   0 |       0 | design_1_i/clk_wiz_0/inst/clk_out1             |
+-----------+-------+-----------------+------------+-------------+-----------------+-----+--------+------+-----+----+------+-----+---------+------------------------------------------------+
* Clock Loads column represents the clock pin loads (pin count)
** Non-Clock Loads column represents the non-clock pin loads (pin count)
*** Columns FF, LUTRAM, RAMB through 'Hard IP' represents load cell counts


15. Clock Region Cell Placement per Global Clock: Region X1Y2
-------------------------------------------------------------

+-----------+-------+-----------------+------------+-------------+-----------------+-----+--------+------+-----+----+------+-----+---------+------------------------------------------------+
| Global Id | Track | Driver Type/Pin | Constraint | Clock Loads | Non-Clock Loads | FF  | LUTRAM | RAMB | DSP | GT | MMCM | PLL | Hard IP | Net                                            |
+-----------+-------+-----------------+------------+-------------+-----------------+-----+--------+------+-----+----+------+-----+---------+------------------------------------------------+
| g0        | n/a   | BUFG/O          | None       |         147 |               0 | 146 |      1 |    0 |   0 |  0 |    0 |   0 |       0 | design_1_i/processing_system7_0/inst/FCLK_CLK0 |
| g1        | n/a   | BUFG/O          | None       |         192 |               0 | 192 |      0 |    0 |   0 |  0 |    0 |   0 |       0 | design_1_i/clk_wiz_0/inst/clk_out1             |
+-----------+-------+-----------------+------------+-------------+-----------------+-----+--------+------+-----+----+------+-----+---------+------------------------------------------------+
* Clock Loads column represents the clock pin loads (pin count)
** Non-Clock Loads column represents the non-clock pin loads (pin count)
*** Columns FF, LUTRAM, RAMB through 'Hard IP' represents load cell counts



# Location of BUFG Primitives 
set_property LOC BUFGCTRL_X0Y16 [get_cells design_1_i/processing_system7_0/inst/buffer_fclk_clk_0.FCLK_CLK_0_BUFG]
set_property LOC BUFGCTRL_X0Y1 [get_cells design_1_i/clk_wiz_0/inst/clkf_buf]
set_property LOC BUFGCTRL_X0Y0 [get_cells design_1_i/clk_wiz_0/inst/clkout1_buf]

# Location of IO Primitives which is load of clock spine

# Location of clock ports

# Clock net "design_1_i/processing_system7_0/inst/FCLK_CLK0" driven by instance "design_1_i/processing_system7_0/inst/buffer_fclk_clk_0.FCLK_CLK_0_BUFG" located at site "BUFGCTRL_X0Y16"
#startgroup
create_pblock {CLKAG_design_1_i/processing_system7_0/inst/FCLK_CLK0}
add_cells_to_pblock [get_pblocks  {CLKAG_design_1_i/processing_system7_0/inst/FCLK_CLK0}] [get_cells -filter { PRIMITIVE_GROUP != I/O && IS_PRIMITIVE==1 && PRIMITIVE_LEVEL !=INTERNAL && NAME!=design_1_i/clk_wiz_0/inst/mmcm_adv_inst} -of_object [get_pins -filter {DIRECTION==IN} -of_objects [get_nets -hierarchical -filter {PARENT=="design_1_i/processing_system7_0/inst/FCLK_CLK0"}]]]
resize_pblock [get_pblocks {CLKAG_design_1_i/processing_system7_0/inst/FCLK_CLK0}] -add {CLOCKREGION_X0Y0:CLOCKREGION_X0Y0 CLOCKREGION_X0Y1:CLOCKREGION_X0Y1 CLOCKREGION_X0Y2:CLOCKREGION_X0Y2 CLOCKREGION_X1Y1:CLOCKREGION_X1Y1 CLOCKREGION_X1Y2:CLOCKREGION_X1Y2}
#endgroup

# Clock net "design_1_i/clk_wiz_0/inst/clk_out1" driven by instance "design_1_i/clk_wiz_0/inst/clkout1_buf" located at site "BUFGCTRL_X0Y0"
#startgroup
create_pblock {CLKAG_design_1_i/clk_wiz_0/inst/clk_out1}
add_cells_to_pblock [get_pblocks  {CLKAG_design_1_i/clk_wiz_0/inst/clk_out1}] [get_cells -filter { PRIMITIVE_GROUP != I/O && IS_PRIMITIVE==1 && PRIMITIVE_LEVEL !=INTERNAL } -of_object [get_pins -filter {DIRECTION==IN} -of_objects [get_nets -hierarchical -filter {PARENT=="design_1_i/clk_wiz_0/inst/clk_out1"}]]]
resize_pblock [get_pblocks {CLKAG_design_1_i/clk_wiz_0/inst/clk_out1}] -add {CLOCKREGION_X0Y1:CLOCKREGION_X0Y1 CLOCKREGION_X0Y2:CLOCKREGION_X0Y2 CLOCKREGION_X1Y1:CLOCKREGION_X1Y1 CLOCKREGION_X1Y2:CLOCKREGION_X1Y2}
#endgroup
