Copyright 1986-2019 Xilinx, Inc. All Rights Reserved.
---------------------------------------------------------------------------------------------
| Tool Version : Vivado v.2019.2 (lin64) Build 2708876 Wed Nov  6 21:39:14 MST 2019
| Date         : Wed Jun 10 17:21:35 2020
| Host         : patricknaughton01 running 64-bit Ubuntu 18.04.4 LTS
| Command      : report_control_sets -verbose -file design_1_wrapper_control_sets_placed.rpt
| Design       : design_1_wrapper
| Device       : xc7z020
---------------------------------------------------------------------------------------------

Control Set Information

Table of Contents
-----------------
1. Summary
2. Histogram
3. Flip-Flop Distribution
4. Detailed Control Set Information

1. Summary
----------

+----------------------------------------------------------+-------+
|                          Status                          | Count |
+----------------------------------------------------------+-------+
| Total control sets                                       |   211 |
|    Minimum number of control sets                        |   211 |
|    Addition due to synthesis replication                 |     0 |
|    Addition due to physical synthesis replication        |     0 |
| Unused register locations in slices containing registers |    80 |
+----------------------------------------------------------+-------+
* Control sets can be merged at opt_design using control_set_merge or merge_equivalent_drivers
** Run report_qor_suggestions for automated merging and remapping suggestions


2. Histogram
------------

+--------------------+-------+
|       Fanout       | Count |
+--------------------+-------+
| Total control sets |   211 |
| >= 0 to < 4        |     2 |
| >= 4 to < 6        |     7 |
| >= 6 to < 8        |     5 |
| >= 8 to < 10       |     1 |
| >= 10 to < 12      |     1 |
| >= 12 to < 14      |     5 |
| >= 14 to < 16      |     2 |
| >= 16              |   188 |
+--------------------+-------+
* Control sets can be remapped at either synth_design or opt_design


3. Flip-Flop Distribution
-------------------------

+--------------+-----------------------+------------------------+-----------------+--------------+
| Clock Enable | Synchronous Set/Reset | Asynchronous Set/Reset | Total Registers | Total Slices |
+--------------+-----------------------+------------------------+-----------------+--------------+
| No           | No                    | No                     |           17513 |         4492 |
| No           | No                    | Yes                    |               0 |            0 |
| No           | Yes                   | No                     |            1035 |          327 |
| Yes          | No                    | No                     |             464 |          108 |
| Yes          | No                    | Yes                    |               0 |            0 |
| Yes          | Yes                   | No                     |             628 |          217 |
+--------------+-----------------------+------------------------+-----------------+--------------+


4. Detailed Control Set Information
-----------------------------------

+-------------------------------------------------+----------------------------------------------------------------------------------------------------------------------------------------------------------------+-------------------------------------------------------------------------------------------------------------------------------------------------------+------------------+----------------+
|                   Clock Signal                  |                                                                          Enable Signal                                                                         |                                                                    Set/Reset Signal                                                                   | Slice Load Count | Bel Load Count |
+-------------------------------------------------+----------------------------------------------------------------------------------------------------------------------------------------------------------------+-------------------------------------------------------------------------------------------------------------------------------------------------------+------------------+----------------+
|  design_1_i/clk_wiz_0/inst/clk_out1             |                                                                                                                                                                |                                                                                                                                                       |                1 |              1 |
|  design_1_i/processing_system7_0/inst/FCLK_CLK0 | design_1_i/ps7_0_axi_periph/s00_couplers/auto_pc/inst/gen_axilite.gen_b2s_conv.axilite_b2s/WR.b_channel_0/bid_fifo_0/bresp_push                                |                                                                                                                                                       |                1 |              2 |
|  design_1_i/processing_system7_0/inst/FCLK_CLK0 |                                                                                                                                                                | design_1_i/ps7_0_axi_periph/s00_couplers/auto_pc/inst/gen_axilite.gen_b2s_conv.axilite_b2s/SI_REG/ar.ar_pipe/aresetn_d_reg[1]_inv_0                   |                2 |              4 |
|  design_1_i/processing_system7_0/inst/FCLK_CLK0 |                                                                                                                                                                | design_1_i/ps7_0_axi_periph/s00_couplers/auto_pc/inst/gen_axilite.gen_b2s_conv.axilite_b2s/SI_REG/aw.aw_pipe/aresetn_d_reg[0]_0                       |                3 |              4 |
|  design_1_i/processing_system7_0/inst/FCLK_CLK0 | design_1_i/ps7_0_axi_periph/s00_couplers/auto_pc/inst/gen_axilite.gen_b2s_conv.axilite_b2s/RD.r_channel_0/transaction_fifo_0/E[0]                              | design_1_i/ps7_0_axi_periph/s00_couplers/auto_pc/inst/gen_axilite.gen_b2s_conv.axilite_b2s/areset_d1                                                  |                2 |              5 |
|  design_1_i/processing_system7_0/inst/FCLK_CLK0 | design_1_i/ps7_0_axi_periph/s00_couplers/auto_pc/inst/gen_axilite.gen_b2s_conv.axilite_b2s/RD.r_channel_0/transaction_fifo_0/cnt_read[4]_i_1__0_n_0            | design_1_i/ps7_0_axi_periph/s00_couplers/auto_pc/inst/gen_axilite.gen_b2s_conv.axilite_b2s/areset_d1                                                  |                2 |              5 |
|  design_1_i/processing_system7_0/inst/FCLK_CLK0 |                                                                                                                                                                | design_1_i/rst_ps7_0_100M/U0/EXT_LPF/lpf_int                                                                                                          |                1 |              5 |
|  design_1_i/processing_system7_0/inst/FCLK_CLK0 | design_1_i/ps7_0_axi_periph/s00_couplers/auto_pc/inst/gen_axilite.gen_b2s_conv.axilite_b2s/WR.aw_channel_0/aw_cmd_fsm_0/m_valid_i_reg_0                        | design_1_i/ps7_0_axi_periph/s00_couplers/auto_pc/inst/gen_axilite.gen_b2s_conv.axilite_b2s/WR.aw_channel_0/aw_cmd_fsm_0/m_valid_i_reg                 |                2 |              5 |
|  design_1_i/processing_system7_0/inst/FCLK_CLK0 | design_1_i/ps7_0_axi_periph/s00_couplers/auto_pc/inst/gen_axilite.gen_b2s_conv.axilite_b2s/RD.ar_channel_0/ar_cmd_fsm_0/m_axi_arready_0                        | design_1_i/ps7_0_axi_periph/s00_couplers/auto_pc/inst/gen_axilite.gen_b2s_conv.axilite_b2s/RD.ar_channel_0/ar_cmd_fsm_0/FSM_sequential_state_reg[1]_0 |                2 |              5 |
|  design_1_i/processing_system7_0/inst/FCLK_CLK0 | design_1_i/rst_ps7_0_100M/U0/SEQ/seq_cnt_en                                                                                                                    | design_1_i/rst_ps7_0_100M/U0/SEQ/SEQ_COUNTER/clear                                                                                                    |                1 |              6 |
|  design_1_i/processing_system7_0/inst/FCLK_CLK0 | design_1_i/top_0/inst/diffMinQ[5]_i_1_n_0                                                                                                                      | design_1_i/top_0/inst/genblk1[0].tdc1/SR[0]                                                                                                           |                2 |              6 |
|  design_1_i/processing_system7_0/inst/FCLK_CLK0 | design_1_i/top_0/inst/diffMaxQ[5]_i_1_n_0                                                                                                                      | design_1_i/top_0/inst/genblk1[0].tdc1/SR[0]                                                                                                           |                1 |              6 |
|  design_1_i/processing_system7_0/inst/FCLK_CLK0 | design_1_i/top_0/inst/AxiSupporter1/state_reg[0]_rep_15                                                                                                        |                                                                                                                                                       |                7 |              7 |
|  design_1_i/processing_system7_0/inst/FCLK_CLK0 | design_1_i/top_0/inst/ppQ[30]_i_1_n_0                                                                                                                          | design_1_i/top_0/inst/genblk1[0].tdc1/SR[0]                                                                                                           |                2 |              7 |
|  design_1_i/processing_system7_0/inst/FCLK_CLK0 | design_1_i/ps7_0_axi_periph/s00_couplers/auto_pc/inst/gen_axilite.gen_b2s_conv.axilite_b2s/WR.b_channel_0/mhandshake_r                                         | design_1_i/ps7_0_axi_periph/s00_couplers/auto_pc/inst/gen_axilite.gen_b2s_conv.axilite_b2s/WR.b_channel_0/bid_fifo_0/SR[0]                            |                3 |              8 |
|  design_1_i/processing_system7_0/inst/FCLK_CLK0 |                                                                                                                                                                | design_1_i/ps7_0_axi_periph/s00_couplers/auto_pc/inst/gen_axilite.gen_b2s_conv.axilite_b2s/areset_d1                                                  |                3 |             10 |
|  design_1_i/processing_system7_0/inst/FCLK_CLK0 | design_1_i/ps7_0_axi_periph/s00_couplers/auto_pc/inst/gen_axilite.gen_b2s_conv.axilite_b2s/RD.ar_channel_0/ar_cmd_fsm_0/E[0]                                   |                                                                                                                                                       |                7 |             12 |
|  design_1_i/processing_system7_0/inst/FCLK_CLK0 | design_1_i/ps7_0_axi_periph/s00_couplers/auto_pc/inst/gen_axilite.gen_b2s_conv.axilite_b2s/WR.aw_channel_0/cmd_translator_0/incr_cmd_0/axaddr_incr[11]_i_1_n_0 |                                                                                                                                                       |                3 |             12 |
|  design_1_i/processing_system7_0/inst/FCLK_CLK0 | design_1_i/ps7_0_axi_periph/s00_couplers/auto_pc/inst/gen_axilite.gen_b2s_conv.axilite_b2s/RD.ar_channel_0/ar_cmd_fsm_0/sel_first_reg[0]                       |                                                                                                                                                       |                3 |             12 |
|  design_1_i/processing_system7_0/inst/FCLK_CLK0 | design_1_i/ps7_0_axi_periph/s00_couplers/auto_pc/inst/gen_axilite.gen_b2s_conv.axilite_b2s/WR.aw_channel_0/aw_cmd_fsm_0/E[0]                                   |                                                                                                                                                       |                6 |             12 |
|  design_1_i/processing_system7_0/inst/FCLK_CLK0 | design_1_i/ps7_0_axi_periph/s00_couplers/auto_pc/inst/gen_axilite.gen_b2s_conv.axilite_b2s/RD.r_channel_0/r_push_r                                             |                                                                                                                                                       |                4 |             13 |
|  design_1_i/processing_system7_0/inst/FCLK_CLK0 | design_1_i/ps7_0_axi_periph/s00_couplers/auto_pc/inst/gen_axilite.gen_b2s_conv.axilite_b2s/SI_REG/b.b_pipe/s_ready_i_reg_0                                     |                                                                                                                                                       |                2 |             14 |
|  design_1_i/processing_system7_0/inst/FCLK_CLK0 | design_1_i/ps7_0_axi_periph/s00_couplers/auto_pc/inst/gen_axilite.gen_b2s_conv.axilite_b2s/SI_REG/b.b_pipe/p_1_in                                              |                                                                                                                                                       |                2 |             14 |
|  design_1_i/processing_system7_0/inst/FCLK_CLK0 | design_1_i/ps7_0_axi_periph/s00_couplers/auto_pc/inst/gen_axilite.gen_b2s_conv.axilite_b2s/WR.aw_channel_0/aw_cmd_fsm_0/b_push                                 |                                                                                                                                                       |                3 |             16 |
|  design_1_i/processing_system7_0/inst/FCLK_CLK0 | design_1_i/ps7_0_axi_periph/s00_couplers/auto_pc/inst/gen_axilite.gen_b2s_conv.axilite_b2s/RD.ar_channel_0/ar_cmd_fsm_0/m_axi_arready_0                        |                                                                                                                                                       |                8 |             21 |
|  design_1_i/processing_system7_0/inst/FCLK_CLK0 | design_1_i/ps7_0_axi_periph/s00_couplers/auto_pc/inst/gen_axilite.gen_b2s_conv.axilite_b2s/WR.aw_channel_0/aw_cmd_fsm_0/m_valid_i_reg_0                        |                                                                                                                                                       |                8 |             21 |
|  design_1_i/processing_system7_0/inst/FCLK_CLK0 | design_1_i/top_0/inst/AxiSupporter1/state_reg[0]_rep_22                                                                                                        |                                                                                                                                                       |                7 |             28 |
|  design_1_i/processing_system7_0/inst/FCLK_CLK0 | design_1_i/top_0/inst/AxiSupporter1/state_reg[0]_rep_31                                                                                                        |                                                                                                                                                       |                7 |             28 |
|  design_1_i/processing_system7_0/inst/FCLK_CLK0 | design_1_i/top_0/inst/AxiSupporter1/state_reg[0]_rep_23                                                                                                        |                                                                                                                                                       |                7 |             28 |
|  design_1_i/processing_system7_0/inst/FCLK_CLK0 | design_1_i/top_0/inst/AxiSupporter1/state_reg[0]_rep_24                                                                                                        |                                                                                                                                                       |                7 |             28 |
|  design_1_i/processing_system7_0/inst/FCLK_CLK0 | design_1_i/top_0/inst/AxiSupporter1/state_reg[0]_rep_5                                                                                                         |                                                                                                                                                       |                7 |             28 |
|  design_1_i/processing_system7_0/inst/FCLK_CLK0 | design_1_i/top_0/inst/AxiSupporter1/counterQ_reg[12]_0                                                                                                         |                                                                                                                                                       |                7 |             28 |
|  design_1_i/processing_system7_0/inst/FCLK_CLK0 | design_1_i/top_0/inst/AxiSupporter1/counterQ_reg[9]_0                                                                                                          |                                                                                                                                                       |                7 |             28 |
|  design_1_i/processing_system7_0/inst/FCLK_CLK0 | design_1_i/top_0/inst/AxiSupporter1/state_reg[0]_rep_25                                                                                                        |                                                                                                                                                       |                7 |             28 |
|  design_1_i/processing_system7_0/inst/FCLK_CLK0 | design_1_i/top_0/inst/AxiSupporter1/counterQ_reg[11]_5                                                                                                         |                                                                                                                                                       |                7 |             28 |
|  design_1_i/processing_system7_0/inst/FCLK_CLK0 | design_1_i/top_0/inst/AxiSupporter1/counterQ_reg[11]_4                                                                                                         |                                                                                                                                                       |                7 |             28 |
|  design_1_i/processing_system7_0/inst/FCLK_CLK0 | design_1_i/top_0/inst/AxiSupporter1/counterQ_reg[11]_3                                                                                                         |                                                                                                                                                       |                7 |             28 |
|  design_1_i/processing_system7_0/inst/FCLK_CLK0 | design_1_i/top_0/inst/AxiSupporter1/counterQ_reg[11]_2                                                                                                         |                                                                                                                                                       |                7 |             28 |
|  design_1_i/processing_system7_0/inst/FCLK_CLK0 | design_1_i/top_0/inst/AxiSupporter1/counterQ_reg[11]_1                                                                                                         |                                                                                                                                                       |                7 |             28 |
|  design_1_i/processing_system7_0/inst/FCLK_CLK0 | design_1_i/top_0/inst/AxiSupporter1/counterQ_reg[11]_0                                                                                                         |                                                                                                                                                       |                7 |             28 |
|  design_1_i/processing_system7_0/inst/FCLK_CLK0 | design_1_i/top_0/inst/AxiSupporter1/state_reg[0]_rep_26                                                                                                        |                                                                                                                                                       |                7 |             28 |
|  design_1_i/processing_system7_0/inst/FCLK_CLK0 | design_1_i/top_0/inst/AxiSupporter1/state_reg[0]_rep_6                                                                                                         |                                                                                                                                                       |                7 |             28 |
|  design_1_i/processing_system7_0/inst/FCLK_CLK0 | design_1_i/top_0/inst/AxiSupporter1/state_reg[0]_rep_9                                                                                                         |                                                                                                                                                       |                7 |             28 |
|  design_1_i/processing_system7_0/inst/FCLK_CLK0 | design_1_i/top_0/inst/AxiSupporter1/state_reg[0]_rep_20                                                                                                        |                                                                                                                                                       |                7 |             28 |
|  design_1_i/processing_system7_0/inst/FCLK_CLK0 | design_1_i/top_0/inst/AxiSupporter1/state_reg[0]_rep_32                                                                                                        |                                                                                                                                                       |                7 |             28 |
|  design_1_i/processing_system7_0/inst/FCLK_CLK0 | design_1_i/top_0/inst/AxiSupporter1/state_reg[0]_rep_3                                                                                                         |                                                                                                                                                       |                7 |             28 |
|  design_1_i/processing_system7_0/inst/FCLK_CLK0 | design_1_i/top_0/inst/AxiSupporter1/state_reg[0]_rep_30                                                                                                        |                                                                                                                                                       |                7 |             28 |
|  design_1_i/processing_system7_0/inst/FCLK_CLK0 | design_1_i/top_0/inst/AxiSupporter1/state_reg[0]_rep_29                                                                                                        |                                                                                                                                                       |                7 |             28 |
|  design_1_i/processing_system7_0/inst/FCLK_CLK0 | design_1_i/top_0/inst/AxiSupporter1/state_reg[0]_rep_28                                                                                                        |                                                                                                                                                       |                7 |             28 |
|  design_1_i/processing_system7_0/inst/FCLK_CLK0 | design_1_i/top_0/inst/AxiSupporter1/state_reg[0]_rep_27                                                                                                        |                                                                                                                                                       |                7 |             28 |
|  design_1_i/processing_system7_0/inst/FCLK_CLK0 | design_1_i/top_0/inst/AxiSupporter1/state_reg[0]_rep_0                                                                                                         |                                                                                                                                                       |                7 |             28 |
|  design_1_i/processing_system7_0/inst/FCLK_CLK0 | design_1_i/top_0/inst/AxiSupporter1/state_reg[0]_rep                                                                                                           |                                                                                                                                                       |                7 |             28 |
|  design_1_i/processing_system7_0/inst/FCLK_CLK0 | design_1_i/top_0/inst/AxiSupporter1/state_reg[0]_rep_1                                                                                                         |                                                                                                                                                       |                7 |             28 |
|  design_1_i/processing_system7_0/inst/FCLK_CLK0 | design_1_i/top_0/inst/AxiSupporter1/state_reg[0]_rep_10                                                                                                        |                                                                                                                                                       |                7 |             28 |
|  design_1_i/processing_system7_0/inst/FCLK_CLK0 | design_1_i/top_0/inst/AxiSupporter1/state_reg[0]_rep_11                                                                                                        |                                                                                                                                                       |                7 |             28 |
|  design_1_i/processing_system7_0/inst/FCLK_CLK0 | design_1_i/top_0/inst/AxiSupporter1/state_reg[0]_rep_12                                                                                                        |                                                                                                                                                       |                7 |             28 |
|  design_1_i/processing_system7_0/inst/FCLK_CLK0 | design_1_i/top_0/inst/AxiSupporter1/state_reg[0]_rep_13                                                                                                        |                                                                                                                                                       |                7 |             28 |
|  design_1_i/processing_system7_0/inst/FCLK_CLK0 | design_1_i/top_0/inst/AxiSupporter1/state_reg[0]_rep_14                                                                                                        |                                                                                                                                                       |                7 |             28 |
|  design_1_i/processing_system7_0/inst/FCLK_CLK0 | design_1_i/top_0/inst/AxiSupporter1/state_reg[0]_rep_4                                                                                                         |                                                                                                                                                       |                7 |             28 |
|  design_1_i/processing_system7_0/inst/FCLK_CLK0 | design_1_i/top_0/inst/AxiSupporter1/state_reg[0]_rep_16                                                                                                        |                                                                                                                                                       |                7 |             28 |
|  design_1_i/processing_system7_0/inst/FCLK_CLK0 | design_1_i/top_0/inst/AxiSupporter1/state_reg[0]_rep_17                                                                                                        |                                                                                                                                                       |                7 |             28 |
|  design_1_i/processing_system7_0/inst/FCLK_CLK0 | design_1_i/top_0/inst/AxiSupporter1/state_reg[0]_rep_18                                                                                                        |                                                                                                                                                       |                7 |             28 |
|  design_1_i/processing_system7_0/inst/FCLK_CLK0 | design_1_i/top_0/inst/AxiSupporter1/state_reg[0]_rep_19                                                                                                        |                                                                                                                                                       |                7 |             28 |
|  design_1_i/processing_system7_0/inst/FCLK_CLK0 | design_1_i/top_0/inst/AxiSupporter1/state_reg[0]_rep_2                                                                                                         |                                                                                                                                                       |                7 |             28 |
|  design_1_i/processing_system7_0/inst/FCLK_CLK0 | design_1_i/top_0/inst/AxiSupporter1/state_reg[0]_rep_21                                                                                                        |                                                                                                                                                       |                7 |             28 |
|  design_1_i/clk_wiz_0/inst/clk_out1             | design_1_i/top_0/inst/AxiSupporter1/E[0]                                                                                                                       | design_1_i/top_0/inst/genblk1[0].tdc1/SR[0]                                                                                                           |               11 |             32 |
|  design_1_i/processing_system7_0/inst/FCLK_CLK0 | design_1_i/top_0/inst/AxiSupporter1/FSM_sequential_state_reg[1]_rep__0_2[0]                                                                                    | design_1_i/top_0/inst/genblk1[0].tdc1/SR[0]                                                                                                           |               11 |             32 |
|  design_1_i/processing_system7_0/inst/FCLK_CLK0 | design_1_i/top_0/inst/AxiSupporter1/FSM_sequential_state_reg[1]_rep__0_3[0]                                                                                    | design_1_i/top_0/inst/genblk1[0].tdc1/SR[0]                                                                                                           |               11 |             32 |
|  design_1_i/processing_system7_0/inst/FCLK_CLK0 | design_1_i/top_0/inst/AxiSupporter1/rdDataQ                                                                                                                    |                                                                                                                                                       |               12 |             32 |
|  design_1_i/processing_system7_0/inst/FCLK_CLK0 | design_1_i/top_0/inst/AxiSupporter1/E[0]                                                                                                                       | design_1_i/top_0/inst/genblk1[0].tdc1/SR[0]                                                                                                           |                6 |             32 |
|  design_1_i/processing_system7_0/inst/FCLK_CLK0 | design_1_i/ps7_0_axi_periph/s00_couplers/auto_pc/inst/gen_axilite.gen_b2s_conv.axilite_b2s/RD.r_channel_0/rd_data_fifo_0/wr_en0                                |                                                                                                                                                       |                9 |             34 |
|  design_1_i/processing_system7_0/inst/FCLK_CLK0 | design_1_i/ps7_0_axi_periph/s00_couplers/auto_pc/inst/gen_axilite.gen_b2s_conv.axilite_b2s/SI_REG/r.r_pipe/s_ready_i_reg_0                                     |                                                                                                                                                       |               10 |             47 |
|  design_1_i/processing_system7_0/inst/FCLK_CLK0 | design_1_i/ps7_0_axi_periph/s00_couplers/auto_pc/inst/gen_axilite.gen_b2s_conv.axilite_b2s/SI_REG/r.r_pipe/p_1_in                                              |                                                                                                                                                       |                7 |             47 |
|  design_1_i/processing_system7_0/inst/FCLK_CLK0 | design_1_i/ps7_0_axi_periph/s00_couplers/auto_pc/inst/gen_axilite.gen_b2s_conv.axilite_b2s/RD.ar_channel_0/ar_cmd_fsm_0/FSM_sequential_state_reg[1]_1[0]       |                                                                                                                                                       |                9 |             55 |
|  design_1_i/processing_system7_0/inst/FCLK_CLK0 | design_1_i/ps7_0_axi_periph/s00_couplers/auto_pc/inst/gen_axilite.gen_b2s_conv.axilite_b2s/WR.aw_channel_0/aw_cmd_fsm_0/m_valid_i_reg_1[0]                     |                                                                                                                                                       |               10 |             55 |
|  design_1_i/processing_system7_0/inst/FCLK_CLK0 | design_1_i/ps7_0_axi_periph/s00_couplers/auto_pc/inst/gen_axilite.gen_b2s_conv.axilite_b2s/SI_REG/aw.aw_pipe/s_ready_i_reg_0                                   |                                                                                                                                                       |               10 |             55 |
|  design_1_i/processing_system7_0/inst/FCLK_CLK0 | design_1_i/ps7_0_axi_periph/s00_couplers/auto_pc/inst/gen_axilite.gen_b2s_conv.axilite_b2s/SI_REG/ar.ar_pipe/s_ready_i_reg_0                                   |                                                                                                                                                       |               11 |             55 |
|  design_1_i/processing_system7_0/inst/FCLK_CLK0 | design_1_i/top_0/inst/AxiSupporter1/state_reg[0]_rep_8[0]                                                                                                      | design_1_i/top_0/inst/genblk1[0].tdc1/SR[0]                                                                                                           |               14 |             63 |
|  design_1_i/top_0/inst/virusEnQ[79]             |                                                                                                                                                                |                                                                                                                                                       |               33 |            128 |
|  design_1_i/top_0/inst/virusEnQ[94]             |                                                                                                                                                                |                                                                                                                                                       |               33 |            128 |
|  design_1_i/top_0/inst/virusEnQ[80]             |                                                                                                                                                                |                                                                                                                                                       |               32 |            128 |
|  design_1_i/top_0/inst/virusEnQ[81]             |                                                                                                                                                                |                                                                                                                                                       |               32 |            128 |
|  design_1_i/top_0/inst/virusEnQ[82]             |                                                                                                                                                                |                                                                                                                                                       |               32 |            128 |
|  design_1_i/top_0/inst/virusEnQ[83]             |                                                                                                                                                                |                                                                                                                                                       |               33 |            128 |
|  design_1_i/top_0/inst/virusEnQ[84]             |                                                                                                                                                                |                                                                                                                                                       |               32 |            128 |
|  design_1_i/top_0/inst/virusEnQ[85]             |                                                                                                                                                                |                                                                                                                                                       |               33 |            128 |
|  design_1_i/top_0/inst/virusEnQ[86]             |                                                                                                                                                                |                                                                                                                                                       |               32 |            128 |
|  design_1_i/top_0/inst/virusEnQ[87]             |                                                                                                                                                                |                                                                                                                                                       |               33 |            128 |
|  design_1_i/top_0/inst/virusEnQ[88]             |                                                                                                                                                                |                                                                                                                                                       |               32 |            128 |
|  design_1_i/top_0/inst/virusEnQ[89]             |                                                                                                                                                                |                                                                                                                                                       |               33 |            128 |
|  design_1_i/top_0/inst/virusEnQ[90]             |                                                                                                                                                                |                                                                                                                                                       |               32 |            128 |
|  design_1_i/top_0/inst/virusEnQ[91]             |                                                                                                                                                                |                                                                                                                                                       |               32 |            128 |
|  design_1_i/top_0/inst/virusEnQ[92]             |                                                                                                                                                                |                                                                                                                                                       |               32 |            128 |
|  design_1_i/top_0/inst/virusEnQ[93]             |                                                                                                                                                                |                                                                                                                                                       |               33 |            128 |
|  design_1_i/top_0/inst/virusEnQ[62]             |                                                                                                                                                                |                                                                                                                                                       |               33 |            128 |
|  design_1_i/top_0/inst/virusEnQ[78]             |                                                                                                                                                                |                                                                                                                                                       |               32 |            128 |
|  design_1_i/top_0/inst/virusEnQ[77]             |                                                                                                                                                                |                                                                                                                                                       |               35 |            128 |
|  design_1_i/top_0/inst/virusEnQ[76]             |                                                                                                                                                                |                                                                                                                                                       |               33 |            128 |
|  design_1_i/top_0/inst/virusEnQ[75]             |                                                                                                                                                                |                                                                                                                                                       |               39 |            128 |
|  design_1_i/top_0/inst/virusEnQ[74]             |                                                                                                                                                                |                                                                                                                                                       |               34 |            128 |
|  design_1_i/top_0/inst/virusEnQ[73]             |                                                                                                                                                                |                                                                                                                                                       |               32 |            128 |
|  design_1_i/top_0/inst/virusEnQ[72]             |                                                                                                                                                                |                                                                                                                                                       |               33 |            128 |
|  design_1_i/top_0/inst/virusEnQ[71]             |                                                                                                                                                                |                                                                                                                                                       |               33 |            128 |
|  design_1_i/top_0/inst/virusEnQ[70]             |                                                                                                                                                                |                                                                                                                                                       |               33 |            128 |
|  design_1_i/top_0/inst/virusEnQ[69]             |                                                                                                                                                                |                                                                                                                                                       |               33 |            128 |
|  design_1_i/top_0/inst/virusEnQ[68]             |                                                                                                                                                                |                                                                                                                                                       |               33 |            128 |
|  design_1_i/top_0/inst/virusEnQ[67]             |                                                                                                                                                                |                                                                                                                                                       |               33 |            128 |
|  design_1_i/top_0/inst/virusEnQ[66]             |                                                                                                                                                                |                                                                                                                                                       |               33 |            128 |
|  design_1_i/top_0/inst/virusEnQ[65]             |                                                                                                                                                                |                                                                                                                                                       |               37 |            128 |
|  design_1_i/top_0/inst/virusEnQ[64]             |                                                                                                                                                                |                                                                                                                                                       |               33 |            128 |
|  design_1_i/top_0/inst/virusEnQ[63]             |                                                                                                                                                                |                                                                                                                                                       |               32 |            128 |
|  design_1_i/top_0/inst/virusEnQ[120]            |                                                                                                                                                                |                                                                                                                                                       |               32 |            128 |
|  design_1_i/top_0/inst/virusEnQ[112]            |                                                                                                                                                                |                                                                                                                                                       |               33 |            128 |
|  design_1_i/top_0/inst/virusEnQ[113]            |                                                                                                                                                                |                                                                                                                                                       |               33 |            128 |
|  design_1_i/top_0/inst/virusEnQ[114]            |                                                                                                                                                                |                                                                                                                                                       |               33 |            128 |
|  design_1_i/top_0/inst/virusEnQ[115]            |                                                                                                                                                                |                                                                                                                                                       |               32 |            128 |
|  design_1_i/top_0/inst/virusEnQ[116]            |                                                                                                                                                                |                                                                                                                                                       |               32 |            128 |
|  design_1_i/top_0/inst/virusEnQ[117]            |                                                                                                                                                                |                                                                                                                                                       |               33 |            128 |
|  design_1_i/top_0/inst/virusEnQ[118]            |                                                                                                                                                                |                                                                                                                                                       |               33 |            128 |
|  design_1_i/top_0/inst/virusEnQ[119]            |                                                                                                                                                                |                                                                                                                                                       |               32 |            128 |
|  design_1_i/top_0/inst/virusEnQ[111]            |                                                                                                                                                                |                                                                                                                                                       |               32 |            128 |
|  design_1_i/top_0/inst/virusEnQ[121]            |                                                                                                                                                                |                                                                                                                                                       |               33 |            128 |
|  design_1_i/top_0/inst/virusEnQ[122]            |                                                                                                                                                                |                                                                                                                                                       |               32 |            128 |
|  design_1_i/top_0/inst/virusEnQ[127]            |                                                                                                                                                                |                                                                                                                                                       |               32 |            128 |
|  design_1_i/top_0/inst/virusEnQ[126]            |                                                                                                                                                                |                                                                                                                                                       |               33 |            128 |
|  design_1_i/top_0/inst/virusEnQ[125]            |                                                                                                                                                                |                                                                                                                                                       |               33 |            128 |
|  design_1_i/top_0/inst/virusEnQ[124]            |                                                                                                                                                                |                                                                                                                                                       |               32 |            128 |
|  design_1_i/top_0/inst/virusEnQ[123]            |                                                                                                                                                                |                                                                                                                                                       |               32 |            128 |
|  design_1_i/top_0/inst/virusEnQ[95]             |                                                                                                                                                                |                                                                                                                                                       |               32 |            128 |
|  design_1_i/top_0/inst/virusEnQ[110]            |                                                                                                                                                                |                                                                                                                                                       |               33 |            128 |
|  design_1_i/top_0/inst/virusEnQ[109]            |                                                                                                                                                                |                                                                                                                                                       |               32 |            128 |
|  design_1_i/top_0/inst/virusEnQ[108]            |                                                                                                                                                                |                                                                                                                                                       |               32 |            128 |
|  design_1_i/top_0/inst/virusEnQ[107]            |                                                                                                                                                                |                                                                                                                                                       |               33 |            128 |
|  design_1_i/top_0/inst/virusEnQ[106]            |                                                                                                                                                                |                                                                                                                                                       |               32 |            128 |
|  design_1_i/top_0/inst/virusEnQ[105]            |                                                                                                                                                                |                                                                                                                                                       |               33 |            128 |
|  design_1_i/top_0/inst/virusEnQ[104]            |                                                                                                                                                                |                                                                                                                                                       |               35 |            128 |
|  design_1_i/top_0/inst/virusEnQ[103]            |                                                                                                                                                                |                                                                                                                                                       |               32 |            128 |
|  design_1_i/top_0/inst/virusEnQ[102]            |                                                                                                                                                                |                                                                                                                                                       |               32 |            128 |
|  design_1_i/top_0/inst/virusEnQ[101]            |                                                                                                                                                                |                                                                                                                                                       |               32 |            128 |
|  design_1_i/top_0/inst/virusEnQ[100]            |                                                                                                                                                                |                                                                                                                                                       |               33 |            128 |
|  design_1_i/top_0/inst/virusEnQ[99]             |                                                                                                                                                                |                                                                                                                                                       |               33 |            128 |
|  design_1_i/top_0/inst/virusEnQ[98]             |                                                                                                                                                                |                                                                                                                                                       |               32 |            128 |
|  design_1_i/top_0/inst/virusEnQ[97]             |                                                                                                                                                                |                                                                                                                                                       |               33 |            128 |
|  design_1_i/top_0/inst/virusEnQ[96]             |                                                                                                                                                                |                                                                                                                                                       |               33 |            128 |
|  design_1_i/top_0/inst/virusEnQ[36]             |                                                                                                                                                                |                                                                                                                                                       |               33 |            128 |
|  design_1_i/top_0/inst/virusEnQ[55]             |                                                                                                                                                                |                                                                                                                                                       |               32 |            128 |
|  design_1_i/top_0/inst/virusEnQ[57]             |                                                                                                                                                                |                                                                                                                                                       |               33 |            128 |
|  design_1_i/top_0/inst/virusEnQ[56]             |                                                                                                                                                                |                                                                                                                                                       |               32 |            128 |
|  design_1_i/top_0/inst/virusEnQ[41]             |                                                                                                                                                                |                                                                                                                                                       |               33 |            128 |
|  design_1_i/top_0/inst/virusEnQ[40]             |                                                                                                                                                                |                                                                                                                                                       |               32 |            128 |
|  design_1_i/top_0/inst/virusEnQ[39]             |                                                                                                                                                                |                                                                                                                                                       |               32 |            128 |
|  design_1_i/top_0/inst/virusEnQ[38]             |                                                                                                                                                                |                                                                                                                                                       |               33 |            128 |
|  design_1_i/top_0/inst/virusEnQ[37]             |                                                                                                                                                                |                                                                                                                                                       |               33 |            128 |
|  design_1_i/top_0/inst/virusEnQ[54]             |                                                                                                                                                                |                                                                                                                                                       |               32 |            128 |
|  design_1_i/top_0/inst/virusEnQ[35]             |                                                                                                                                                                |                                                                                                                                                       |               32 |            128 |
|  design_1_i/top_0/inst/virusEnQ[34]             |                                                                                                                                                                |                                                                                                                                                       |               32 |            128 |
|  design_1_i/top_0/inst/virusEnQ[33]             |                                                                                                                                                                |                                                                                                                                                       |               34 |            128 |
|  design_1_i/top_0/inst/virusEnQ[32]             |                                                                                                                                                                |                                                                                                                                                       |               34 |            128 |
|  design_1_i/top_0/inst/virusEnQ[31]             |                                                                                                                                                                |                                                                                                                                                       |               32 |            128 |
|  design_1_i/top_0/inst/virusEnQ[30]             |                                                                                                                                                                |                                                                                                                                                       |               33 |            128 |
|  design_1_i/top_0/inst/virusEnQ[61]             |                                                                                                                                                                |                                                                                                                                                       |               32 |            128 |
|  design_1_i/top_0/inst/virusEnQ[29]             |                                                                                                                                                                |                                                                                                                                                       |               32 |            128 |
|  design_1_i/top_0/inst/virusEnQ[53]             |                                                                                                                                                                |                                                                                                                                                       |               32 |            128 |
|  design_1_i/top_0/inst/virusEnQ[52]             |                                                                                                                                                                |                                                                                                                                                       |               33 |            128 |
|  design_1_i/top_0/inst/virusEnQ[51]             |                                                                                                                                                                |                                                                                                                                                       |               32 |            128 |
|  design_1_i/top_0/inst/virusEnQ[50]             |                                                                                                                                                                |                                                                                                                                                       |               32 |            128 |
|  design_1_i/top_0/inst/virusEnQ[49]             |                                                                                                                                                                |                                                                                                                                                       |               32 |            128 |
|  design_1_i/top_0/inst/virusEnQ[48]             |                                                                                                                                                                |                                                                                                                                                       |               32 |            128 |
|  design_1_i/top_0/inst/virusEnQ[47]             |                                                                                                                                                                |                                                                                                                                                       |               33 |            128 |
|  design_1_i/top_0/inst/virusEnQ[46]             |                                                                                                                                                                |                                                                                                                                                       |               32 |            128 |
|  design_1_i/top_0/inst/virusEnQ[45]             |                                                                                                                                                                |                                                                                                                                                       |               32 |            128 |
|  design_1_i/top_0/inst/virusEnQ[44]             |                                                                                                                                                                |                                                                                                                                                       |               32 |            128 |
|  design_1_i/top_0/inst/virusEnQ[43]             |                                                                                                                                                                |                                                                                                                                                       |               33 |            128 |
|  design_1_i/top_0/inst/virusEnQ[42]             |                                                                                                                                                                |                                                                                                                                                       |               33 |            128 |
|  design_1_i/processing_system7_0/inst/FCLK_CLK0 | design_1_i/top_0/inst/AxiSupporter1/FSM_sequential_state_reg[1]_rep__0_0[0]                                                                                    | design_1_i/top_0/inst/genblk1[0].tdc1/SR[0]                                                                                                           |               55 |            128 |
|  design_1_i/processing_system7_0/inst/FCLK_CLK0 | design_1_i/top_0/inst/AxiSupporter1/FSM_sequential_state_reg[1]_rep__0_1[0]                                                                                    | design_1_i/top_0/inst/genblk1[0].tdc1/SR[0]                                                                                                           |               57 |            128 |
|  design_1_i/clk_wiz_0/inst/clk_out1             | design_1_i/top_0/inst/virusEnQ[127]_i_1_n_0                                                                                                                    | design_1_i/top_0/inst/genblk1[0].tdc1/SR[0]                                                                                                           |               35 |            128 |
|  design_1_i/top_0/inst/virusEnQ[11]             |                                                                                                                                                                |                                                                                                                                                       |               32 |            128 |
|  design_1_i/top_0/inst/virusEnQ[60]             |                                                                                                                                                                |                                                                                                                                                       |               33 |            128 |
|  design_1_i/top_0/inst/virusEnQ[59]             |                                                                                                                                                                |                                                                                                                                                       |               33 |            128 |
|  design_1_i/top_0/inst/virusEnQ[58]             |                                                                                                                                                                |                                                                                                                                                       |               32 |            128 |
|  design_1_i/top_0/inst/virusEnQ[0]              |                                                                                                                                                                |                                                                                                                                                       |               35 |            128 |
|  design_1_i/top_0/inst/virusEnQ[1]              |                                                                                                                                                                |                                                                                                                                                       |               35 |            128 |
|  design_1_i/top_0/inst/virusEnQ[2]              |                                                                                                                                                                |                                                                                                                                                       |               33 |            128 |
|  design_1_i/top_0/inst/virusEnQ[3]              |                                                                                                                                                                |                                                                                                                                                       |               33 |            128 |
|  design_1_i/top_0/inst/virusEnQ[4]              |                                                                                                                                                                |                                                                                                                                                       |               34 |            128 |
|  design_1_i/top_0/inst/virusEnQ[5]              |                                                                                                                                                                |                                                                                                                                                       |               34 |            128 |
|  design_1_i/top_0/inst/virusEnQ[6]              |                                                                                                                                                                |                                                                                                                                                       |               33 |            128 |
|  design_1_i/top_0/inst/virusEnQ[9]              |                                                                                                                                                                |                                                                                                                                                       |               32 |            128 |
|  design_1_i/top_0/inst/virusEnQ[7]              |                                                                                                                                                                |                                                                                                                                                       |               32 |            128 |
|  design_1_i/top_0/inst/virusEnQ[8]              |                                                                                                                                                                |                                                                                                                                                       |               33 |            128 |
|  design_1_i/top_0/inst/virusEnQ[10]             |                                                                                                                                                                |                                                                                                                                                       |               32 |            128 |
|  design_1_i/top_0/inst/virusEnQ[28]             |                                                                                                                                                                |                                                                                                                                                       |               33 |            128 |
|  design_1_i/top_0/inst/virusEnQ[21]             |                                                                                                                                                                |                                                                                                                                                       |               33 |            128 |
|  design_1_i/top_0/inst/virusEnQ[27]             |                                                                                                                                                                |                                                                                                                                                       |               33 |            128 |
|  design_1_i/top_0/inst/virusEnQ[26]             |                                                                                                                                                                |                                                                                                                                                       |               32 |            128 |
|  design_1_i/top_0/inst/virusEnQ[25]             |                                                                                                                                                                |                                                                                                                                                       |               33 |            128 |
|  design_1_i/top_0/inst/virusEnQ[24]             |                                                                                                                                                                |                                                                                                                                                       |               33 |            128 |
|  design_1_i/top_0/inst/virusEnQ[23]             |                                                                                                                                                                |                                                                                                                                                       |               34 |            128 |
|  design_1_i/top_0/inst/virusEnQ[22]             |                                                                                                                                                                |                                                                                                                                                       |               32 |            128 |
|  design_1_i/top_0/inst/virusEnQ[12]             |                                                                                                                                                                |                                                                                                                                                       |               33 |            128 |
|  design_1_i/top_0/inst/virusEnQ[20]             |                                                                                                                                                                |                                                                                                                                                       |               32 |            128 |
|  design_1_i/top_0/inst/virusEnQ[19]             |                                                                                                                                                                |                                                                                                                                                       |               33 |            128 |
|  design_1_i/top_0/inst/virusEnQ[18]             |                                                                                                                                                                |                                                                                                                                                       |               32 |            128 |
|  design_1_i/top_0/inst/virusEnQ[17]             |                                                                                                                                                                |                                                                                                                                                       |               33 |            128 |
|  design_1_i/top_0/inst/virusEnQ[16]             |                                                                                                                                                                |                                                                                                                                                       |               32 |            128 |
|  design_1_i/top_0/inst/virusEnQ[15]             |                                                                                                                                                                |                                                                                                                                                       |               32 |            128 |
|  design_1_i/top_0/inst/virusEnQ[14]             |                                                                                                                                                                |                                                                                                                                                       |               32 |            128 |
|  design_1_i/top_0/inst/virusEnQ[13]             |                                                                                                                                                                |                                                                                                                                                       |               33 |            128 |
|  design_1_i/processing_system7_0/inst/FCLK_CLK0 |                                                                                                                                                                | design_1_i/top_0/inst/genblk1[0].tdc1/SR[0]                                                                                                           |              318 |           1012 |
|  design_1_i/processing_system7_0/inst/FCLK_CLK0 |                                                                                                                                                                |                                                                                                                                                       |              303 |           1129 |
+-------------------------------------------------+----------------------------------------------------------------------------------------------------------------------------------------------------------------+-------------------------------------------------------------------------------------------------------------------------------------------------------+------------------+----------------+


