Copyright 1986-2019 Xilinx, Inc. All Rights Reserved.
----------------------------------------------------------------------------------------------
| Tool Version : Vivado v.2019.2 (lin64) Build 2708876 Wed Nov  6 21:39:14 MST 2019
| Date         : Tue Jun  9 10:55:18 2020
| Host         : patricknaughton01 running 64-bit Ubuntu 18.04.4 LTS
| Command      : report_clock_utilization -file design_1_wrapper_clock_utilization_routed.rpt
| Design       : design_1_wrapper
| Device       : 7z020-clg484
| Speed File   : -1  PRODUCTION 1.11 2014-09-11
| Design State : Routed
----------------------------------------------------------------------------------------------

Clock Utilization Report

Table of Contents
-----------------
1. Clock Primitive Utilization
2. Global Clock Resources
3. Global Clock Source Details
4. Local Clock Details
5. Clock Regions: Key Resource Utilization
6. Clock Regions : Global Clock Summary
7. Device Cell Placement Summary for Global Clock g0
8. Device Cell Placement Summary for Global Clock g1
9. Device Cell Placement Summary for Global Clock g2
10. Clock Region Cell Placement per Global Clock: Region X1Y0
11. Clock Region Cell Placement per Global Clock: Region X0Y1
12. Clock Region Cell Placement per Global Clock: Region X1Y1
13. Clock Region Cell Placement per Global Clock: Region X0Y2
14. Clock Region Cell Placement per Global Clock: Region X1Y2

1. Clock Primitive Utilization
------------------------------

+----------+------+-----------+-----+--------------+--------+
| Type     | Used | Available | LOC | Clock Region | Pblock |
+----------+------+-----------+-----+--------------+--------+
| BUFGCTRL |    3 |        32 |   0 |            0 |      0 |
| BUFH     |    0 |        72 |   0 |            0 |      0 |
| BUFIO    |    0 |        16 |   0 |            0 |      0 |
| BUFMR    |    0 |         8 |   0 |            0 |      0 |
| BUFR     |    0 |        16 |   0 |            0 |      0 |
| MMCM     |    1 |         4 |   0 |            0 |      0 |
| PLL      |    0 |         4 |   0 |            0 |      0 |
+----------+------+-----------+-----+--------------+--------+


2. Global Clock Resources
-------------------------

+-----------+-----------+-----------------+------------+----------------+--------------+-------------------+-------------+-----------------+--------------+-------------------------------+--------------------------------------------------------------------------+-------------------------------------------------------------+
| Global Id | Source Id | Driver Type/Pin | Constraint | Site           | Clock Region | Load Clock Region | Clock Loads | Non-Clock Loads | Clock Period | Clock                         | Driver Pin                                                               | Net                                                         |
+-----------+-----------+-----------------+------------+----------------+--------------+-------------------+-------------+-----------------+--------------+-------------------------------+--------------------------------------------------------------------------+-------------------------------------------------------------+
| g0        | src0      | BUFG/O          | None       | BUFGCTRL_X0Y16 | n/a          |                 5 |        1615 |               1 |       10.000 | clk_fpga_0                    | design_1_i/processing_system7_0/inst/buffer_fclk_clk_0.FCLK_CLK_0_BUFG/O | design_1_i/processing_system7_0/inst/FCLK_CLK0              |
| g1        | src1      | BUFG/O          | None       | BUFGCTRL_X0Y0  | n/a          |                 3 |         288 |               0 |       10.000 | clk_out1_design_1_clk_wiz_0_0 | design_1_i/clk_wiz_0/inst/clkout1_buf/O                                  | design_1_i/clk_wiz_0/inst/clk_out1                          |
| g2        | src1      | BUFG/O          | None       | BUFGCTRL_X0Y1  | n/a          |                 1 |           1 |               0 |       10.000 | clkfbout_design_1_clk_wiz_0_0 | design_1_i/clk_wiz_0/inst/clkf_buf/O                                     | design_1_i/clk_wiz_0/inst/clkfbout_buf_design_1_clk_wiz_0_0 |
+-----------+-----------+-----------------+------------+----------------+--------------+-------------------+-------------+-----------------+--------------+-------------------------------+--------------------------------------------------------------------------+-------------------------------------------------------------+
* Clock Loads column represents the clock pin loads (pin count)
** Non-Clock Loads column represents the non-clock pin loads (pin count)


3. Global Clock Source Details
------------------------------

+-----------+-----------+---------------------+------------+-----------------+--------------+-------------+-----------------+---------------------+-------------------------------+-------------------------------------------------------+-------------------------------------------------------------+
| Source Id | Global Id | Driver Type/Pin     | Constraint | Site            | Clock Region | Clock Loads | Non-Clock Loads | Source Clock Period | Source Clock                  | Driver Pin                                            | Net                                                         |
+-----------+-----------+---------------------+------------+-----------------+--------------+-------------+-----------------+---------------------+-------------------------------+-------------------------------------------------------+-------------------------------------------------------------+
| src0      | g0        | PS7/FCLKCLK[0]      | PS7_X0Y0   | PS7_X0Y0        | X0Y2         |           1 |               0 |              10.000 | clk_fpga_0                    | design_1_i/processing_system7_0/inst/PS7_i/FCLKCLK[0] | design_1_i/processing_system7_0/inst/FCLK_CLK_unbuffered[0] |
| src1      | g1        | MMCME2_ADV/CLKOUT0  | None       | MMCME2_ADV_X1Y0 | X1Y0         |           1 |               0 |              10.000 | clk_out1_design_1_clk_wiz_0_0 | design_1_i/clk_wiz_0/inst/mmcm_adv_inst/CLKOUT0       | design_1_i/clk_wiz_0/inst/clk_out1_design_1_clk_wiz_0_0     |
| src1      | g2        | MMCME2_ADV/CLKFBOUT | None       | MMCME2_ADV_X1Y0 | X1Y0         |           1 |               0 |              10.000 | clkfbout_design_1_clk_wiz_0_0 | design_1_i/clk_wiz_0/inst/mmcm_adv_inst/CLKFBOUT      | design_1_i/clk_wiz_0/inst/clkfbout_design_1_clk_wiz_0_0     |
+-----------+-----------+---------------------+------------+-----------------+--------------+-------------+-----------------+---------------------+-------------------------------+-------------------------------------------------------+-------------------------------------------------------------+
* Clock Loads column represents the clock pin loads (pin count)
** Non-Clock Loads column represents the non-clock pin loads (pin count)


4. Local Clock Details
----------------------

+----------+-----------------+------------+--------------------+--------------+-------------+-----------------+--------------+-------+-----------------------------------------------+-------------------------------------------------+
| Local Id | Driver Type/Pin | Constraint | Site/BEL           | Clock Region | Clock Loads | Non-Clock Loads | Clock Period | Clock | Driver Pin                                    | Net                                             |
+----------+-----------------+------------+--------------------+--------------+-------------+-----------------+--------------+-------+-----------------------------------------------+-------------------------------------------------||
| 0        | FDRE/Q          | None       | SLICE_X57Y115/A5FF | X1Y2         |         128 |             129 |              |       | design_1_i/top_0/inst/virusEnQ_reg[100]/Q     | design_1_i/top_0/inst/virusEnQ[100]             - Static -
| 1        | FDRE/Q          | None       | SLICE_X63Y117/BFF  | X1Y2         |         128 |             129 |              |       | design_1_i/top_0/inst/virusEnQ_reg[102]/Q     | design_1_i/top_0/inst/virusEnQ[102]             - Static -
| 2        | FDRE/Q          | None       | SLICE_X55Y118/A5FF | X1Y2         |         128 |             129 |              |       | design_1_i/top_0/inst/virusEnQ_reg[104]/Q     | design_1_i/top_0/inst/virusEnQ[104]             - Static -
| 3        | FDRE/Q          | None       | SLICE_X52Y117/BFF  | X1Y2         |         128 |             129 |              |       | design_1_i/top_0/inst/virusEnQ_reg[106]/Q     | design_1_i/top_0/inst/virusEnQ[106]             - Static -
| 4        | FDRE/Q          | None       | SLICE_X50Y118/AFF  | X1Y2         |         128 |             129 |              |       | design_1_i/top_0/inst/virusEnQ_reg[108]/Q     | design_1_i/top_0/inst/virusEnQ[108]             - Static -
| 5        | FDRE/Q          | None       | SLICE_X54Y117/AFF  | X1Y2         |         128 |             129 |              |       | design_1_i/top_0/inst/virusEnQ_reg[112]/Q     | design_1_i/top_0/inst/virusEnQ[112]             - Static -
| 6        | FDRE/Q          | None       | SLICE_X54Y117/CFF  | X1Y2         |         128 |             129 |              |       | design_1_i/top_0/inst/virusEnQ_reg[114]/Q     | design_1_i/top_0/inst/virusEnQ[114]             - Static -
| 7        | FDRE/Q          | None       | SLICE_X53Y116/C5FF | X1Y2         |         128 |             129 |              |       | design_1_i/top_0/inst/virusEnQ_reg[118]/Q     | design_1_i/top_0/inst/virusEnQ[118]             - Static -
| 8        | FDRE/Q          | None       | SLICE_X52Y98/BFF   | X1Y1         |         128 |             129 |              |       | design_1_i/top_0/inst/virusEnQ_reg[11]/Q      | design_1_i/top_0/inst/virusEnQ[11]              - Static -
| 9        | FDRE/Q          | None       | SLICE_X57Y115/B5FF | X1Y2         |         128 |             131 |              |       | design_1_i/top_0/inst/virusEnQ_reg[127]/Q     | design_1_i/top_0/inst/virusEnQ[127]             - Static -
| 10       | FDRE/Q          | None       | SLICE_X53Y98/AFF   | X1Y1         |         128 |             129 |              |       | design_1_i/top_0/inst/virusEnQ_reg[13]/Q      | design_1_i/top_0/inst/virusEnQ[13]              - Static -
| 11       | FDRE/Q          | None       | SLICE_X54Y97/AFF   | X1Y1         |         128 |             129 |              |       | design_1_i/top_0/inst/virusEnQ_reg[15]/Q      | design_1_i/top_0/inst/virusEnQ[15]              - Static -
| 12       | FDRE/Q          | None       | SLICE_X57Y97/AFF   | X1Y1         |         128 |             129 |              |       | design_1_i/top_0/inst/virusEnQ_reg[17]/Q      | design_1_i/top_0/inst/virusEnQ[17]              - Static -
| 13       | FDRE/Q          | None       | SLICE_X58Y97/BFF   | X1Y1         |         128 |             129 |              |       | design_1_i/top_0/inst/virusEnQ_reg[19]/Q      | design_1_i/top_0/inst/virusEnQ[19]              - Static -
| 14       | FDRE/Q          | None       | SLICE_X54Y96/BFF   | X1Y1         |         128 |             129 |              |       | design_1_i/top_0/inst/virusEnQ_reg[21]/Q      | design_1_i/top_0/inst/virusEnQ[21]              - Static -
| 15       | FDRE/Q          | None       | SLICE_X57Y97/BFF   | X1Y1         |         128 |             129 |              |       | design_1_i/top_0/inst/virusEnQ_reg[23]/Q      | design_1_i/top_0/inst/virusEnQ[23]              - Static -
| 16       | FDRE/Q          | None       | SLICE_X56Y97/CFF   | X1Y1         |         128 |             129 |              |       | design_1_i/top_0/inst/virusEnQ_reg[25]/Q      | design_1_i/top_0/inst/virusEnQ[25]              - Static -
| 17       | FDRE/Q          | None       | SLICE_X60Y97/BFF   | X1Y1         |         128 |             129 |              |       | design_1_i/top_0/inst/virusEnQ_reg[27]/Q      | design_1_i/top_0/inst/virusEnQ[27]              - Static -
| 18       | FDRE/Q          | None       | SLICE_X60Y98/AFF   | X1Y1         |         128 |             129 |              |       | design_1_i/top_0/inst/virusEnQ_reg[29]/Q      | design_1_i/top_0/inst/virusEnQ[29]              - Static -
| 19       | FDRE/Q          | None       | SLICE_X60Y98/BFF   | X1Y1         |         128 |             129 |              |       | design_1_i/top_0/inst/virusEnQ_reg[31]/Q      | design_1_i/top_0/inst/virusEnQ[31]              - Static -
| 20       | FDRE/Q          | None       | SLICE_X60Y97/DFF   | X1Y1         |         128 |             129 |              |       | design_1_i/top_0/inst/virusEnQ_reg[33]/Q      | design_1_i/top_0/inst/virusEnQ[33]              - Static -
| 21       | FDRE/Q          | None       | SLICE_X59Y96/AFF   | X1Y1         |         128 |             129 |              |       | design_1_i/top_0/inst/virusEnQ_reg[35]/Q      | design_1_i/top_0/inst/virusEnQ[35]              - Static -
| 22       | FDRE/Q          | None       | SLICE_X58Y98/AFF   | X1Y1         |         128 |             129 |              |       | design_1_i/top_0/inst/virusEnQ_reg[37]/Q      | design_1_i/top_0/inst/virusEnQ[37]              - Static -
| 23       | FDRE/Q          | None       | SLICE_X62Y99/A5FF  | X1Y1         |         128 |             129 |              |       | design_1_i/top_0/inst/virusEnQ_reg[39]/Q      | design_1_i/top_0/inst/virusEnQ[39]              - Static -
| 24       | FDRE/Q          | None       | SLICE_X54Y97/CFF   | X1Y1         |         128 |             129 |              |       | design_1_i/top_0/inst/virusEnQ_reg[3]/Q       | design_1_i/top_0/inst/virusEnQ[3]               - Static -
| 25       | FDRE/Q          | None       | SLICE_X56Y97/DFF   | X1Y1         |         128 |             129 |              |       | design_1_i/top_0/inst/virusEnQ_reg[41]/Q      | design_1_i/top_0/inst/virusEnQ[41]              - Static -
| 26       | FDRE/Q          | None       | SLICE_X58Y98/CFF   | X1Y1         |         128 |             129 |              |       | design_1_i/top_0/inst/virusEnQ_reg[43]/Q      | design_1_i/top_0/inst/virusEnQ[43]              - Static -
| 27       | FDRE/Q          | None       | SLICE_X58Y97/DFF   | X1Y1         |         128 |             129 |              |       | design_1_i/top_0/inst/virusEnQ_reg[45]/Q      | design_1_i/top_0/inst/virusEnQ[45]              - Static -
| 28       | FDRE/Q          | None       | SLICE_X63Y109/AFF  | X1Y2         |         128 |             129 |              |       | design_1_i/top_0/inst/virusEnQ_reg[47]/Q      | design_1_i/top_0/inst/virusEnQ[47]              - Static -
| 29       | FDRE/Q          | None       | SLICE_X61Y99/A5FF  | X1Y1         |         128 |             129 |              |       | design_1_i/top_0/inst/virusEnQ_reg[49]/Q      | design_1_i/top_0/inst/virusEnQ[49]              - Static -
| 30       | FDRE/Q          | None       | SLICE_X55Y110/AFF  | X1Y2         |         128 |             129 |              |       | design_1_i/top_0/inst/virusEnQ_reg[51]/Q      | design_1_i/top_0/inst/virusEnQ[51]              - Static -
| 31       | FDRE/Q          | None       | SLICE_X63Y109/CFF  | X1Y2         |         128 |             129 |              |       | design_1_i/top_0/inst/virusEnQ_reg[53]/Q      | design_1_i/top_0/inst/virusEnQ[53]              - Static -
| 32       | FDRE/Q          | None       | SLICE_X63Y111/AFF  | X1Y2         |         128 |             129 |              |       | design_1_i/top_0/inst/virusEnQ_reg[55]/Q      | design_1_i/top_0/inst/virusEnQ[55]              - Static -
| 33       | FDRE/Q          | None       | SLICE_X63Y110/A5FF | X1Y2         |         128 |             129 |              |       | design_1_i/top_0/inst/virusEnQ_reg[57]/Q      | design_1_i/top_0/inst/virusEnQ[57]              - Static -
| 34       | FDRE/Q          | None       | SLICE_X64Y110/CFF  | X1Y2         |         128 |             129 |              |       | design_1_i/top_0/inst/virusEnQ_reg[59]/Q      | design_1_i/top_0/inst/virusEnQ[59]              - Static -
| 35       | FDRE/Q          | None       | SLICE_X57Y97/DFF   | X1Y1         |         128 |             129 |              |       | design_1_i/top_0/inst/virusEnQ_reg[5]/Q       | design_1_i/top_0/inst/virusEnQ[5]               - Static -
| 36       | FDRE/Q          | None       | SLICE_X64Y110/DFF  | X1Y2         |         128 |             129 |              |       | design_1_i/top_0/inst/virusEnQ_reg[62]/Q      | design_1_i/top_0/inst/virusEnQ[62]              - Static -
| 37       | FDRE/Q          | None       | SLICE_X63Y111/BFF  | X1Y2         |         128 |             129 |              |       | design_1_i/top_0/inst/virusEnQ_reg[64]/Q      | design_1_i/top_0/inst/virusEnQ[64]              - Static -
| 38       | FDRE/Q          | None       | SLICE_X63Y113/AFF  | X1Y2         |         128 |             129 |              |       | design_1_i/top_0/inst/virusEnQ_reg[66]/Q      | design_1_i/top_0/inst/virusEnQ[66]              - Static -
| 39       | FDRE/Q          | None       | SLICE_X63Y113/BFF  | X1Y2         |         128 |             129 |              |       | design_1_i/top_0/inst/virusEnQ_reg[68]/Q      | design_1_i/top_0/inst/virusEnQ[68]              - Static -
| 40       | FDRE/Q          | None       | SLICE_X56Y113/AFF  | X1Y2         |         128 |             129 |              |       | design_1_i/top_0/inst/virusEnQ_reg[70]/Q      | design_1_i/top_0/inst/virusEnQ[70]              - Static -
| 41       | FDRE/Q          | None       | SLICE_X55Y118/CFF  | X1Y2         |         128 |             129 |              |       | design_1_i/top_0/inst/virusEnQ_reg[72]/Q      | design_1_i/top_0/inst/virusEnQ[72]              - Static -
| 42       | FDRE/Q          | None       | SLICE_X49Y116/AFF  | X0Y2         |         128 |             129 |              |       | design_1_i/top_0/inst/virusEnQ_reg[74]/Q      | design_1_i/top_0/inst/virusEnQ[74]              - Static -
| 43       | FDRE/Q          | None       | SLICE_X51Y115/AFF  | X1Y2         |         128 |             129 |              |       | design_1_i/top_0/inst/virusEnQ_reg[76]/Q      | design_1_i/top_0/inst/virusEnQ[76]              - Static -
| 44       | FDRE/Q          | None       | SLICE_X50Y118/CFF  | X1Y2         |         128 |             129 |              |       | design_1_i/top_0/inst/virusEnQ_reg[78]/Q      | design_1_i/top_0/inst/virusEnQ[78]              - Static -
| 45       | FDRE/Q          | None       | SLICE_X59Y96/BFF   | X1Y1         |         128 |             129 |              |       | design_1_i/top_0/inst/virusEnQ_reg[7]/Q       | design_1_i/top_0/inst/virusEnQ[7]               - Static -
| 46       | FDRE/Q          | None       | SLICE_X49Y116/DFF  | X0Y2         |         128 |             129 |              |       | design_1_i/top_0/inst/virusEnQ_reg[80]/Q      | design_1_i/top_0/inst/virusEnQ[80]              - Static -
| 47       | FDRE/Q          | None       | SLICE_X59Y115/A5FF | X1Y2         |         128 |             129 |              |       | design_1_i/top_0/inst/virusEnQ_reg[82]/Q      | design_1_i/top_0/inst/virusEnQ[82]              - Static -
| 48       | FDRE/Q          | None       | SLICE_X51Y115/BFF  | X1Y2         |         128 |             129 |              |       | design_1_i/top_0/inst/virusEnQ_reg[84]/Q      | design_1_i/top_0/inst/virusEnQ[84]              - Static -
| 49       | FDRE/Q          | None       | SLICE_X57Y117/B5FF | X1Y2         |         128 |             129 |              |       | design_1_i/top_0/inst/virusEnQ_reg[86]/Q      | design_1_i/top_0/inst/virusEnQ[86]              - Static -
| 50       | FDRE/Q          | None       | SLICE_X59Y117/B5FF | X1Y2         |         128 |             129 |              |       | design_1_i/top_0/inst/virusEnQ_reg[88]/Q      | design_1_i/top_0/inst/virusEnQ[88]              - Static -
| 51       | FDRE/Q          | None       | SLICE_X64Y117/AFF  | X1Y2         |         128 |             129 |              |       | design_1_i/top_0/inst/virusEnQ_reg[90]/Q      | design_1_i/top_0/inst/virusEnQ[90]              - Static -
| 52       | FDRE/Q          | None       | SLICE_X63Y117/DFF  | X1Y2         |         128 |             129 |              |       | design_1_i/top_0/inst/virusEnQ_reg[92]/Q      | design_1_i/top_0/inst/virusEnQ[92]              - Static -
| 53       | FDRE/Q          | None       | SLICE_X63Y117/A5FF | X1Y2         |         128 |             129 |              |       | design_1_i/top_0/inst/virusEnQ_reg[94]/Q      | design_1_i/top_0/inst/virusEnQ[94]              - Static -
| 54       | FDRE/Q          | None       | SLICE_X64Y117/BFF  | X1Y2         |         128 |             129 |              |       | design_1_i/top_0/inst/virusEnQ_reg[96]/Q      | design_1_i/top_0/inst/virusEnQ[96]              - Static -
| 55       | FDRE/Q          | None       | SLICE_X64Y117/DFF  | X1Y2         |         128 |             129 |              |       | design_1_i/top_0/inst/virusEnQ_reg[98]/Q      | design_1_i/top_0/inst/virusEnQ[98]              - Static -
| 56       | FDRE/Q          | None       | SLICE_X53Y97/CFF   | X1Y1         |         128 |             129 |              |       | design_1_i/top_0/inst/virusEnQ_reg[9]/Q       | design_1_i/top_0/inst/virusEnQ[9]               - Static -
| 57       | FDRE/Q          | None       | SLICE_X55Y107/A5FF | X1Y2         |         128 |             128 |              |       | design_1_i/top_0/inst/virusEnQ_reg[0]_rep/Q   | design_1_i/top_0/inst/virusEnQ_reg[0]_rep_n_0   - Static -
| 58       | FDRE/Q          | None       | SLICE_X63Y117/AFF  | X1Y2         |         128 |             129 |              |       | design_1_i/top_0/inst/virusEnQ_reg[101]_rep/Q | design_1_i/top_0/inst/virusEnQ_reg[101]_rep_n_0 - Static -
| 59       | FDRE/Q          | None       | SLICE_X55Y117/A5FF | X1Y2         |         128 |             129 |              |       | design_1_i/top_0/inst/virusEnQ_reg[103]_rep/Q | design_1_i/top_0/inst/virusEnQ_reg[103]_rep_n_0 - Static -
| 60       | FDRE/Q          | None       | SLICE_X52Y117/AFF  | X1Y2         |         128 |             129 |              |       | design_1_i/top_0/inst/virusEnQ_reg[105]_rep/Q | design_1_i/top_0/inst/virusEnQ_reg[105]_rep_n_0 - Static -
| 61       | FDRE/Q          | None       | SLICE_X52Y117/CFF  | X1Y2         |         128 |             129 |              |       | design_1_i/top_0/inst/virusEnQ_reg[107]_rep/Q | design_1_i/top_0/inst/virusEnQ_reg[107]_rep_n_0 - Static -
| 62       | FDRE/Q          | None       | SLICE_X55Y117/BFF  | X1Y2         |         128 |             128 |              |       | design_1_i/top_0/inst/virusEnQ_reg[109]_rep/Q | design_1_i/top_0/inst/virusEnQ_reg[109]_rep_n_0 - Static -
| 63       | FDRE/Q          | None       | SLICE_X52Y98/AFF   | X1Y1         |         128 |             129 |              |       | design_1_i/top_0/inst/virusEnQ_reg[10]_rep/Q  | design_1_i/top_0/inst/virusEnQ_reg[10]_rep_n_0  - Static -
| 64       | FDRE/Q          | None       | SLICE_X53Y116/A5FF | X1Y2         |         128 |             128 |              |       | design_1_i/top_0/inst/virusEnQ_reg[110]_rep/Q | design_1_i/top_0/inst/virusEnQ_reg[110]_rep_n_0 - Static -
| 65       | FDRE/Q          | None       | SLICE_X54Y116/A5FF | X1Y2         |         128 |             129 |              |       | design_1_i/top_0/inst/virusEnQ_reg[111]_rep/Q | design_1_i/top_0/inst/virusEnQ_reg[111]_rep_n_0 - Static -
| 66       | FDRE/Q          | None       | SLICE_X54Y117/BFF  | X1Y2         |         128 |             129 |              |       | design_1_i/top_0/inst/virusEnQ_reg[113]_rep/Q | design_1_i/top_0/inst/virusEnQ_reg[113]_rep_n_0 - Static -
| 67       | FDRE/Q          | None       | SLICE_X53Y116/B5FF | X1Y2         |         128 |             128 |              |       | design_1_i/top_0/inst/virusEnQ_reg[115]_rep/Q | design_1_i/top_0/inst/virusEnQ_reg[115]_rep_n_0 - Static -
| 68       | FDRE/Q          | None       | SLICE_X53Y116/CFF  | X1Y2         |         128 |             128 |              |       | design_1_i/top_0/inst/virusEnQ_reg[116]_rep/Q | design_1_i/top_0/inst/virusEnQ_reg[116]_rep_n_0 - Static -
| 69       | FDRE/Q          | None       | SLICE_X53Y116/DFF  | X1Y2         |         128 |             129 |              |       | design_1_i/top_0/inst/virusEnQ_reg[117]_rep/Q | design_1_i/top_0/inst/virusEnQ_reg[117]_rep_n_0 - Static -
| 70       | FDRE/Q          | None       | SLICE_X59Y117/A5FF | X1Y2         |         128 |             128 |              |       | design_1_i/top_0/inst/virusEnQ_reg[119]_rep/Q | design_1_i/top_0/inst/virusEnQ_reg[119]_rep_n_0 - Static -
| 71       | FDRE/Q          | None       | SLICE_X54Y117/DFF  | X1Y2         |         128 |             128 |              |       | design_1_i/top_0/inst/virusEnQ_reg[120]_rep/Q | design_1_i/top_0/inst/virusEnQ_reg[120]_rep_n_0 - Static -
| 72       | FDRE/Q          | None       | SLICE_X55Y118/BFF  | X1Y2         |         128 |             128 |              |       | design_1_i/top_0/inst/virusEnQ_reg[121]_rep/Q | design_1_i/top_0/inst/virusEnQ_reg[121]_rep_n_0 - Static -
| 73       | FDRE/Q          | None       | SLICE_X56Y116/A5FF | X1Y2         |         128 |             128 |              |       | design_1_i/top_0/inst/virusEnQ_reg[122]_rep/Q | design_1_i/top_0/inst/virusEnQ_reg[122]_rep_n_0 - Static -
| 74       | FDRE/Q          | None       | SLICE_X56Y118/A5FF | X1Y2         |         128 |             128 |              |       | design_1_i/top_0/inst/virusEnQ_reg[123]_rep/Q | design_1_i/top_0/inst/virusEnQ_reg[123]_rep_n_0 - Static -
| 75       | FDRE/Q          | None       | SLICE_X56Y118/B5FF | X1Y2         |         128 |             128 |              |       | design_1_i/top_0/inst/virusEnQ_reg[124]_rep/Q | design_1_i/top_0/inst/virusEnQ_reg[124]_rep_n_0 - Static -
| 76       | FDRE/Q          | None       | SLICE_X54Y118/A5FF | X1Y2         |         128 |             128 |              |       | design_1_i/top_0/inst/virusEnQ_reg[125]_rep/Q | design_1_i/top_0/inst/virusEnQ_reg[125]_rep_n_0 - Static -
| 77       | FDRE/Q          | None       | SLICE_X54Y118/BFF  | X1Y2         |         128 |             128 |              |       | design_1_i/top_0/inst/virusEnQ_reg[126]_rep/Q | design_1_i/top_0/inst/virusEnQ_reg[126]_rep_n_0 - Static -
| 78       | FDRE/Q          | None       | SLICE_X52Y98/CFF   | X1Y1         |         128 |             129 |              |       | design_1_i/top_0/inst/virusEnQ_reg[12]_rep/Q  | design_1_i/top_0/inst/virusEnQ_reg[12]_rep_n_0  - Static -
| 79       | FDRE/Q          | None       | SLICE_X53Y97/AFF   | X1Y1         |         128 |             129 |              |       | design_1_i/top_0/inst/virusEnQ_reg[14]_rep/Q  | design_1_i/top_0/inst/virusEnQ_reg[14]_rep_n_0  - Static -
| 80       | FDRE/Q          | None       | SLICE_X56Y97/AFF   | X1Y1         |         128 |             129 |              |       | design_1_i/top_0/inst/virusEnQ_reg[16]_rep/Q  | design_1_i/top_0/inst/virusEnQ_reg[16]_rep_n_0  - Static -
| 81       | FDRE/Q          | None       | SLICE_X58Y97/AFF   | X1Y1         |         128 |             129 |              |       | design_1_i/top_0/inst/virusEnQ_reg[18]_rep/Q  | design_1_i/top_0/inst/virusEnQ_reg[18]_rep_n_0  - Static -
| 82       | FDRE/Q          | None       | SLICE_X53Y98/BFF   | X1Y1         |         128 |             128 |              |       | design_1_i/top_0/inst/virusEnQ_reg[1]_rep/Q   | design_1_i/top_0/inst/virusEnQ_reg[1]_rep_n_0   - Static -
| 83       | FDRE/Q          | None       | SLICE_X54Y96/AFF   | X1Y1         |         128 |             129 |              |       | design_1_i/top_0/inst/virusEnQ_reg[20]_rep/Q  | design_1_i/top_0/inst/virusEnQ_reg[20]_rep_n_0  - Static -
| 84       | FDRE/Q          | None       | SLICE_X56Y97/BFF   | X1Y1         |         128 |             129 |              |       | design_1_i/top_0/inst/virusEnQ_reg[22]_rep/Q  | design_1_i/top_0/inst/virusEnQ_reg[22]_rep_n_0  - Static -
| 85       | FDRE/Q          | None       | SLICE_X59Y98/AFF   | X1Y1         |         128 |             129 |              |       | design_1_i/top_0/inst/virusEnQ_reg[24]_rep/Q  | design_1_i/top_0/inst/virusEnQ_reg[24]_rep_n_0  - Static -
| 86       | FDRE/Q          | None       | SLICE_X60Y97/AFF   | X1Y1         |         128 |             129 |              |       | design_1_i/top_0/inst/virusEnQ_reg[26]_rep/Q  | design_1_i/top_0/inst/virusEnQ_reg[26]_rep_n_0  - Static -
| 87       | FDRE/Q          | None       | SLICE_X58Y97/CFF   | X1Y1         |         128 |             129 |              |       | design_1_i/top_0/inst/virusEnQ_reg[28]_rep/Q  | design_1_i/top_0/inst/virusEnQ_reg[28]_rep_n_0  - Static -
| 88       | FDRE/Q          | None       | SLICE_X54Y97/BFF   | X1Y1         |         128 |             129 |              |       | design_1_i/top_0/inst/virusEnQ_reg[2]_rep/Q   | design_1_i/top_0/inst/virusEnQ_reg[2]_rep_n_0   - Static -
| 89       | FDRE/Q          | None       | SLICE_X60Y97/CFF   | X1Y1         |         128 |             129 |              |       | design_1_i/top_0/inst/virusEnQ_reg[30]_rep/Q  | design_1_i/top_0/inst/virusEnQ_reg[30]_rep_n_0  - Static -
| 90       | FDRE/Q          | None       | SLICE_X57Y97/CFF   | X1Y1         |         128 |             129 |              |       | design_1_i/top_0/inst/virusEnQ_reg[32]_rep/Q  | design_1_i/top_0/inst/virusEnQ_reg[32]_rep_n_0  - Static -
| 91       | FDRE/Q          | None       | SLICE_X60Y98/CFF   | X1Y1         |         128 |             129 |              |       | design_1_i/top_0/inst/virusEnQ_reg[34]_rep/Q  | design_1_i/top_0/inst/virusEnQ_reg[34]_rep_n_0  - Static -
| 92       | FDRE/Q          | None       | SLICE_X59Y98/BFF   | X1Y1         |         128 |             129 |              |       | design_1_i/top_0/inst/virusEnQ_reg[36]_rep/Q  | design_1_i/top_0/inst/virusEnQ_reg[36]_rep_n_0  - Static -
| 93       | FDRE/Q          | None       | SLICE_X60Y98/DFF   | X1Y1         |         128 |             129 |              |       | design_1_i/top_0/inst/virusEnQ_reg[38]_rep/Q  | design_1_i/top_0/inst/virusEnQ_reg[38]_rep_n_0  - Static -
| 94       | FDRE/Q          | None       | SLICE_X56Y106/AFF  | X1Y2         |         128 |             129 |              |       | design_1_i/top_0/inst/virusEnQ_reg[40]_rep/Q  | design_1_i/top_0/inst/virusEnQ_reg[40]_rep_n_0  - Static -
| 95       | FDRE/Q          | None       | SLICE_X58Y98/BFF   | X1Y1         |         128 |             129 |              |       | design_1_i/top_0/inst/virusEnQ_reg[42]_rep/Q  | design_1_i/top_0/inst/virusEnQ_reg[42]_rep_n_0  - Static -
| 96       | FDRE/Q          | None       | SLICE_X58Y98/DFF   | X1Y1         |         128 |             129 |              |       | design_1_i/top_0/inst/virusEnQ_reg[44]_rep/Q  | design_1_i/top_0/inst/virusEnQ_reg[44]_rep_n_0  - Static -
| 97       | FDRE/Q          | None       | SLICE_X59Y98/CFF   | X1Y1         |         128 |             129 |              |       | design_1_i/top_0/inst/virusEnQ_reg[46]_rep/Q  | design_1_i/top_0/inst/virusEnQ_reg[46]_rep_n_0  - Static -
| 98       | FDRE/Q          | None       | SLICE_X62Y108/A5FF | X1Y2         |         128 |             129 |              |       | design_1_i/top_0/inst/virusEnQ_reg[48]_rep/Q  | design_1_i/top_0/inst/virusEnQ_reg[48]_rep_n_0  - Static -
| 99       | FDRE/Q          | None       | SLICE_X54Y97/DFF   | X1Y1         |         128 |             129 |              |       | design_1_i/top_0/inst/virusEnQ_reg[4]_rep/Q   | design_1_i/top_0/inst/virusEnQ_reg[4]_rep_n_0   - Static -
| 100      | FDRE/Q          | None       | SLICE_X61Y99/B5FF  | X1Y1         |         128 |             129 |              |       | design_1_i/top_0/inst/virusEnQ_reg[50]_rep/Q  | design_1_i/top_0/inst/virusEnQ_reg[50]_rep_n_0  - Static -
| 101      | FDRE/Q          | None       | SLICE_X63Y109/BFF  | X1Y2         |         128 |             129 |              |       | design_1_i/top_0/inst/virusEnQ_reg[52]_rep/Q  | design_1_i/top_0/inst/virusEnQ_reg[52]_rep_n_0  - Static -
| 102      | FDRE/Q          | None       | SLICE_X63Y109/DFF  | X1Y2         |         128 |             129 |              |       | design_1_i/top_0/inst/virusEnQ_reg[54]_rep/Q  | design_1_i/top_0/inst/virusEnQ_reg[54]_rep_n_0  - Static -
| 103      | FDRE/Q          | None       | SLICE_X64Y110/AFF  | X1Y2         |         128 |             129 |              |       | design_1_i/top_0/inst/virusEnQ_reg[56]_rep/Q  | design_1_i/top_0/inst/virusEnQ_reg[56]_rep_n_0  - Static -
| 104      | FDRE/Q          | None       | SLICE_X64Y110/BFF  | X1Y2         |         128 |             129 |              |       | design_1_i/top_0/inst/virusEnQ_reg[58]_rep/Q  | design_1_i/top_0/inst/virusEnQ_reg[58]_rep_n_0  - Static -
| 105      | FDRE/Q          | None       | SLICE_X56Y109/A5FF | X1Y2         |         128 |             128 |              |       | design_1_i/top_0/inst/virusEnQ_reg[60]_rep/Q  | design_1_i/top_0/inst/virusEnQ_reg[60]_rep_n_0  - Static -
| 106      | FDRE/Q          | None       | SLICE_X63Y110/B5FF | X1Y2         |         128 |             129 |              |       | design_1_i/top_0/inst/virusEnQ_reg[61]_rep/Q  | design_1_i/top_0/inst/virusEnQ_reg[61]_rep_n_0  - Static -
| 107      | FDRE/Q          | None       | SLICE_X62Y108/B5FF | X1Y2         |         128 |             129 |              |       | design_1_i/top_0/inst/virusEnQ_reg[63]_rep/Q  | design_1_i/top_0/inst/virusEnQ_reg[63]_rep_n_0  - Static -
| 108      | FDRE/Q          | None       | SLICE_X63Y111/CFF  | X1Y2         |         128 |             129 |              |       | design_1_i/top_0/inst/virusEnQ_reg[65]_rep/Q  | design_1_i/top_0/inst/virusEnQ_reg[65]_rep_n_0  - Static -
| 109      | FDRE/Q          | None       | SLICE_X63Y111/DFF  | X1Y2         |         128 |             129 |              |       | design_1_i/top_0/inst/virusEnQ_reg[67]_rep/Q  | design_1_i/top_0/inst/virusEnQ_reg[67]_rep_n_0  - Static -
| 110      | FDRE/Q          | None       | SLICE_X63Y113/CFF  | X1Y2         |         128 |             129 |              |       | design_1_i/top_0/inst/virusEnQ_reg[69]_rep/Q  | design_1_i/top_0/inst/virusEnQ_reg[69]_rep_n_0  - Static -
| 111      | FDRE/Q          | None       | SLICE_X56Y97/A5FF  | X1Y1         |         128 |             129 |              |       | design_1_i/top_0/inst/virusEnQ_reg[6]_rep/Q   | design_1_i/top_0/inst/virusEnQ_reg[6]_rep_n_0   - Static -
| 112      | FDRE/Q          | None       | SLICE_X55Y114/A5FF | X1Y2         |         128 |             129 |              |       | design_1_i/top_0/inst/virusEnQ_reg[71]_rep/Q  | design_1_i/top_0/inst/virusEnQ_reg[71]_rep_n_0  - Static -
| 113      | FDRE/Q          | None       | SLICE_X52Y117/DFF  | X1Y2         |         128 |             129 |              |       | design_1_i/top_0/inst/virusEnQ_reg[73]_rep/Q  | design_1_i/top_0/inst/virusEnQ_reg[73]_rep_n_0  - Static -
| 114      | FDRE/Q          | None       | SLICE_X49Y116/BFF  | X0Y2         |         128 |             129 |              |       | design_1_i/top_0/inst/virusEnQ_reg[75]_rep/Q  | design_1_i/top_0/inst/virusEnQ_reg[75]_rep_n_0  - Static -
| 115      | FDRE/Q          | None       | SLICE_X50Y118/BFF  | X1Y2         |         128 |             129 |              |       | design_1_i/top_0/inst/virusEnQ_reg[77]_rep/Q  | design_1_i/top_0/inst/virusEnQ_reg[77]_rep_n_0  - Static -
| 116      | FDRE/Q          | None       | SLICE_X49Y116/CFF  | X0Y2         |         128 |             129 |              |       | design_1_i/top_0/inst/virusEnQ_reg[79]_rep/Q  | design_1_i/top_0/inst/virusEnQ_reg[79]_rep_n_0  - Static -
| 117      | FDRE/Q          | None       | SLICE_X57Y117/A5FF | X1Y2         |         128 |             129 |              |       | design_1_i/top_0/inst/virusEnQ_reg[81]_rep/Q  | design_1_i/top_0/inst/virusEnQ_reg[81]_rep_n_0  - Static -
| 118      | FDRE/Q          | None       | SLICE_X63Y113/DFF  | X1Y2         |         128 |             129 |              |       | design_1_i/top_0/inst/virusEnQ_reg[83]_rep/Q  | design_1_i/top_0/inst/virusEnQ_reg[83]_rep_n_0  - Static -
| 119      | FDRE/Q          | None       | SLICE_X53Y114/AFF  | X1Y2         |         128 |             129 |              |       | design_1_i/top_0/inst/virusEnQ_reg[85]_rep/Q  | design_1_i/top_0/inst/virusEnQ_reg[85]_rep_n_0  - Static -
| 120      | FDRE/Q          | None       | SLICE_X55Y117/CFF  | X1Y2         |         128 |             129 |              |       | design_1_i/top_0/inst/virusEnQ_reg[87]_rep/Q  | design_1_i/top_0/inst/virusEnQ_reg[87]_rep_n_0  - Static -
| 121      | FDRE/Q          | None       | SLICE_X63Y116/AFF  | X1Y2         |         128 |             129 |              |       | design_1_i/top_0/inst/virusEnQ_reg[89]_rep/Q  | design_1_i/top_0/inst/virusEnQ_reg[89]_rep_n_0  - Static -
| 122      | FDRE/Q          | None       | SLICE_X53Y97/BFF   | X1Y1         |         128 |             129 |              |       | design_1_i/top_0/inst/virusEnQ_reg[8]_rep/Q   | design_1_i/top_0/inst/virusEnQ_reg[8]_rep_n_0   - Static -
| 123      | FDRE/Q          | None       | SLICE_X63Y117/CFF  | X1Y2         |         128 |             129 |              |       | design_1_i/top_0/inst/virusEnQ_reg[91]_rep/Q  | design_1_i/top_0/inst/virusEnQ_reg[91]_rep_n_0  - Static -
| 124      | FDRE/Q          | None       | SLICE_X62Y116/A5FF | X1Y2         |         128 |             129 |              |       | design_1_i/top_0/inst/virusEnQ_reg[93]_rep/Q  | design_1_i/top_0/inst/virusEnQ_reg[93]_rep_n_0  - Static -
| 125      | FDRE/Q          | None       | SLICE_X63Y113/A5FF | X1Y2         |         128 |             129 |              |       | design_1_i/top_0/inst/virusEnQ_reg[95]_rep/Q  | design_1_i/top_0/inst/virusEnQ_reg[95]_rep_n_0  - Static -
| 126      | FDRE/Q          | None       | SLICE_X64Y117/CFF  | X1Y2         |         128 |             129 |              |       | design_1_i/top_0/inst/virusEnQ_reg[97]_rep/Q  | design_1_i/top_0/inst/virusEnQ_reg[97]_rep_n_0  - Static -
| 127      | FDRE/Q          | None       | SLICE_X63Y116/BFF  | X1Y2         |         128 |             129 |              |       | design_1_i/top_0/inst/virusEnQ_reg[99]_rep/Q  | design_1_i/top_0/inst/virusEnQ_reg[99]_rep_n_0  - Static -
+----------+-----------------+------------+--------------------+--------------+-------------+-----------------+--------------+-------+-----------------------------------------------+-------------------------------------------------||
* Local Clocks in this context represents only clocks driven by non-global buffers
** Clock Loads column represents the clock pin loads (pin count)
*** Non-Clock Loads column represents the non-clock pin loads (pin count)


5. Clock Regions: Key Resource Utilization
------------------------------------------

+-------------------+--------------+--------------+--------------+--------------+--------------+--------------+--------------+--------------+--------------+--------------+--------------+--------------+--------------+--------------+--------------+
|                   | Global Clock |     BUFRs    |    BUFMRs    |    BUFIOs    |     MMCM     |      PLL     |      GT      |      PCI     |    ILOGIC    |    OLOGIC    |      FF      |     LUTM     |    RAMB18    |    RAMB36    |    DSP48E2   |
+-------------------+------+-------+------+-------+------+-------+------+-------+------+-------+------+-------+------+-------+------+-------+------+-------+------+-------+------+-------+------+-------+------+-------+------+-------+------+-------+
| Clock Region Name | Used | Avail | Used | Avail | Used | Avail | Used | Avail | Used | Avail | Used | Avail | Used | Avail | Used | Avail | Used | Avail | Used | Avail | Used | Avail | Used | Avail | Used | Avail | Used | Avail | Used | Avail |
+-------------------+------+-------+------+-------+------+-------+------+-------+------+-------+------+-------+------+-------+------+-------+------+-------+------+-------+------+-------+------+-------+------+-------+------+-------+------+-------+
| X0Y0              |    0 |    12 |    0 |     4 |    0 |     2 |    0 |     4 |    0 |     1 |    0 |     1 |    0 |     0 |    0 |     0 |    0 |    50 |    0 |    50 |    0 |  2500 |    0 |  1000 |    0 |    60 |    0 |    30 |    0 |    60 |
| X1Y0              |    2 |    12 |    0 |     4 |    0 |     2 |    0 |     4 |    1 |     1 |    0 |     1 |    0 |     0 |    0 |     0 |    0 |    50 |    0 |    50 |    0 |  3200 |    0 |   850 |    0 |    60 |    0 |    30 |    0 |    40 |
| X0Y1              |    1 |    12 |    0 |     0 |    0 |     0 |    0 |     0 |    0 |     0 |    0 |     0 |    0 |     0 |    0 |     0 |    0 |     0 |    0 |     0 |  639 |  1200 | 1639 |   400 |    0 |    20 |    0 |    10 |    3 |    20 |
| X1Y1              |    2 |    12 |    0 |     4 |    0 |     2 |    0 |     4 |    0 |     1 |    0 |     1 |    0 |     0 |    0 |     0 |    0 |    50 |    0 |    50 |   97 |  2600 | 3667 |   850 |    0 |    60 |    0 |    30 |    0 |    40 |
| X0Y2              |    2 |    12 |    0 |     0 |    0 |     0 |    0 |     0 |    0 |     0 |    0 |     0 |    0 |     0 |    0 |     0 |    0 |     0 |    0 |     0 |  337 |  1200 | 2099 |   400 |    0 |    20 |    0 |    10 |    4 |    20 |
| X1Y2              |    2 |    12 |    0 |     4 |    0 |     2 |    0 |     4 |    0 |     1 |    0 |     1 |    0 |     0 |    0 |     0 |    0 |    50 |    0 |    50 |  468 |  2600 | 5560 |   850 |    0 |    60 |    0 |    30 |    0 |    40 |
+-------------------+------+-------+------+-------+------+-------+------+-------+------+-------+------+-------+------+-------+------+-------+------+-------+------+-------+------+-------+------+-------+------+-------+------+-------+------+-------+
* Global Clock column represents track count; while other columns represents cell counts


6. Clock Regions : Global Clock Summary
---------------------------------------

All Modules
+----+----+----+
|    | X0 | X1 |
+----+----+----+
| Y2 |  2 |  2 |
| Y1 |  1 |  2 |
| Y0 |  0 |  2 |
+----+----+----+


7. Device Cell Placement Summary for Global Clock g0
----------------------------------------------------

+-----------+-----------------+-------------------+------------+-------------+---------------+-------------+----------+----------------+----------+------------------------------------------------+
| Global Id | Driver Type/Pin | Driver Region (D) | Clock      | Period (ns) | Waveform (ns) | Slice Loads | IO Loads | Clocking Loads | GT Loads | Net                                            |
+-----------+-----------------+-------------------+------------+-------------+---------------+-------------+----------+----------------+----------+------------------------------------------------+
| g0        | BUFG/O          | n/a               | clk_fpga_0 |      10.000 | {0.000 5.000} |        1391 |        0 |              1 |        0 | design_1_i/processing_system7_0/inst/FCLK_CLK0 |
+-----------+-----------------+-------------------+------------+-------------+---------------+-------------+----------+----------------+----------+------------------------------------------------+
* Slice Loads column represents load cell count of all cell types other than IO, GT and clock resources
** IO Loads column represents load cell count of IO types
*** Clocking Loads column represents load cell count that are clock resources (global clock buffer, MMCM, PLL, etc)
**** GT Loads column represents load cell count of GT types


+----+------+------+
|    | X0   | X1   |
+----+------+------+
| Y2 |  351 |  299 |
| Y1 |  695 |   46 |
| Y0 |    0 |    1 |
+----+------+------+


8. Device Cell Placement Summary for Global Clock g1
----------------------------------------------------

+-----------+-----------------+-------------------+-------------------------------+-------------+---------------+-------------+----------+----------------+----------+------------------------------------+
| Global Id | Driver Type/Pin | Driver Region (D) | Clock                         | Period (ns) | Waveform (ns) | Slice Loads | IO Loads | Clocking Loads | GT Loads | Net                                |
+-----------+-----------------+-------------------+-------------------------------+-------------+---------------+-------------+----------+----------------+----------+------------------------------------+
| g1        | BUFG/O          | n/a               | clk_out1_design_1_clk_wiz_0_0 |      10.000 | {0.000 5.000} |         288 |        0 |              0 |        0 | design_1_i/clk_wiz_0/inst/clk_out1 |
+-----------+-----------------+-------------------+-------------------------------+-------------+---------------+-------------+----------+----------------+----------+------------------------------------+
* Slice Loads column represents load cell count of all cell types other than IO, GT and clock resources
** IO Loads column represents load cell count of IO types
*** Clocking Loads column represents load cell count that are clock resources (global clock buffer, MMCM, PLL, etc)
**** GT Loads column represents load cell count of GT types


+----+----+------+
|    | X0 | X1   |
+----+----+------+
| Y2 |  4 |  233 |
| Y1 |  0 |   51 |
| Y0 |  0 |    0 |
+----+----+------+


9. Device Cell Placement Summary for Global Clock g2
----------------------------------------------------

+-----------+-----------------+-------------------+-------------------------------+-------------+---------------+-------------+----------+----------------+----------+-------------------------------------------------------------+
| Global Id | Driver Type/Pin | Driver Region (D) | Clock                         | Period (ns) | Waveform (ns) | Slice Loads | IO Loads | Clocking Loads | GT Loads | Net                                                         |
+-----------+-----------------+-------------------+-------------------------------+-------------+---------------+-------------+----------+----------------+----------+-------------------------------------------------------------+
| g2        | BUFG/O          | n/a               | clkfbout_design_1_clk_wiz_0_0 |      10.000 | {0.000 5.000} |           0 |        0 |              1 |        0 | design_1_i/clk_wiz_0/inst/clkfbout_buf_design_1_clk_wiz_0_0 |
+-----------+-----------------+-------------------+-------------------------------+-------------+---------------+-------------+----------+----------------+----------+-------------------------------------------------------------+
* Slice Loads column represents load cell count of all cell types other than IO, GT and clock resources
** IO Loads column represents load cell count of IO types
*** Clocking Loads column represents load cell count that are clock resources (global clock buffer, MMCM, PLL, etc)
**** GT Loads column represents load cell count of GT types


+----+----+----+
|    | X0 | X1 |
+----+----+----+
| Y2 |  0 |  0 |
| Y1 |  0 |  0 |
| Y0 |  0 |  1 |
+----+----+----+


10. Clock Region Cell Placement per Global Clock: Region X1Y0
-------------------------------------------------------------

+-----------+-------+-----------------+------------+-------------+-----------------+----+--------+------+-----+----+------+-----+---------+-------------------------------------------------------------+
| Global Id | Track | Driver Type/Pin | Constraint | Clock Loads | Non-Clock Loads | FF | LUTRAM | RAMB | DSP | GT | MMCM | PLL | Hard IP | Net                                                         |
+-----------+-------+-----------------+------------+-------------+-----------------+----+--------+------+-----+----+------+-----+---------+-------------------------------------------------------------+
| g0        | n/a   | BUFG/O          | None       |           1 |               0 |  0 |      0 |    0 |   0 |  0 |    1 |   0 |       0 | design_1_i/processing_system7_0/inst/FCLK_CLK0              |
| g2        | n/a   | BUFG/O          | None       |           1 |               0 |  0 |      0 |    0 |   0 |  0 |    1 |   0 |       0 | design_1_i/clk_wiz_0/inst/clkfbout_buf_design_1_clk_wiz_0_0 |
+-----------+-------+-----------------+------------+-------------+-----------------+----+--------+------+-----+----+------+-----+---------+-------------------------------------------------------------+
* Clock Loads column represents the clock pin loads (pin count)
** Non-Clock Loads column represents the non-clock pin loads (pin count)
*** Columns FF, LUTRAM, RAMB through 'Hard IP' represents load cell counts


11. Clock Region Cell Placement per Global Clock: Region X0Y1
-------------------------------------------------------------

+-----------+-------+-----------------+------------+-------------+-----------------+-----+--------+------+-----+----+------+-----+---------+------------------------------------------------+
| Global Id | Track | Driver Type/Pin | Constraint | Clock Loads | Non-Clock Loads | FF  | LUTRAM | RAMB | DSP | GT | MMCM | PLL | Hard IP | Net                                            |
+-----------+-------+-----------------+------------+-------------+-----------------+-----+--------+------+-----+----+------+-----+---------+------------------------------------------------+
| g0        | n/a   | BUFG/O          | None       |         695 |               0 | 639 |     53 |    0 |   3 |  0 |    0 |   0 |       0 | design_1_i/processing_system7_0/inst/FCLK_CLK0 |
+-----------+-------+-----------------+------------+-------------+-----------------+-----+--------+------+-----+----+------+-----+---------+------------------------------------------------+
* Clock Loads column represents the clock pin loads (pin count)
** Non-Clock Loads column represents the non-clock pin loads (pin count)
*** Columns FF, LUTRAM, RAMB through 'Hard IP' represents load cell counts


12. Clock Region Cell Placement per Global Clock: Region X1Y1
-------------------------------------------------------------

+-----------+-------+-----------------+------------+-------------+-----------------+----+--------+------+-----+----+------+-----+---------+------------------------------------------------+
| Global Id | Track | Driver Type/Pin | Constraint | Clock Loads | Non-Clock Loads | FF | LUTRAM | RAMB | DSP | GT | MMCM | PLL | Hard IP | Net                                            |
+-----------+-------+-----------------+------------+-------------+-----------------+----+--------+------+-----+----+------+-----+---------+------------------------------------------------+
| g0        | n/a   | BUFG/O          | None       |          46 |               0 | 46 |      0 |    0 |   0 |  0 |    0 |   0 |       0 | design_1_i/processing_system7_0/inst/FCLK_CLK0 |
| g1        | n/a   | BUFG/O          | None       |          51 |               0 | 51 |      0 |    0 |   0 |  0 |    0 |   0 |       0 | design_1_i/clk_wiz_0/inst/clk_out1             |
+-----------+-------+-----------------+------------+-------------+-----------------+----+--------+------+-----+----+------+-----+---------+------------------------------------------------+
* Clock Loads column represents the clock pin loads (pin count)
** Non-Clock Loads column represents the non-clock pin loads (pin count)
*** Columns FF, LUTRAM, RAMB through 'Hard IP' represents load cell counts


13. Clock Region Cell Placement per Global Clock: Region X0Y2
-------------------------------------------------------------

+-----------+-------+-----------------+------------+-------------+-----------------+-----+--------+------+-----+----+------+-----+---------+------------------------------------------------+
| Global Id | Track | Driver Type/Pin | Constraint | Clock Loads | Non-Clock Loads | FF  | LUTRAM | RAMB | DSP | GT | MMCM | PLL | Hard IP | Net                                            |
+-----------+-------+-----------------+------------+-------------+-----------------+-----+--------+------+-----+----+------+-----+---------+------------------------------------------------+
| g0        | n/a   | BUFG/O          | None       |         351 |               0 | 333 |     13 |    0 |   4 |  0 |    0 |   0 |       0 | design_1_i/processing_system7_0/inst/FCLK_CLK0 |
| g1        | n/a   | BUFG/O          | None       |           4 |               0 |   4 |      0 |    0 |   0 |  0 |    0 |   0 |       0 | design_1_i/clk_wiz_0/inst/clk_out1             |
+-----------+-------+-----------------+------------+-------------+-----------------+-----+--------+------+-----+----+------+-----+---------+------------------------------------------------+
* Clock Loads column represents the clock pin loads (pin count)
** Non-Clock Loads column represents the non-clock pin loads (pin count)
*** Columns FF, LUTRAM, RAMB through 'Hard IP' represents load cell counts


14. Clock Region Cell Placement per Global Clock: Region X1Y2
-------------------------------------------------------------

+-----------+-------+-----------------+------------+-------------+-----------------+-----+--------+------+-----+----+------+-----+---------+------------------------------------------------+
| Global Id | Track | Driver Type/Pin | Constraint | Clock Loads | Non-Clock Loads | FF  | LUTRAM | RAMB | DSP | GT | MMCM | PLL | Hard IP | Net                                            |
+-----------+-------+-----------------+------------+-------------+-----------------+-----+--------+------+-----+----+------+-----+---------+------------------------------------------------+
| g0        | n/a   | BUFG/O          | None       |         298 |               1 | 235 |      0 |    0 |   0 |  0 |    0 |   0 |       0 | design_1_i/processing_system7_0/inst/FCLK_CLK0 |
| g1        | n/a   | BUFG/O          | None       |         233 |               0 | 233 |      0 |    0 |   0 |  0 |    0 |   0 |       0 | design_1_i/clk_wiz_0/inst/clk_out1             |
+-----------+-------+-----------------+------------+-------------+-----------------+-----+--------+------+-----+----+------+-----+---------+------------------------------------------------+
* Clock Loads column represents the clock pin loads (pin count)
** Non-Clock Loads column represents the non-clock pin loads (pin count)
*** Columns FF, LUTRAM, RAMB through 'Hard IP' represents load cell counts



# Location of BUFG Primitives 
set_property LOC BUFGCTRL_X0Y16 [get_cells design_1_i/processing_system7_0/inst/buffer_fclk_clk_0.FCLK_CLK_0_BUFG]
set_property LOC BUFGCTRL_X0Y1 [get_cells design_1_i/clk_wiz_0/inst/clkf_buf]
set_property LOC BUFGCTRL_X0Y0 [get_cells design_1_i/clk_wiz_0/inst/clkout1_buf]

# Location of IO Primitives which is load of clock spine

# Location of clock ports

# Clock net "design_1_i/processing_system7_0/inst/FCLK_CLK0" driven by instance "design_1_i/processing_system7_0/inst/buffer_fclk_clk_0.FCLK_CLK_0_BUFG" located at site "BUFGCTRL_X0Y16"
#startgroup
create_pblock {CLKAG_design_1_i/processing_system7_0/inst/FCLK_CLK0}
add_cells_to_pblock [get_pblocks  {CLKAG_design_1_i/processing_system7_0/inst/FCLK_CLK0}] [get_cells -filter { PRIMITIVE_GROUP != I/O && IS_PRIMITIVE==1 && PRIMITIVE_LEVEL !=INTERNAL && NAME!=design_1_i/clk_wiz_0/inst/mmcm_adv_inst} -of_object [get_pins -filter {DIRECTION==IN} -of_objects [get_nets -hierarchical -filter {PARENT=="design_1_i/processing_system7_0/inst/FCLK_CLK0"}]]]
resize_pblock [get_pblocks {CLKAG_design_1_i/processing_system7_0/inst/FCLK_CLK0}] -add {CLOCKREGION_X0Y0:CLOCKREGION_X0Y0 CLOCKREGION_X0Y1:CLOCKREGION_X0Y1 CLOCKREGION_X0Y2:CLOCKREGION_X0Y2 CLOCKREGION_X1Y0:CLOCKREGION_X1Y0 CLOCKREGION_X1Y1:CLOCKREGION_X1Y1 CLOCKREGION_X1Y2:CLOCKREGION_X1Y2}
#endgroup

# Clock net "design_1_i/clk_wiz_0/inst/clk_out1" driven by instance "design_1_i/clk_wiz_0/inst/clkout1_buf" located at site "BUFGCTRL_X0Y0"
#startgroup
create_pblock {CLKAG_design_1_i/clk_wiz_0/inst/clk_out1}
add_cells_to_pblock [get_pblocks  {CLKAG_design_1_i/clk_wiz_0/inst/clk_out1}] [get_cells -filter { PRIMITIVE_GROUP != I/O && IS_PRIMITIVE==1 && PRIMITIVE_LEVEL !=INTERNAL } -of_object [get_pins -filter {DIRECTION==IN} -of_objects [get_nets -hierarchical -filter {PARENT=="design_1_i/clk_wiz_0/inst/clk_out1"}]]]
resize_pblock [get_pblocks {CLKAG_design_1_i/clk_wiz_0/inst/clk_out1}] -add {CLOCKREGION_X0Y0:CLOCKREGION_X0Y0 CLOCKREGION_X0Y1:CLOCKREGION_X0Y1 CLOCKREGION_X0Y2:CLOCKREGION_X0Y2 CLOCKREGION_X1Y0:CLOCKREGION_X1Y0 CLOCKREGION_X1Y1:CLOCKREGION_X1Y1 CLOCKREGION_X1Y2:CLOCKREGION_X1Y2}
#endgroup
