Copyright 1986-2019 Xilinx, Inc. All Rights Reserved.
--------------------------------------------------------------------------------------------------------------------------------------------------------------------------------------
| Tool Version : Vivado v.2019.2 (lin64) Build 2708876 Wed Nov  6 21:39:14 MST 2019
| Date         : Fri May 15 11:19:09 2020
| Host         : patricknaughton01 running 64-bit Ubuntu 18.04.4 LTS
| Command      : report_methodology -file design_1_wrapper_methodology_drc_routed.rpt -pb design_1_wrapper_methodology_drc_routed.pb -rpx design_1_wrapper_methodology_drc_routed.rpx
| Design       : design_1_wrapper
| Device       : xc7z020clg484-1
| Speed File   : -1
| Design State : Fully Routed
--------------------------------------------------------------------------------------------------------------------------------------------------------------------------------------

Report Methodology

Table of Contents
-----------------
1. REPORT SUMMARY
2. REPORT DETAILS

1. REPORT SUMMARY
-----------------
            Netlist: netlist
          Floorplan: design_1
      Design limits: <entire design considered>
             Max violations: <unlimited>
             Violations found: 164
+-----------+----------+-------------------------------+------------+
| Rule      | Severity | Description                   | Violations |
+-----------+----------+-------------------------------+------------+
| TIMING-16 | Warning  | Large setup violation         | 35         |
| TIMING-18 | Warning  | Missing input or output delay | 1          |
| TIMING-23 | Warning  | Combinational loop found      | 128        |
+-----------+----------+-------------------------------+------------+

2. REPORT DETAILS
-----------------
TIMING-16#1 Warning
Large setup violation  
There is a large setup violation of -1.066 ns between design_1_i/ps7_0_axi_periph/s00_couplers/auto_pc/inst/gen_axilite.gen_b2s_conv.axilite_b2s/WR.aw_channel_0/cmd_translator_0/wrap_cmd_0/sel_first_reg/C (clocked by clk_fpga_0) and design_1_i/top_0/inst/challengeQ_reg[43]/D (clocked by clk_fpga_0). Large setup violations at the end of those stages might be difficult to fix during the post-placement implementation flow and could be the result of non-optimal XDC constraints or non-optimal design architecture
Related violations: <none>

TIMING-16#2 Warning
Large setup violation  
There is a large setup violation of -1.127 ns between design_1_i/ps7_0_axi_periph/s00_couplers/auto_pc/inst/gen_axilite.gen_b2s_conv.axilite_b2s/WR.aw_channel_0/cmd_translator_0/wrap_cmd_0/sel_first_reg/C (clocked by clk_fpga_0) and design_1_i/top_0/inst/challengeQ_reg[115]/D (clocked by clk_fpga_0). Large setup violations at the end of those stages might be difficult to fix during the post-placement implementation flow and could be the result of non-optimal XDC constraints or non-optimal design architecture
Related violations: <none>

TIMING-16#3 Warning
Large setup violation  
There is a large setup violation of -1.145 ns between design_1_i/ps7_0_axi_periph/s00_couplers/auto_pc/inst/gen_axilite.gen_b2s_conv.axilite_b2s/WR.aw_channel_0/cmd_translator_0/wrap_cmd_0/sel_first_reg/C (clocked by clk_fpga_0) and design_1_i/top_0/inst/challengeQ_reg[99]/D (clocked by clk_fpga_0). Large setup violations at the end of those stages might be difficult to fix during the post-placement implementation flow and could be the result of non-optimal XDC constraints or non-optimal design architecture
Related violations: <none>

TIMING-16#4 Warning
Large setup violation  
There is a large setup violation of -1.215 ns between design_1_i/ps7_0_axi_periph/s00_couplers/auto_pc/inst/gen_axilite.gen_b2s_conv.axilite_b2s/WR.aw_channel_0/cmd_translator_0/wrap_cmd_0/sel_first_reg/C (clocked by clk_fpga_0) and design_1_i/top_0/inst/challengeQ_reg[74]/D (clocked by clk_fpga_0). Large setup violations at the end of those stages might be difficult to fix during the post-placement implementation flow and could be the result of non-optimal XDC constraints or non-optimal design architecture
Related violations: <none>

TIMING-16#5 Warning
Large setup violation  
There is a large setup violation of -1.244 ns between design_1_i/ps7_0_axi_periph/s00_couplers/auto_pc/inst/gen_axilite.gen_b2s_conv.axilite_b2s/WR.aw_channel_0/cmd_translator_0/wrap_cmd_0/sel_first_reg/C (clocked by clk_fpga_0) and design_1_i/top_0/inst/challengeQ_reg[42]/D (clocked by clk_fpga_0). Large setup violations at the end of those stages might be difficult to fix during the post-placement implementation flow and could be the result of non-optimal XDC constraints or non-optimal design architecture
Related violations: <none>

TIMING-16#6 Warning
Large setup violation  
There is a large setup violation of -1.319 ns between design_1_i/top_0/inst/tdc1/delay_reg[27]/C (clocked by clk_fpga_0) and design_1_i/top_0/inst/rmsAccQ_reg[4]/D (clocked by clk_fpga_0). Large setup violations at the end of those stages might be difficult to fix during the post-placement implementation flow and could be the result of non-optimal XDC constraints or non-optimal design architecture
Related violations: <none>

TIMING-16#7 Warning
Large setup violation  
There is a large setup violation of -1.385 ns between design_1_i/ps7_0_axi_periph/s00_couplers/auto_pc/inst/gen_axilite.gen_b2s_conv.axilite_b2s/WR.aw_channel_0/cmd_translator_0/wrap_cmd_0/sel_first_reg/C (clocked by clk_fpga_0) and design_1_i/top_0/inst/challengeQ_reg[106]/D (clocked by clk_fpga_0). Large setup violations at the end of those stages might be difficult to fix during the post-placement implementation flow and could be the result of non-optimal XDC constraints or non-optimal design architecture
Related violations: <none>

TIMING-16#8 Warning
Large setup violation  
There is a large setup violation of -1.718 ns between design_1_i/ps7_0_axi_periph/s00_couplers/auto_pc/inst/gen_axilite.gen_b2s_conv.axilite_b2s/WR.aw_channel_0/cmd_translator_0/wrap_cmd_0/sel_first_reg/C (clocked by clk_fpga_0) and design_1_i/top_0/inst/challengeQ_reg[45]/D (clocked by clk_fpga_0). Large setup violations at the end of those stages might be difficult to fix during the post-placement implementation flow and could be the result of non-optimal XDC constraints or non-optimal design architecture
Related violations: <none>

TIMING-16#9 Warning
Large setup violation  
There is a large setup violation of -1.852 ns between design_1_i/ps7_0_axi_periph/s00_couplers/auto_pc/inst/gen_axilite.gen_b2s_conv.axilite_b2s/WR.aw_channel_0/cmd_translator_0/wrap_cmd_0/sel_first_reg/C (clocked by clk_fpga_0) and design_1_i/top_0/inst/challengeQ_reg[109]/D (clocked by clk_fpga_0). Large setup violations at the end of those stages might be difficult to fix during the post-placement implementation flow and could be the result of non-optimal XDC constraints or non-optimal design architecture
Related violations: <none>

TIMING-16#10 Warning
Large setup violation  
There is a large setup violation of -2.249 ns between design_1_i/top_0/inst/tdc1/delay_reg[27]/C (clocked by clk_fpga_0) and design_1_i/top_0/inst/rmsAccQ_reg[5]/D (clocked by clk_fpga_0). Large setup violations at the end of those stages might be difficult to fix during the post-placement implementation flow and could be the result of non-optimal XDC constraints or non-optimal design architecture
Related violations: <none>

TIMING-16#11 Warning
Large setup violation  
There is a large setup violation of -2.335 ns between design_1_i/top_0/inst/tdc1/delay_reg[27]/C (clocked by clk_fpga_0) and design_1_i/top_0/inst/rmsAccQ_reg[7]/D (clocked by clk_fpga_0). Large setup violations at the end of those stages might be difficult to fix during the post-placement implementation flow and could be the result of non-optimal XDC constraints or non-optimal design architecture
Related violations: <none>

TIMING-16#12 Warning
Large setup violation  
There is a large setup violation of -2.550 ns between design_1_i/top_0/inst/tdc1/delay_reg[27]/C (clocked by clk_fpga_0) and design_1_i/top_0/inst/rmsAccQ_reg[6]/D (clocked by clk_fpga_0). Large setup violations at the end of those stages might be difficult to fix during the post-placement implementation flow and could be the result of non-optimal XDC constraints or non-optimal design architecture
Related violations: <none>

TIMING-16#13 Warning
Large setup violation  
There is a large setup violation of -2.760 ns between design_1_i/top_0/inst/tdc1/delay_reg[27]/C (clocked by clk_fpga_0) and design_1_i/top_0/inst/rmsAccQ_reg[8]/D (clocked by clk_fpga_0). Large setup violations at the end of those stages might be difficult to fix during the post-placement implementation flow and could be the result of non-optimal XDC constraints or non-optimal design architecture
Related violations: <none>

TIMING-16#14 Warning
Large setup violation  
There is a large setup violation of -3.090 ns between design_1_i/top_0/inst/tdc1/delay_reg[27]/C (clocked by clk_fpga_0) and design_1_i/top_0/inst/rmsAccQ_reg[9]/D (clocked by clk_fpga_0). Large setup violations at the end of those stages might be difficult to fix during the post-placement implementation flow and could be the result of non-optimal XDC constraints or non-optimal design architecture
Related violations: <none>

TIMING-16#15 Warning
Large setup violation  
There is a large setup violation of -3.287 ns between design_1_i/top_0/inst/tdc1/delay_reg[27]/C (clocked by clk_fpga_0) and design_1_i/top_0/inst/rmsAccQ_reg[10]/D (clocked by clk_fpga_0). Large setup violations at the end of those stages might be difficult to fix during the post-placement implementation flow and could be the result of non-optimal XDC constraints or non-optimal design architecture
Related violations: <none>

TIMING-16#16 Warning
Large setup violation  
There is a large setup violation of -3.440 ns between design_1_i/top_0/inst/tdc1/delay_reg[27]/C (clocked by clk_fpga_0) and design_1_i/top_0/inst/rmsAccQ_reg[12]/D (clocked by clk_fpga_0). Large setup violations at the end of those stages might be difficult to fix during the post-placement implementation flow and could be the result of non-optimal XDC constraints or non-optimal design architecture
Related violations: <none>

TIMING-16#17 Warning
Large setup violation  
There is a large setup violation of -3.472 ns between design_1_i/top_0/inst/tdc1/delay_reg[27]/C (clocked by clk_fpga_0) and design_1_i/top_0/inst/rmsAccQ_reg[11]/D (clocked by clk_fpga_0). Large setup violations at the end of those stages might be difficult to fix during the post-placement implementation flow and could be the result of non-optimal XDC constraints or non-optimal design architecture
Related violations: <none>

TIMING-16#18 Warning
Large setup violation  
There is a large setup violation of -3.569 ns between design_1_i/top_0/inst/tdc1/delay_reg[27]/C (clocked by clk_fpga_0) and design_1_i/top_0/inst/rmsAccQ_reg[15]/D (clocked by clk_fpga_0). Large setup violations at the end of those stages might be difficult to fix during the post-placement implementation flow and could be the result of non-optimal XDC constraints or non-optimal design architecture
Related violations: <none>

TIMING-16#19 Warning
Large setup violation  
There is a large setup violation of -3.594 ns between design_1_i/top_0/inst/tdc1/delay_reg[27]/C (clocked by clk_fpga_0) and design_1_i/top_0/inst/rmsAccQ_reg[14]/D (clocked by clk_fpga_0). Large setup violations at the end of those stages might be difficult to fix during the post-placement implementation flow and could be the result of non-optimal XDC constraints or non-optimal design architecture
Related violations: <none>

TIMING-16#20 Warning
Large setup violation  
There is a large setup violation of -3.751 ns between design_1_i/top_0/inst/tdc1/delay_reg[27]/C (clocked by clk_fpga_0) and design_1_i/top_0/inst/rmsAccQ_reg[18]/D (clocked by clk_fpga_0). Large setup violations at the end of those stages might be difficult to fix during the post-placement implementation flow and could be the result of non-optimal XDC constraints or non-optimal design architecture
Related violations: <none>

TIMING-16#21 Warning
Large setup violation  
There is a large setup violation of -3.777 ns between design_1_i/top_0/inst/tdc1/delay_reg[27]/C (clocked by clk_fpga_0) and design_1_i/top_0/inst/rmsAccQ_reg[13]/D (clocked by clk_fpga_0). Large setup violations at the end of those stages might be difficult to fix during the post-placement implementation flow and could be the result of non-optimal XDC constraints or non-optimal design architecture
Related violations: <none>

TIMING-16#22 Warning
Large setup violation  
There is a large setup violation of -3.850 ns between design_1_i/top_0/inst/tdc1/delay_reg[27]/C (clocked by clk_fpga_0) and design_1_i/top_0/inst/rmsAccQ_reg[16]/D (clocked by clk_fpga_0). Large setup violations at the end of those stages might be difficult to fix during the post-placement implementation flow and could be the result of non-optimal XDC constraints or non-optimal design architecture
Related violations: <none>

TIMING-16#23 Warning
Large setup violation  
There is a large setup violation of -3.882 ns between design_1_i/top_0/inst/tdc1/delay_reg[27]/C (clocked by clk_fpga_0) and design_1_i/top_0/inst/rmsAccQ_reg[23]/D (clocked by clk_fpga_0). Large setup violations at the end of those stages might be difficult to fix during the post-placement implementation flow and could be the result of non-optimal XDC constraints or non-optimal design architecture
Related violations: <none>

TIMING-16#24 Warning
Large setup violation  
There is a large setup violation of -3.903 ns between design_1_i/top_0/inst/tdc1/delay_reg[27]/C (clocked by clk_fpga_0) and design_1_i/top_0/inst/rmsAccQ_reg[21]/D (clocked by clk_fpga_0). Large setup violations at the end of those stages might be difficult to fix during the post-placement implementation flow and could be the result of non-optimal XDC constraints or non-optimal design architecture
Related violations: <none>

TIMING-16#25 Warning
Large setup violation  
There is a large setup violation of -3.952 ns between design_1_i/top_0/inst/tdc1/delay_reg[27]/C (clocked by clk_fpga_0) and design_1_i/top_0/inst/rmsAccQ_reg[26]/D (clocked by clk_fpga_0). Large setup violations at the end of those stages might be difficult to fix during the post-placement implementation flow and could be the result of non-optimal XDC constraints or non-optimal design architecture
Related violations: <none>

TIMING-16#26 Warning
Large setup violation  
There is a large setup violation of -3.981 ns between design_1_i/top_0/inst/tdc1/delay_reg[27]/C (clocked by clk_fpga_0) and design_1_i/top_0/inst/rmsAccQ_reg[19]/D (clocked by clk_fpga_0). Large setup violations at the end of those stages might be difficult to fix during the post-placement implementation flow and could be the result of non-optimal XDC constraints or non-optimal design architecture
Related violations: <none>

TIMING-16#27 Warning
Large setup violation  
There is a large setup violation of -3.998 ns between design_1_i/top_0/inst/tdc1/delay_reg[27]/C (clocked by clk_fpga_0) and design_1_i/top_0/inst/rmsAccQ_reg[20]/D (clocked by clk_fpga_0). Large setup violations at the end of those stages might be difficult to fix during the post-placement implementation flow and could be the result of non-optimal XDC constraints or non-optimal design architecture
Related violations: <none>

TIMING-16#28 Warning
Large setup violation  
There is a large setup violation of -4.092 ns between design_1_i/top_0/inst/tdc1/delay_reg[27]/C (clocked by clk_fpga_0) and design_1_i/top_0/inst/rmsAccQ_reg[28]/D (clocked by clk_fpga_0). Large setup violations at the end of those stages might be difficult to fix during the post-placement implementation flow and could be the result of non-optimal XDC constraints or non-optimal design architecture
Related violations: <none>

TIMING-16#29 Warning
Large setup violation  
There is a large setup violation of -4.113 ns between design_1_i/top_0/inst/tdc1/delay_reg[27]/C (clocked by clk_fpga_0) and design_1_i/top_0/inst/rmsAccQ_reg[24]/D (clocked by clk_fpga_0). Large setup violations at the end of those stages might be difficult to fix during the post-placement implementation flow and could be the result of non-optimal XDC constraints or non-optimal design architecture
Related violations: <none>

TIMING-16#30 Warning
Large setup violation  
There is a large setup violation of -4.127 ns between design_1_i/top_0/inst/tdc1/delay_reg[27]/C (clocked by clk_fpga_0) and design_1_i/top_0/inst/rmsAccQ_reg[17]/D (clocked by clk_fpga_0). Large setup violations at the end of those stages might be difficult to fix during the post-placement implementation flow and could be the result of non-optimal XDC constraints or non-optimal design architecture
Related violations: <none>

TIMING-16#31 Warning
Large setup violation  
There is a large setup violation of -4.182 ns between design_1_i/top_0/inst/tdc1/delay_reg[27]/C (clocked by clk_fpga_0) and design_1_i/top_0/inst/rmsAccQ_reg[27]/D (clocked by clk_fpga_0). Large setup violations at the end of those stages might be difficult to fix during the post-placement implementation flow and could be the result of non-optimal XDC constraints or non-optimal design architecture
Related violations: <none>

TIMING-16#32 Warning
Large setup violation  
There is a large setup violation of -4.203 ns between design_1_i/top_0/inst/tdc1/delay_reg[27]/C (clocked by clk_fpga_0) and design_1_i/top_0/inst/rmsAccQ_reg[25]/D (clocked by clk_fpga_0). Large setup violations at the end of those stages might be difficult to fix during the post-placement implementation flow and could be the result of non-optimal XDC constraints or non-optimal design architecture
Related violations: <none>

TIMING-16#33 Warning
Large setup violation  
There is a large setup violation of -4.216 ns between design_1_i/top_0/inst/tdc1/delay_reg[27]/C (clocked by clk_fpga_0) and design_1_i/top_0/inst/rmsAccQ_reg[22]/D (clocked by clk_fpga_0). Large setup violations at the end of those stages might be difficult to fix during the post-placement implementation flow and could be the result of non-optimal XDC constraints or non-optimal design architecture
Related violations: <none>

TIMING-16#34 Warning
Large setup violation  
There is a large setup violation of -4.243 ns between design_1_i/top_0/inst/tdc1/delay_reg[27]/C (clocked by clk_fpga_0) and design_1_i/top_0/inst/rmsAccQ_reg[29]/D (clocked by clk_fpga_0). Large setup violations at the end of those stages might be difficult to fix during the post-placement implementation flow and could be the result of non-optimal XDC constraints or non-optimal design architecture
Related violations: <none>

TIMING-16#35 Warning
Large setup violation  
There is a large setup violation of -4.409 ns between design_1_i/top_0/inst/tdc1/delay_reg[27]/C (clocked by clk_fpga_0) and design_1_i/top_0/inst/rmsAccQ_reg[30]/D (clocked by clk_fpga_0). Large setup violations at the end of those stages might be difficult to fix during the post-placement implementation flow and could be the result of non-optimal XDC constraints or non-optimal design architecture
Related violations: <none>

TIMING-18#1 Warning
Missing input or output delay  
An output delay is missing on trigger_0 relative to clock(s) clk_fpga_0
Related violations: <none>

TIMING-23#1 Warning
Combinational loop found  
A timing loop has been detected on a combinational path. A timing arc has been disabled between design_1_i/top_0/inst/virus1/genblk1[0].vg/genblk1[0].ringOsc/out_INST_0/I0 and design_1_i/top_0/inst/virus1/genblk1[0].vg/genblk1[0].ringOsc/out_INST_0/O to disable the timing loop
Related violations: <none>

TIMING-23#2 Warning
Combinational loop found  
A timing loop has been detected on a combinational path. A timing arc has been disabled between design_1_i/top_0/inst/virus1/genblk1[0].vg/genblk1[100].ringOsc/out_INST_0/I0 and design_1_i/top_0/inst/virus1/genblk1[0].vg/genblk1[100].ringOsc/out_INST_0/O to disable the timing loop
Related violations: <none>

TIMING-23#3 Warning
Combinational loop found  
A timing loop has been detected on a combinational path. A timing arc has been disabled between design_1_i/top_0/inst/virus1/genblk1[0].vg/genblk1[101].ringOsc/out_INST_0/I0 and design_1_i/top_0/inst/virus1/genblk1[0].vg/genblk1[101].ringOsc/out_INST_0/O to disable the timing loop
Related violations: <none>

TIMING-23#4 Warning
Combinational loop found  
A timing loop has been detected on a combinational path. A timing arc has been disabled between design_1_i/top_0/inst/virus1/genblk1[0].vg/genblk1[102].ringOsc/out_INST_0/I0 and design_1_i/top_0/inst/virus1/genblk1[0].vg/genblk1[102].ringOsc/out_INST_0/O to disable the timing loop
Related violations: <none>

TIMING-23#5 Warning
Combinational loop found  
A timing loop has been detected on a combinational path. A timing arc has been disabled between design_1_i/top_0/inst/virus1/genblk1[0].vg/genblk1[103].ringOsc/out_INST_0/I0 and design_1_i/top_0/inst/virus1/genblk1[0].vg/genblk1[103].ringOsc/out_INST_0/O to disable the timing loop
Related violations: <none>

TIMING-23#6 Warning
Combinational loop found  
A timing loop has been detected on a combinational path. A timing arc has been disabled between design_1_i/top_0/inst/virus1/genblk1[0].vg/genblk1[104].ringOsc/out_INST_0/I0 and design_1_i/top_0/inst/virus1/genblk1[0].vg/genblk1[104].ringOsc/out_INST_0/O to disable the timing loop
Related violations: <none>

TIMING-23#7 Warning
Combinational loop found  
A timing loop has been detected on a combinational path. A timing arc has been disabled between design_1_i/top_0/inst/virus1/genblk1[0].vg/genblk1[105].ringOsc/out_INST_0/I0 and design_1_i/top_0/inst/virus1/genblk1[0].vg/genblk1[105].ringOsc/out_INST_0/O to disable the timing loop
Related violations: <none>

TIMING-23#8 Warning
Combinational loop found  
A timing loop has been detected on a combinational path. A timing arc has been disabled between design_1_i/top_0/inst/virus1/genblk1[0].vg/genblk1[106].ringOsc/out_INST_0/I0 and design_1_i/top_0/inst/virus1/genblk1[0].vg/genblk1[106].ringOsc/out_INST_0/O to disable the timing loop
Related violations: <none>

TIMING-23#9 Warning
Combinational loop found  
A timing loop has been detected on a combinational path. A timing arc has been disabled between design_1_i/top_0/inst/virus1/genblk1[0].vg/genblk1[107].ringOsc/out_INST_0/I0 and design_1_i/top_0/inst/virus1/genblk1[0].vg/genblk1[107].ringOsc/out_INST_0/O to disable the timing loop
Related violations: <none>

TIMING-23#10 Warning
Combinational loop found  
A timing loop has been detected on a combinational path. A timing arc has been disabled between design_1_i/top_0/inst/virus1/genblk1[0].vg/genblk1[108].ringOsc/out_INST_0/I0 and design_1_i/top_0/inst/virus1/genblk1[0].vg/genblk1[108].ringOsc/out_INST_0/O to disable the timing loop
Related violations: <none>

TIMING-23#11 Warning
Combinational loop found  
A timing loop has been detected on a combinational path. A timing arc has been disabled between design_1_i/top_0/inst/virus1/genblk1[0].vg/genblk1[109].ringOsc/out_INST_0/I0 and design_1_i/top_0/inst/virus1/genblk1[0].vg/genblk1[109].ringOsc/out_INST_0/O to disable the timing loop
Related violations: <none>

TIMING-23#12 Warning
Combinational loop found  
A timing loop has been detected on a combinational path. A timing arc has been disabled between design_1_i/top_0/inst/virus1/genblk1[0].vg/genblk1[10].ringOsc/out_INST_0/I0 and design_1_i/top_0/inst/virus1/genblk1[0].vg/genblk1[10].ringOsc/out_INST_0/O to disable the timing loop
Related violations: <none>

TIMING-23#13 Warning
Combinational loop found  
A timing loop has been detected on a combinational path. A timing arc has been disabled between design_1_i/top_0/inst/virus1/genblk1[0].vg/genblk1[110].ringOsc/out_INST_0/I0 and design_1_i/top_0/inst/virus1/genblk1[0].vg/genblk1[110].ringOsc/out_INST_0/O to disable the timing loop
Related violations: <none>

TIMING-23#14 Warning
Combinational loop found  
A timing loop has been detected on a combinational path. A timing arc has been disabled between design_1_i/top_0/inst/virus1/genblk1[0].vg/genblk1[111].ringOsc/out_INST_0/I0 and design_1_i/top_0/inst/virus1/genblk1[0].vg/genblk1[111].ringOsc/out_INST_0/O to disable the timing loop
Related violations: <none>

TIMING-23#15 Warning
Combinational loop found  
A timing loop has been detected on a combinational path. A timing arc has been disabled between design_1_i/top_0/inst/virus1/genblk1[0].vg/genblk1[112].ringOsc/out_INST_0/I0 and design_1_i/top_0/inst/virus1/genblk1[0].vg/genblk1[112].ringOsc/out_INST_0/O to disable the timing loop
Related violations: <none>

TIMING-23#16 Warning
Combinational loop found  
A timing loop has been detected on a combinational path. A timing arc has been disabled between design_1_i/top_0/inst/virus1/genblk1[0].vg/genblk1[113].ringOsc/out_INST_0/I0 and design_1_i/top_0/inst/virus1/genblk1[0].vg/genblk1[113].ringOsc/out_INST_0/O to disable the timing loop
Related violations: <none>

TIMING-23#17 Warning
Combinational loop found  
A timing loop has been detected on a combinational path. A timing arc has been disabled between design_1_i/top_0/inst/virus1/genblk1[0].vg/genblk1[114].ringOsc/out_INST_0/I0 and design_1_i/top_0/inst/virus1/genblk1[0].vg/genblk1[114].ringOsc/out_INST_0/O to disable the timing loop
Related violations: <none>

TIMING-23#18 Warning
Combinational loop found  
A timing loop has been detected on a combinational path. A timing arc has been disabled between design_1_i/top_0/inst/virus1/genblk1[0].vg/genblk1[115].ringOsc/out_INST_0/I0 and design_1_i/top_0/inst/virus1/genblk1[0].vg/genblk1[115].ringOsc/out_INST_0/O to disable the timing loop
Related violations: <none>

TIMING-23#19 Warning
Combinational loop found  
A timing loop has been detected on a combinational path. A timing arc has been disabled between design_1_i/top_0/inst/virus1/genblk1[0].vg/genblk1[116].ringOsc/out_INST_0/I0 and design_1_i/top_0/inst/virus1/genblk1[0].vg/genblk1[116].ringOsc/out_INST_0/O to disable the timing loop
Related violations: <none>

TIMING-23#20 Warning
Combinational loop found  
A timing loop has been detected on a combinational path. A timing arc has been disabled between design_1_i/top_0/inst/virus1/genblk1[0].vg/genblk1[117].ringOsc/out_INST_0/I0 and design_1_i/top_0/inst/virus1/genblk1[0].vg/genblk1[117].ringOsc/out_INST_0/O to disable the timing loop
Related violations: <none>

TIMING-23#21 Warning
Combinational loop found  
A timing loop has been detected on a combinational path. A timing arc has been disabled between design_1_i/top_0/inst/virus1/genblk1[0].vg/genblk1[118].ringOsc/out_INST_0/I0 and design_1_i/top_0/inst/virus1/genblk1[0].vg/genblk1[118].ringOsc/out_INST_0/O to disable the timing loop
Related violations: <none>

TIMING-23#22 Warning
Combinational loop found  
A timing loop has been detected on a combinational path. A timing arc has been disabled between design_1_i/top_0/inst/virus1/genblk1[0].vg/genblk1[119].ringOsc/out_INST_0/I0 and design_1_i/top_0/inst/virus1/genblk1[0].vg/genblk1[119].ringOsc/out_INST_0/O to disable the timing loop
Related violations: <none>

TIMING-23#23 Warning
Combinational loop found  
A timing loop has been detected on a combinational path. A timing arc has been disabled between design_1_i/top_0/inst/virus1/genblk1[0].vg/genblk1[11].ringOsc/out_INST_0/I0 and design_1_i/top_0/inst/virus1/genblk1[0].vg/genblk1[11].ringOsc/out_INST_0/O to disable the timing loop
Related violations: <none>

TIMING-23#24 Warning
Combinational loop found  
A timing loop has been detected on a combinational path. A timing arc has been disabled between design_1_i/top_0/inst/virus1/genblk1[0].vg/genblk1[120].ringOsc/out_INST_0/I0 and design_1_i/top_0/inst/virus1/genblk1[0].vg/genblk1[120].ringOsc/out_INST_0/O to disable the timing loop
Related violations: <none>

TIMING-23#25 Warning
Combinational loop found  
A timing loop has been detected on a combinational path. A timing arc has been disabled between design_1_i/top_0/inst/virus1/genblk1[0].vg/genblk1[121].ringOsc/out_INST_0/I0 and design_1_i/top_0/inst/virus1/genblk1[0].vg/genblk1[121].ringOsc/out_INST_0/O to disable the timing loop
Related violations: <none>

TIMING-23#26 Warning
Combinational loop found  
A timing loop has been detected on a combinational path. A timing arc has been disabled between design_1_i/top_0/inst/virus1/genblk1[0].vg/genblk1[122].ringOsc/out_INST_0/I0 and design_1_i/top_0/inst/virus1/genblk1[0].vg/genblk1[122].ringOsc/out_INST_0/O to disable the timing loop
Related violations: <none>

TIMING-23#27 Warning
Combinational loop found  
A timing loop has been detected on a combinational path. A timing arc has been disabled between design_1_i/top_0/inst/virus1/genblk1[0].vg/genblk1[123].ringOsc/out_INST_0/I0 and design_1_i/top_0/inst/virus1/genblk1[0].vg/genblk1[123].ringOsc/out_INST_0/O to disable the timing loop
Related violations: <none>

TIMING-23#28 Warning
Combinational loop found  
A timing loop has been detected on a combinational path. A timing arc has been disabled between design_1_i/top_0/inst/virus1/genblk1[0].vg/genblk1[124].ringOsc/out_INST_0/I0 and design_1_i/top_0/inst/virus1/genblk1[0].vg/genblk1[124].ringOsc/out_INST_0/O to disable the timing loop
Related violations: <none>

TIMING-23#29 Warning
Combinational loop found  
A timing loop has been detected on a combinational path. A timing arc has been disabled between design_1_i/top_0/inst/virus1/genblk1[0].vg/genblk1[125].ringOsc/out_INST_0/I0 and design_1_i/top_0/inst/virus1/genblk1[0].vg/genblk1[125].ringOsc/out_INST_0/O to disable the timing loop
Related violations: <none>

TIMING-23#30 Warning
Combinational loop found  
A timing loop has been detected on a combinational path. A timing arc has been disabled between design_1_i/top_0/inst/virus1/genblk1[0].vg/genblk1[126].ringOsc/out_INST_0/I0 and design_1_i/top_0/inst/virus1/genblk1[0].vg/genblk1[126].ringOsc/out_INST_0/O to disable the timing loop
Related violations: <none>

TIMING-23#31 Warning
Combinational loop found  
A timing loop has been detected on a combinational path. A timing arc has been disabled between design_1_i/top_0/inst/virus1/genblk1[0].vg/genblk1[127].ringOsc/out_INST_0/I0 and design_1_i/top_0/inst/virus1/genblk1[0].vg/genblk1[127].ringOsc/out_INST_0/O to disable the timing loop
Related violations: <none>

TIMING-23#32 Warning
Combinational loop found  
A timing loop has been detected on a combinational path. A timing arc has been disabled between design_1_i/top_0/inst/virus1/genblk1[0].vg/genblk1[12].ringOsc/out_INST_0/I0 and design_1_i/top_0/inst/virus1/genblk1[0].vg/genblk1[12].ringOsc/out_INST_0/O to disable the timing loop
Related violations: <none>

TIMING-23#33 Warning
Combinational loop found  
A timing loop has been detected on a combinational path. A timing arc has been disabled between design_1_i/top_0/inst/virus1/genblk1[0].vg/genblk1[13].ringOsc/out_INST_0/I0 and design_1_i/top_0/inst/virus1/genblk1[0].vg/genblk1[13].ringOsc/out_INST_0/O to disable the timing loop
Related violations: <none>

TIMING-23#34 Warning
Combinational loop found  
A timing loop has been detected on a combinational path. A timing arc has been disabled between design_1_i/top_0/inst/virus1/genblk1[0].vg/genblk1[14].ringOsc/out_INST_0/I0 and design_1_i/top_0/inst/virus1/genblk1[0].vg/genblk1[14].ringOsc/out_INST_0/O to disable the timing loop
Related violations: <none>

TIMING-23#35 Warning
Combinational loop found  
A timing loop has been detected on a combinational path. A timing arc has been disabled between design_1_i/top_0/inst/virus1/genblk1[0].vg/genblk1[15].ringOsc/out_INST_0/I0 and design_1_i/top_0/inst/virus1/genblk1[0].vg/genblk1[15].ringOsc/out_INST_0/O to disable the timing loop
Related violations: <none>

TIMING-23#36 Warning
Combinational loop found  
A timing loop has been detected on a combinational path. A timing arc has been disabled between design_1_i/top_0/inst/virus1/genblk1[0].vg/genblk1[16].ringOsc/out_INST_0/I0 and design_1_i/top_0/inst/virus1/genblk1[0].vg/genblk1[16].ringOsc/out_INST_0/O to disable the timing loop
Related violations: <none>

TIMING-23#37 Warning
Combinational loop found  
A timing loop has been detected on a combinational path. A timing arc has been disabled between design_1_i/top_0/inst/virus1/genblk1[0].vg/genblk1[17].ringOsc/out_INST_0/I0 and design_1_i/top_0/inst/virus1/genblk1[0].vg/genblk1[17].ringOsc/out_INST_0/O to disable the timing loop
Related violations: <none>

TIMING-23#38 Warning
Combinational loop found  
A timing loop has been detected on a combinational path. A timing arc has been disabled between design_1_i/top_0/inst/virus1/genblk1[0].vg/genblk1[18].ringOsc/out_INST_0/I0 and design_1_i/top_0/inst/virus1/genblk1[0].vg/genblk1[18].ringOsc/out_INST_0/O to disable the timing loop
Related violations: <none>

TIMING-23#39 Warning
Combinational loop found  
A timing loop has been detected on a combinational path. A timing arc has been disabled between design_1_i/top_0/inst/virus1/genblk1[0].vg/genblk1[19].ringOsc/out_INST_0/I0 and design_1_i/top_0/inst/virus1/genblk1[0].vg/genblk1[19].ringOsc/out_INST_0/O to disable the timing loop
Related violations: <none>

TIMING-23#40 Warning
Combinational loop found  
A timing loop has been detected on a combinational path. A timing arc has been disabled between design_1_i/top_0/inst/virus1/genblk1[0].vg/genblk1[1].ringOsc/out_INST_0/I0 and design_1_i/top_0/inst/virus1/genblk1[0].vg/genblk1[1].ringOsc/out_INST_0/O to disable the timing loop
Related violations: <none>

TIMING-23#41 Warning
Combinational loop found  
A timing loop has been detected on a combinational path. A timing arc has been disabled between design_1_i/top_0/inst/virus1/genblk1[0].vg/genblk1[20].ringOsc/out_INST_0/I0 and design_1_i/top_0/inst/virus1/genblk1[0].vg/genblk1[20].ringOsc/out_INST_0/O to disable the timing loop
Related violations: <none>

TIMING-23#42 Warning
Combinational loop found  
A timing loop has been detected on a combinational path. A timing arc has been disabled between design_1_i/top_0/inst/virus1/genblk1[0].vg/genblk1[21].ringOsc/out_INST_0/I0 and design_1_i/top_0/inst/virus1/genblk1[0].vg/genblk1[21].ringOsc/out_INST_0/O to disable the timing loop
Related violations: <none>

TIMING-23#43 Warning
Combinational loop found  
A timing loop has been detected on a combinational path. A timing arc has been disabled between design_1_i/top_0/inst/virus1/genblk1[0].vg/genblk1[22].ringOsc/out_INST_0/I0 and design_1_i/top_0/inst/virus1/genblk1[0].vg/genblk1[22].ringOsc/out_INST_0/O to disable the timing loop
Related violations: <none>

TIMING-23#44 Warning
Combinational loop found  
A timing loop has been detected on a combinational path. A timing arc has been disabled between design_1_i/top_0/inst/virus1/genblk1[0].vg/genblk1[23].ringOsc/out_INST_0/I0 and design_1_i/top_0/inst/virus1/genblk1[0].vg/genblk1[23].ringOsc/out_INST_0/O to disable the timing loop
Related violations: <none>

TIMING-23#45 Warning
Combinational loop found  
A timing loop has been detected on a combinational path. A timing arc has been disabled between design_1_i/top_0/inst/virus1/genblk1[0].vg/genblk1[24].ringOsc/out_INST_0/I0 and design_1_i/top_0/inst/virus1/genblk1[0].vg/genblk1[24].ringOsc/out_INST_0/O to disable the timing loop
Related violations: <none>

TIMING-23#46 Warning
Combinational loop found  
A timing loop has been detected on a combinational path. A timing arc has been disabled between design_1_i/top_0/inst/virus1/genblk1[0].vg/genblk1[25].ringOsc/out_INST_0/I0 and design_1_i/top_0/inst/virus1/genblk1[0].vg/genblk1[25].ringOsc/out_INST_0/O to disable the timing loop
Related violations: <none>

TIMING-23#47 Warning
Combinational loop found  
A timing loop has been detected on a combinational path. A timing arc has been disabled between design_1_i/top_0/inst/virus1/genblk1[0].vg/genblk1[26].ringOsc/out_INST_0/I0 and design_1_i/top_0/inst/virus1/genblk1[0].vg/genblk1[26].ringOsc/out_INST_0/O to disable the timing loop
Related violations: <none>

TIMING-23#48 Warning
Combinational loop found  
A timing loop has been detected on a combinational path. A timing arc has been disabled between design_1_i/top_0/inst/virus1/genblk1[0].vg/genblk1[27].ringOsc/out_INST_0/I0 and design_1_i/top_0/inst/virus1/genblk1[0].vg/genblk1[27].ringOsc/out_INST_0/O to disable the timing loop
Related violations: <none>

TIMING-23#49 Warning
Combinational loop found  
A timing loop has been detected on a combinational path. A timing arc has been disabled between design_1_i/top_0/inst/virus1/genblk1[0].vg/genblk1[28].ringOsc/out_INST_0/I0 and design_1_i/top_0/inst/virus1/genblk1[0].vg/genblk1[28].ringOsc/out_INST_0/O to disable the timing loop
Related violations: <none>

TIMING-23#50 Warning
Combinational loop found  
A timing loop has been detected on a combinational path. A timing arc has been disabled between design_1_i/top_0/inst/virus1/genblk1[0].vg/genblk1[29].ringOsc/out_INST_0/I0 and design_1_i/top_0/inst/virus1/genblk1[0].vg/genblk1[29].ringOsc/out_INST_0/O to disable the timing loop
Related violations: <none>

TIMING-23#51 Warning
Combinational loop found  
A timing loop has been detected on a combinational path. A timing arc has been disabled between design_1_i/top_0/inst/virus1/genblk1[0].vg/genblk1[2].ringOsc/out_INST_0/I0 and design_1_i/top_0/inst/virus1/genblk1[0].vg/genblk1[2].ringOsc/out_INST_0/O to disable the timing loop
Related violations: <none>

TIMING-23#52 Warning
Combinational loop found  
A timing loop has been detected on a combinational path. A timing arc has been disabled between design_1_i/top_0/inst/virus1/genblk1[0].vg/genblk1[30].ringOsc/out_INST_0/I0 and design_1_i/top_0/inst/virus1/genblk1[0].vg/genblk1[30].ringOsc/out_INST_0/O to disable the timing loop
Related violations: <none>

TIMING-23#53 Warning
Combinational loop found  
A timing loop has been detected on a combinational path. A timing arc has been disabled between design_1_i/top_0/inst/virus1/genblk1[0].vg/genblk1[31].ringOsc/out_INST_0/I0 and design_1_i/top_0/inst/virus1/genblk1[0].vg/genblk1[31].ringOsc/out_INST_0/O to disable the timing loop
Related violations: <none>

TIMING-23#54 Warning
Combinational loop found  
A timing loop has been detected on a combinational path. A timing arc has been disabled between design_1_i/top_0/inst/virus1/genblk1[0].vg/genblk1[32].ringOsc/out_INST_0/I0 and design_1_i/top_0/inst/virus1/genblk1[0].vg/genblk1[32].ringOsc/out_INST_0/O to disable the timing loop
Related violations: <none>

TIMING-23#55 Warning
Combinational loop found  
A timing loop has been detected on a combinational path. A timing arc has been disabled between design_1_i/top_0/inst/virus1/genblk1[0].vg/genblk1[33].ringOsc/out_INST_0/I0 and design_1_i/top_0/inst/virus1/genblk1[0].vg/genblk1[33].ringOsc/out_INST_0/O to disable the timing loop
Related violations: <none>

TIMING-23#56 Warning
Combinational loop found  
A timing loop has been detected on a combinational path. A timing arc has been disabled between design_1_i/top_0/inst/virus1/genblk1[0].vg/genblk1[34].ringOsc/out_INST_0/I0 and design_1_i/top_0/inst/virus1/genblk1[0].vg/genblk1[34].ringOsc/out_INST_0/O to disable the timing loop
Related violations: <none>

TIMING-23#57 Warning
Combinational loop found  
A timing loop has been detected on a combinational path. A timing arc has been disabled between design_1_i/top_0/inst/virus1/genblk1[0].vg/genblk1[35].ringOsc/out_INST_0/I0 and design_1_i/top_0/inst/virus1/genblk1[0].vg/genblk1[35].ringOsc/out_INST_0/O to disable the timing loop
Related violations: <none>

TIMING-23#58 Warning
Combinational loop found  
A timing loop has been detected on a combinational path. A timing arc has been disabled between design_1_i/top_0/inst/virus1/genblk1[0].vg/genblk1[36].ringOsc/out_INST_0/I0 and design_1_i/top_0/inst/virus1/genblk1[0].vg/genblk1[36].ringOsc/out_INST_0/O to disable the timing loop
Related violations: <none>

TIMING-23#59 Warning
Combinational loop found  
A timing loop has been detected on a combinational path. A timing arc has been disabled between design_1_i/top_0/inst/virus1/genblk1[0].vg/genblk1[37].ringOsc/out_INST_0/I0 and design_1_i/top_0/inst/virus1/genblk1[0].vg/genblk1[37].ringOsc/out_INST_0/O to disable the timing loop
Related violations: <none>

TIMING-23#60 Warning
Combinational loop found  
A timing loop has been detected on a combinational path. A timing arc has been disabled between design_1_i/top_0/inst/virus1/genblk1[0].vg/genblk1[38].ringOsc/out_INST_0/I0 and design_1_i/top_0/inst/virus1/genblk1[0].vg/genblk1[38].ringOsc/out_INST_0/O to disable the timing loop
Related violations: <none>

TIMING-23#61 Warning
Combinational loop found  
A timing loop has been detected on a combinational path. A timing arc has been disabled between design_1_i/top_0/inst/virus1/genblk1[0].vg/genblk1[39].ringOsc/out_INST_0/I0 and design_1_i/top_0/inst/virus1/genblk1[0].vg/genblk1[39].ringOsc/out_INST_0/O to disable the timing loop
Related violations: <none>

TIMING-23#62 Warning
Combinational loop found  
A timing loop has been detected on a combinational path. A timing arc has been disabled between design_1_i/top_0/inst/virus1/genblk1[0].vg/genblk1[3].ringOsc/out_INST_0/I0 and design_1_i/top_0/inst/virus1/genblk1[0].vg/genblk1[3].ringOsc/out_INST_0/O to disable the timing loop
Related violations: <none>

TIMING-23#63 Warning
Combinational loop found  
A timing loop has been detected on a combinational path. A timing arc has been disabled between design_1_i/top_0/inst/virus1/genblk1[0].vg/genblk1[40].ringOsc/out_INST_0/I0 and design_1_i/top_0/inst/virus1/genblk1[0].vg/genblk1[40].ringOsc/out_INST_0/O to disable the timing loop
Related violations: <none>

TIMING-23#64 Warning
Combinational loop found  
A timing loop has been detected on a combinational path. A timing arc has been disabled between design_1_i/top_0/inst/virus1/genblk1[0].vg/genblk1[41].ringOsc/out_INST_0/I0 and design_1_i/top_0/inst/virus1/genblk1[0].vg/genblk1[41].ringOsc/out_INST_0/O to disable the timing loop
Related violations: <none>

TIMING-23#65 Warning
Combinational loop found  
A timing loop has been detected on a combinational path. A timing arc has been disabled between design_1_i/top_0/inst/virus1/genblk1[0].vg/genblk1[42].ringOsc/out_INST_0/I0 and design_1_i/top_0/inst/virus1/genblk1[0].vg/genblk1[42].ringOsc/out_INST_0/O to disable the timing loop
Related violations: <none>

TIMING-23#66 Warning
Combinational loop found  
A timing loop has been detected on a combinational path. A timing arc has been disabled between design_1_i/top_0/inst/virus1/genblk1[0].vg/genblk1[43].ringOsc/out_INST_0/I0 and design_1_i/top_0/inst/virus1/genblk1[0].vg/genblk1[43].ringOsc/out_INST_0/O to disable the timing loop
Related violations: <none>

TIMING-23#67 Warning
Combinational loop found  
A timing loop has been detected on a combinational path. A timing arc has been disabled between design_1_i/top_0/inst/virus1/genblk1[0].vg/genblk1[44].ringOsc/out_INST_0/I0 and design_1_i/top_0/inst/virus1/genblk1[0].vg/genblk1[44].ringOsc/out_INST_0/O to disable the timing loop
Related violations: <none>

TIMING-23#68 Warning
Combinational loop found  
A timing loop has been detected on a combinational path. A timing arc has been disabled between design_1_i/top_0/inst/virus1/genblk1[0].vg/genblk1[45].ringOsc/out_INST_0/I0 and design_1_i/top_0/inst/virus1/genblk1[0].vg/genblk1[45].ringOsc/out_INST_0/O to disable the timing loop
Related violations: <none>

TIMING-23#69 Warning
Combinational loop found  
A timing loop has been detected on a combinational path. A timing arc has been disabled between design_1_i/top_0/inst/virus1/genblk1[0].vg/genblk1[46].ringOsc/out_INST_0/I0 and design_1_i/top_0/inst/virus1/genblk1[0].vg/genblk1[46].ringOsc/out_INST_0/O to disable the timing loop
Related violations: <none>

TIMING-23#70 Warning
Combinational loop found  
A timing loop has been detected on a combinational path. A timing arc has been disabled between design_1_i/top_0/inst/virus1/genblk1[0].vg/genblk1[47].ringOsc/out_INST_0/I0 and design_1_i/top_0/inst/virus1/genblk1[0].vg/genblk1[47].ringOsc/out_INST_0/O to disable the timing loop
Related violations: <none>

TIMING-23#71 Warning
Combinational loop found  
A timing loop has been detected on a combinational path. A timing arc has been disabled between design_1_i/top_0/inst/virus1/genblk1[0].vg/genblk1[48].ringOsc/out_INST_0/I0 and design_1_i/top_0/inst/virus1/genblk1[0].vg/genblk1[48].ringOsc/out_INST_0/O to disable the timing loop
Related violations: <none>

TIMING-23#72 Warning
Combinational loop found  
A timing loop has been detected on a combinational path. A timing arc has been disabled between design_1_i/top_0/inst/virus1/genblk1[0].vg/genblk1[49].ringOsc/out_INST_0/I0 and design_1_i/top_0/inst/virus1/genblk1[0].vg/genblk1[49].ringOsc/out_INST_0/O to disable the timing loop
Related violations: <none>

TIMING-23#73 Warning
Combinational loop found  
A timing loop has been detected on a combinational path. A timing arc has been disabled between design_1_i/top_0/inst/virus1/genblk1[0].vg/genblk1[4].ringOsc/out_INST_0/I0 and design_1_i/top_0/inst/virus1/genblk1[0].vg/genblk1[4].ringOsc/out_INST_0/O to disable the timing loop
Related violations: <none>

TIMING-23#74 Warning
Combinational loop found  
A timing loop has been detected on a combinational path. A timing arc has been disabled between design_1_i/top_0/inst/virus1/genblk1[0].vg/genblk1[50].ringOsc/out_INST_0/I0 and design_1_i/top_0/inst/virus1/genblk1[0].vg/genblk1[50].ringOsc/out_INST_0/O to disable the timing loop
Related violations: <none>

TIMING-23#75 Warning
Combinational loop found  
A timing loop has been detected on a combinational path. A timing arc has been disabled between design_1_i/top_0/inst/virus1/genblk1[0].vg/genblk1[51].ringOsc/out_INST_0/I0 and design_1_i/top_0/inst/virus1/genblk1[0].vg/genblk1[51].ringOsc/out_INST_0/O to disable the timing loop
Related violations: <none>

TIMING-23#76 Warning
Combinational loop found  
A timing loop has been detected on a combinational path. A timing arc has been disabled between design_1_i/top_0/inst/virus1/genblk1[0].vg/genblk1[52].ringOsc/out_INST_0/I0 and design_1_i/top_0/inst/virus1/genblk1[0].vg/genblk1[52].ringOsc/out_INST_0/O to disable the timing loop
Related violations: <none>

TIMING-23#77 Warning
Combinational loop found  
A timing loop has been detected on a combinational path. A timing arc has been disabled between design_1_i/top_0/inst/virus1/genblk1[0].vg/genblk1[53].ringOsc/out_INST_0/I0 and design_1_i/top_0/inst/virus1/genblk1[0].vg/genblk1[53].ringOsc/out_INST_0/O to disable the timing loop
Related violations: <none>

TIMING-23#78 Warning
Combinational loop found  
A timing loop has been detected on a combinational path. A timing arc has been disabled between design_1_i/top_0/inst/virus1/genblk1[0].vg/genblk1[54].ringOsc/out_INST_0/I0 and design_1_i/top_0/inst/virus1/genblk1[0].vg/genblk1[54].ringOsc/out_INST_0/O to disable the timing loop
Related violations: <none>

TIMING-23#79 Warning
Combinational loop found  
A timing loop has been detected on a combinational path. A timing arc has been disabled between design_1_i/top_0/inst/virus1/genblk1[0].vg/genblk1[55].ringOsc/out_INST_0/I0 and design_1_i/top_0/inst/virus1/genblk1[0].vg/genblk1[55].ringOsc/out_INST_0/O to disable the timing loop
Related violations: <none>

TIMING-23#80 Warning
Combinational loop found  
A timing loop has been detected on a combinational path. A timing arc has been disabled between design_1_i/top_0/inst/virus1/genblk1[0].vg/genblk1[56].ringOsc/out_INST_0/I0 and design_1_i/top_0/inst/virus1/genblk1[0].vg/genblk1[56].ringOsc/out_INST_0/O to disable the timing loop
Related violations: <none>

TIMING-23#81 Warning
Combinational loop found  
A timing loop has been detected on a combinational path. A timing arc has been disabled between design_1_i/top_0/inst/virus1/genblk1[0].vg/genblk1[57].ringOsc/out_INST_0/I0 and design_1_i/top_0/inst/virus1/genblk1[0].vg/genblk1[57].ringOsc/out_INST_0/O to disable the timing loop
Related violations: <none>

TIMING-23#82 Warning
Combinational loop found  
A timing loop has been detected on a combinational path. A timing arc has been disabled between design_1_i/top_0/inst/virus1/genblk1[0].vg/genblk1[58].ringOsc/out_INST_0/I0 and design_1_i/top_0/inst/virus1/genblk1[0].vg/genblk1[58].ringOsc/out_INST_0/O to disable the timing loop
Related violations: <none>

TIMING-23#83 Warning
Combinational loop found  
A timing loop has been detected on a combinational path. A timing arc has been disabled between design_1_i/top_0/inst/virus1/genblk1[0].vg/genblk1[59].ringOsc/out_INST_0/I0 and design_1_i/top_0/inst/virus1/genblk1[0].vg/genblk1[59].ringOsc/out_INST_0/O to disable the timing loop
Related violations: <none>

TIMING-23#84 Warning
Combinational loop found  
A timing loop has been detected on a combinational path. A timing arc has been disabled between design_1_i/top_0/inst/virus1/genblk1[0].vg/genblk1[5].ringOsc/out_INST_0/I0 and design_1_i/top_0/inst/virus1/genblk1[0].vg/genblk1[5].ringOsc/out_INST_0/O to disable the timing loop
Related violations: <none>

TIMING-23#85 Warning
Combinational loop found  
A timing loop has been detected on a combinational path. A timing arc has been disabled between design_1_i/top_0/inst/virus1/genblk1[0].vg/genblk1[60].ringOsc/out_INST_0/I0 and design_1_i/top_0/inst/virus1/genblk1[0].vg/genblk1[60].ringOsc/out_INST_0/O to disable the timing loop
Related violations: <none>

TIMING-23#86 Warning
Combinational loop found  
A timing loop has been detected on a combinational path. A timing arc has been disabled between design_1_i/top_0/inst/virus1/genblk1[0].vg/genblk1[61].ringOsc/out_INST_0/I0 and design_1_i/top_0/inst/virus1/genblk1[0].vg/genblk1[61].ringOsc/out_INST_0/O to disable the timing loop
Related violations: <none>

TIMING-23#87 Warning
Combinational loop found  
A timing loop has been detected on a combinational path. A timing arc has been disabled between design_1_i/top_0/inst/virus1/genblk1[0].vg/genblk1[62].ringOsc/out_INST_0/I0 and design_1_i/top_0/inst/virus1/genblk1[0].vg/genblk1[62].ringOsc/out_INST_0/O to disable the timing loop
Related violations: <none>

TIMING-23#88 Warning
Combinational loop found  
A timing loop has been detected on a combinational path. A timing arc has been disabled between design_1_i/top_0/inst/virus1/genblk1[0].vg/genblk1[63].ringOsc/out_INST_0/I0 and design_1_i/top_0/inst/virus1/genblk1[0].vg/genblk1[63].ringOsc/out_INST_0/O to disable the timing loop
Related violations: <none>

TIMING-23#89 Warning
Combinational loop found  
A timing loop has been detected on a combinational path. A timing arc has been disabled between design_1_i/top_0/inst/virus1/genblk1[0].vg/genblk1[64].ringOsc/out_INST_0/I0 and design_1_i/top_0/inst/virus1/genblk1[0].vg/genblk1[64].ringOsc/out_INST_0/O to disable the timing loop
Related violations: <none>

TIMING-23#90 Warning
Combinational loop found  
A timing loop has been detected on a combinational path. A timing arc has been disabled between design_1_i/top_0/inst/virus1/genblk1[0].vg/genblk1[65].ringOsc/out_INST_0/I0 and design_1_i/top_0/inst/virus1/genblk1[0].vg/genblk1[65].ringOsc/out_INST_0/O to disable the timing loop
Related violations: <none>

TIMING-23#91 Warning
Combinational loop found  
A timing loop has been detected on a combinational path. A timing arc has been disabled between design_1_i/top_0/inst/virus1/genblk1[0].vg/genblk1[66].ringOsc/out_INST_0/I0 and design_1_i/top_0/inst/virus1/genblk1[0].vg/genblk1[66].ringOsc/out_INST_0/O to disable the timing loop
Related violations: <none>

TIMING-23#92 Warning
Combinational loop found  
A timing loop has been detected on a combinational path. A timing arc has been disabled between design_1_i/top_0/inst/virus1/genblk1[0].vg/genblk1[67].ringOsc/out_INST_0/I0 and design_1_i/top_0/inst/virus1/genblk1[0].vg/genblk1[67].ringOsc/out_INST_0/O to disable the timing loop
Related violations: <none>

TIMING-23#93 Warning
Combinational loop found  
A timing loop has been detected on a combinational path. A timing arc has been disabled between design_1_i/top_0/inst/virus1/genblk1[0].vg/genblk1[68].ringOsc/out_INST_0/I0 and design_1_i/top_0/inst/virus1/genblk1[0].vg/genblk1[68].ringOsc/out_INST_0/O to disable the timing loop
Related violations: <none>

TIMING-23#94 Warning
Combinational loop found  
A timing loop has been detected on a combinational path. A timing arc has been disabled between design_1_i/top_0/inst/virus1/genblk1[0].vg/genblk1[69].ringOsc/out_INST_0/I0 and design_1_i/top_0/inst/virus1/genblk1[0].vg/genblk1[69].ringOsc/out_INST_0/O to disable the timing loop
Related violations: <none>

TIMING-23#95 Warning
Combinational loop found  
A timing loop has been detected on a combinational path. A timing arc has been disabled between design_1_i/top_0/inst/virus1/genblk1[0].vg/genblk1[6].ringOsc/out_INST_0/I0 and design_1_i/top_0/inst/virus1/genblk1[0].vg/genblk1[6].ringOsc/out_INST_0/O to disable the timing loop
Related violations: <none>

TIMING-23#96 Warning
Combinational loop found  
A timing loop has been detected on a combinational path. A timing arc has been disabled between design_1_i/top_0/inst/virus1/genblk1[0].vg/genblk1[70].ringOsc/out_INST_0/I0 and design_1_i/top_0/inst/virus1/genblk1[0].vg/genblk1[70].ringOsc/out_INST_0/O to disable the timing loop
Related violations: <none>

TIMING-23#97 Warning
Combinational loop found  
A timing loop has been detected on a combinational path. A timing arc has been disabled between design_1_i/top_0/inst/virus1/genblk1[0].vg/genblk1[71].ringOsc/out_INST_0/I0 and design_1_i/top_0/inst/virus1/genblk1[0].vg/genblk1[71].ringOsc/out_INST_0/O to disable the timing loop
Related violations: <none>

TIMING-23#98 Warning
Combinational loop found  
A timing loop has been detected on a combinational path. A timing arc has been disabled between design_1_i/top_0/inst/virus1/genblk1[0].vg/genblk1[72].ringOsc/out_INST_0/I0 and design_1_i/top_0/inst/virus1/genblk1[0].vg/genblk1[72].ringOsc/out_INST_0/O to disable the timing loop
Related violations: <none>

TIMING-23#99 Warning
Combinational loop found  
A timing loop has been detected on a combinational path. A timing arc has been disabled between design_1_i/top_0/inst/virus1/genblk1[0].vg/genblk1[73].ringOsc/out_INST_0/I0 and design_1_i/top_0/inst/virus1/genblk1[0].vg/genblk1[73].ringOsc/out_INST_0/O to disable the timing loop
Related violations: <none>

TIMING-23#100 Warning
Combinational loop found  
A timing loop has been detected on a combinational path. A timing arc has been disabled between design_1_i/top_0/inst/virus1/genblk1[0].vg/genblk1[74].ringOsc/out_INST_0/I0 and design_1_i/top_0/inst/virus1/genblk1[0].vg/genblk1[74].ringOsc/out_INST_0/O to disable the timing loop
Related violations: <none>

TIMING-23#101 Warning
Combinational loop found  
A timing loop has been detected on a combinational path. A timing arc has been disabled between design_1_i/top_0/inst/virus1/genblk1[0].vg/genblk1[75].ringOsc/out_INST_0/I0 and design_1_i/top_0/inst/virus1/genblk1[0].vg/genblk1[75].ringOsc/out_INST_0/O to disable the timing loop
Related violations: <none>

TIMING-23#102 Warning
Combinational loop found  
A timing loop has been detected on a combinational path. A timing arc has been disabled between design_1_i/top_0/inst/virus1/genblk1[0].vg/genblk1[76].ringOsc/out_INST_0/I0 and design_1_i/top_0/inst/virus1/genblk1[0].vg/genblk1[76].ringOsc/out_INST_0/O to disable the timing loop
Related violations: <none>

TIMING-23#103 Warning
Combinational loop found  
A timing loop has been detected on a combinational path. A timing arc has been disabled between design_1_i/top_0/inst/virus1/genblk1[0].vg/genblk1[77].ringOsc/out_INST_0/I0 and design_1_i/top_0/inst/virus1/genblk1[0].vg/genblk1[77].ringOsc/out_INST_0/O to disable the timing loop
Related violations: <none>

TIMING-23#104 Warning
Combinational loop found  
A timing loop has been detected on a combinational path. A timing arc has been disabled between design_1_i/top_0/inst/virus1/genblk1[0].vg/genblk1[78].ringOsc/out_INST_0/I0 and design_1_i/top_0/inst/virus1/genblk1[0].vg/genblk1[78].ringOsc/out_INST_0/O to disable the timing loop
Related violations: <none>

TIMING-23#105 Warning
Combinational loop found  
A timing loop has been detected on a combinational path. A timing arc has been disabled between design_1_i/top_0/inst/virus1/genblk1[0].vg/genblk1[79].ringOsc/out_INST_0/I0 and design_1_i/top_0/inst/virus1/genblk1[0].vg/genblk1[79].ringOsc/out_INST_0/O to disable the timing loop
Related violations: <none>

TIMING-23#106 Warning
Combinational loop found  
A timing loop has been detected on a combinational path. A timing arc has been disabled between design_1_i/top_0/inst/virus1/genblk1[0].vg/genblk1[7].ringOsc/out_INST_0/I0 and design_1_i/top_0/inst/virus1/genblk1[0].vg/genblk1[7].ringOsc/out_INST_0/O to disable the timing loop
Related violations: <none>

TIMING-23#107 Warning
Combinational loop found  
A timing loop has been detected on a combinational path. A timing arc has been disabled between design_1_i/top_0/inst/virus1/genblk1[0].vg/genblk1[80].ringOsc/out_INST_0/I0 and design_1_i/top_0/inst/virus1/genblk1[0].vg/genblk1[80].ringOsc/out_INST_0/O to disable the timing loop
Related violations: <none>

TIMING-23#108 Warning
Combinational loop found  
A timing loop has been detected on a combinational path. A timing arc has been disabled between design_1_i/top_0/inst/virus1/genblk1[0].vg/genblk1[81].ringOsc/out_INST_0/I0 and design_1_i/top_0/inst/virus1/genblk1[0].vg/genblk1[81].ringOsc/out_INST_0/O to disable the timing loop
Related violations: <none>

TIMING-23#109 Warning
Combinational loop found  
A timing loop has been detected on a combinational path. A timing arc has been disabled between design_1_i/top_0/inst/virus1/genblk1[0].vg/genblk1[82].ringOsc/out_INST_0/I0 and design_1_i/top_0/inst/virus1/genblk1[0].vg/genblk1[82].ringOsc/out_INST_0/O to disable the timing loop
Related violations: <none>

TIMING-23#110 Warning
Combinational loop found  
A timing loop has been detected on a combinational path. A timing arc has been disabled between design_1_i/top_0/inst/virus1/genblk1[0].vg/genblk1[83].ringOsc/out_INST_0/I0 and design_1_i/top_0/inst/virus1/genblk1[0].vg/genblk1[83].ringOsc/out_INST_0/O to disable the timing loop
Related violations: <none>

TIMING-23#111 Warning
Combinational loop found  
A timing loop has been detected on a combinational path. A timing arc has been disabled between design_1_i/top_0/inst/virus1/genblk1[0].vg/genblk1[84].ringOsc/out_INST_0/I0 and design_1_i/top_0/inst/virus1/genblk1[0].vg/genblk1[84].ringOsc/out_INST_0/O to disable the timing loop
Related violations: <none>

TIMING-23#112 Warning
Combinational loop found  
A timing loop has been detected on a combinational path. A timing arc has been disabled between design_1_i/top_0/inst/virus1/genblk1[0].vg/genblk1[85].ringOsc/out_INST_0/I0 and design_1_i/top_0/inst/virus1/genblk1[0].vg/genblk1[85].ringOsc/out_INST_0/O to disable the timing loop
Related violations: <none>

TIMING-23#113 Warning
Combinational loop found  
A timing loop has been detected on a combinational path. A timing arc has been disabled between design_1_i/top_0/inst/virus1/genblk1[0].vg/genblk1[86].ringOsc/out_INST_0/I0 and design_1_i/top_0/inst/virus1/genblk1[0].vg/genblk1[86].ringOsc/out_INST_0/O to disable the timing loop
Related violations: <none>

TIMING-23#114 Warning
Combinational loop found  
A timing loop has been detected on a combinational path. A timing arc has been disabled between design_1_i/top_0/inst/virus1/genblk1[0].vg/genblk1[87].ringOsc/out_INST_0/I0 and design_1_i/top_0/inst/virus1/genblk1[0].vg/genblk1[87].ringOsc/out_INST_0/O to disable the timing loop
Related violations: <none>

TIMING-23#115 Warning
Combinational loop found  
A timing loop has been detected on a combinational path. A timing arc has been disabled between design_1_i/top_0/inst/virus1/genblk1[0].vg/genblk1[88].ringOsc/out_INST_0/I0 and design_1_i/top_0/inst/virus1/genblk1[0].vg/genblk1[88].ringOsc/out_INST_0/O to disable the timing loop
Related violations: <none>

TIMING-23#116 Warning
Combinational loop found  
A timing loop has been detected on a combinational path. A timing arc has been disabled between design_1_i/top_0/inst/virus1/genblk1[0].vg/genblk1[89].ringOsc/out_INST_0/I0 and design_1_i/top_0/inst/virus1/genblk1[0].vg/genblk1[89].ringOsc/out_INST_0/O to disable the timing loop
Related violations: <none>

TIMING-23#117 Warning
Combinational loop found  
A timing loop has been detected on a combinational path. A timing arc has been disabled between design_1_i/top_0/inst/virus1/genblk1[0].vg/genblk1[8].ringOsc/out_INST_0/I0 and design_1_i/top_0/inst/virus1/genblk1[0].vg/genblk1[8].ringOsc/out_INST_0/O to disable the timing loop
Related violations: <none>

TIMING-23#118 Warning
Combinational loop found  
A timing loop has been detected on a combinational path. A timing arc has been disabled between design_1_i/top_0/inst/virus1/genblk1[0].vg/genblk1[90].ringOsc/out_INST_0/I0 and design_1_i/top_0/inst/virus1/genblk1[0].vg/genblk1[90].ringOsc/out_INST_0/O to disable the timing loop
Related violations: <none>

TIMING-23#119 Warning
Combinational loop found  
A timing loop has been detected on a combinational path. A timing arc has been disabled between design_1_i/top_0/inst/virus1/genblk1[0].vg/genblk1[91].ringOsc/out_INST_0/I0 and design_1_i/top_0/inst/virus1/genblk1[0].vg/genblk1[91].ringOsc/out_INST_0/O to disable the timing loop
Related violations: <none>

TIMING-23#120 Warning
Combinational loop found  
A timing loop has been detected on a combinational path. A timing arc has been disabled between design_1_i/top_0/inst/virus1/genblk1[0].vg/genblk1[92].ringOsc/out_INST_0/I0 and design_1_i/top_0/inst/virus1/genblk1[0].vg/genblk1[92].ringOsc/out_INST_0/O to disable the timing loop
Related violations: <none>

TIMING-23#121 Warning
Combinational loop found  
A timing loop has been detected on a combinational path. A timing arc has been disabled between design_1_i/top_0/inst/virus1/genblk1[0].vg/genblk1[93].ringOsc/out_INST_0/I0 and design_1_i/top_0/inst/virus1/genblk1[0].vg/genblk1[93].ringOsc/out_INST_0/O to disable the timing loop
Related violations: <none>

TIMING-23#122 Warning
Combinational loop found  
A timing loop has been detected on a combinational path. A timing arc has been disabled between design_1_i/top_0/inst/virus1/genblk1[0].vg/genblk1[94].ringOsc/out_INST_0/I0 and design_1_i/top_0/inst/virus1/genblk1[0].vg/genblk1[94].ringOsc/out_INST_0/O to disable the timing loop
Related violations: <none>

TIMING-23#123 Warning
Combinational loop found  
A timing loop has been detected on a combinational path. A timing arc has been disabled between design_1_i/top_0/inst/virus1/genblk1[0].vg/genblk1[95].ringOsc/out_INST_0/I0 and design_1_i/top_0/inst/virus1/genblk1[0].vg/genblk1[95].ringOsc/out_INST_0/O to disable the timing loop
Related violations: <none>

TIMING-23#124 Warning
Combinational loop found  
A timing loop has been detected on a combinational path. A timing arc has been disabled between design_1_i/top_0/inst/virus1/genblk1[0].vg/genblk1[96].ringOsc/out_INST_0/I0 and design_1_i/top_0/inst/virus1/genblk1[0].vg/genblk1[96].ringOsc/out_INST_0/O to disable the timing loop
Related violations: <none>

TIMING-23#125 Warning
Combinational loop found  
A timing loop has been detected on a combinational path. A timing arc has been disabled between design_1_i/top_0/inst/virus1/genblk1[0].vg/genblk1[97].ringOsc/out_INST_0/I0 and design_1_i/top_0/inst/virus1/genblk1[0].vg/genblk1[97].ringOsc/out_INST_0/O to disable the timing loop
Related violations: <none>

TIMING-23#126 Warning
Combinational loop found  
A timing loop has been detected on a combinational path. A timing arc has been disabled between design_1_i/top_0/inst/virus1/genblk1[0].vg/genblk1[98].ringOsc/out_INST_0/I0 and design_1_i/top_0/inst/virus1/genblk1[0].vg/genblk1[98].ringOsc/out_INST_0/O to disable the timing loop
Related violations: <none>

TIMING-23#127 Warning
Combinational loop found  
A timing loop has been detected on a combinational path. A timing arc has been disabled between design_1_i/top_0/inst/virus1/genblk1[0].vg/genblk1[99].ringOsc/out_INST_0/I0 and design_1_i/top_0/inst/virus1/genblk1[0].vg/genblk1[99].ringOsc/out_INST_0/O to disable the timing loop
Related violations: <none>

TIMING-23#128 Warning
Combinational loop found  
A timing loop has been detected on a combinational path. A timing arc has been disabled between design_1_i/top_0/inst/virus1/genblk1[0].vg/genblk1[9].ringOsc/out_INST_0/I0 and design_1_i/top_0/inst/virus1/genblk1[0].vg/genblk1[9].ringOsc/out_INST_0/O to disable the timing loop
Related violations: <none>


